Archive member included to satisfy reference by file (symbol)

/opt/devkitpro/libnds/lib/libnds9.a(sprite_alloc.o)
                              graphics.o (oamAllocateGfx)
/opt/devkitpro/libnds/lib/libnds9.a(videoGL.o)
                              main.o (glGlobalData)
/opt/devkitpro/libnds/lib/libnds9.a(sprite.o)
                              graphics.o (oamInit)
/opt/devkitpro/libnds/lib/libnds9.a(keys.o)
                              main.o (scanKeys)
/opt/devkitpro/libnds/lib/libnds9.a(initSystem.o)
                              /opt/devkitpro/devkitARM/bin/../lib/gcc/arm-none-eabi/13.2.0/../../../../arm-none-eabi/lib/thumb/ds_arm9_crt0.o (initSystem)
/opt/devkitpro/libnds/lib/libnds9.a(securearea.o)
                              /opt/devkitpro/devkitARM/bin/../lib/gcc/arm-none-eabi/13.2.0/../../../../arm-none-eabi/lib/thumb/ds_arm9_crt0.o (__secure_area__)
/opt/devkitpro/libnds/lib/libnds9.a(interrupts.o)
                              main.o (irqSet)
/opt/devkitpro/libnds/lib/libnds9.a(libnds_exit.arm.o)
                              /opt/devkitpro/devkitARM/bin/../lib/gcc/arm-none-eabi/13.2.0/../../../../arm-none-eabi/lib/thumb/ds_arm9_crt0.o (__libnds_exit)
/opt/devkitpro/libnds/lib/libnds9.a(fifosystem.o)
                              /opt/devkitpro/libnds/lib/libnds9.a(initSystem.o) (fifoSetValue32Handler)
/opt/devkitpro/libnds/lib/libnds9.a(dcache.o)
                              /opt/devkitpro/libnds/lib/libnds9.a(sprite.o) (DC_FlushRange)
/opt/devkitpro/libnds/lib/libnds9.a(mpu_setup.o)
                              /opt/devkitpro/devkitARM/bin/../lib/gcc/arm-none-eabi/13.2.0/../../../../arm-none-eabi/lib/thumb/ds_arm9_crt0.o (__libnds_mpu_setup)
/opt/devkitpro/libnds/lib/libnds9.a(IntrWait.o)
                              graphics.o (swiWaitForVBlank)
/opt/devkitpro/libnds/lib/libnds9.a(cpu_clock.o)
                              /opt/devkitpro/libnds/lib/libnds9.a(initSystem.o) (setCpuClock)
/opt/devkitpro/libnds/lib/libnds9.a(interruptDispatcher.o)
                              /opt/devkitpro/libnds/lib/libnds9.a(interrupts.o) (IntrMain)
/opt/devkitpro/libnds/lib/libnds9.a(biosCalls.o)
                              graphics.o (swiCopy)
/opt/devkitpro/libnds/lib/libnds9.a(swiSoftReset.o)
                              /opt/devkitpro/libnds/lib/libnds9.a(fifosystem.o) (swiSoftReset)
/opt/devkitpro/libnds/lib/libnds9.a(dynamicArray.o)
                              /opt/devkitpro/libnds/lib/libnds9.a(videoGL.o) (DynamicArrayInit)
/opt/devkitpro/libnds/lib/libnds9.a(trig.o)
                              /opt/devkitpro/libnds/lib/libnds9.a(videoGL.o) (sinLerp)
/opt/devkitpro/libnds/lib/libnds9.a(video.o)
                              /opt/devkitpro/libnds/lib/libnds9.a(videoGL.o) (vramSetBanks_EFG)
/opt/devkitpro/libnds/lib/libnds9.a(system.o)
                              /opt/devkitpro/libnds/lib/libnds9.a(initSystem.o) (systemValueHandler)
/opt/devkitpro/devkitARM/bin/../lib/gcc/arm-none-eabi/13.2.0/thumb/libgcc.a(_muldi3.o)
                              /opt/devkitpro/libnds/lib/libnds9.a(videoGL.o) (__aeabi_lmul)
/opt/devkitpro/devkitARM/bin/../lib/gcc/arm-none-eabi/13.2.0/../../../../arm-none-eabi/lib/thumb/libg.a(libc_a-printf.o)
                              main.o (printf)
/opt/devkitpro/devkitARM/bin/../lib/gcc/arm-none-eabi/13.2.0/../../../../arm-none-eabi/lib/thumb/libg.a(libc_a-puts.o)
                              main.o (puts)
/opt/devkitpro/devkitARM/bin/../lib/gcc/arm-none-eabi/13.2.0/../../../../arm-none-eabi/lib/thumb/libg.a(libc_a-bsearch.o)
                              /opt/devkitpro/libnds/lib/libnds9.a(trig.o) (bsearch)
/opt/devkitpro/devkitARM/bin/../lib/gcc/arm-none-eabi/13.2.0/../../../../arm-none-eabi/lib/thumb/libg.a(libc_a-calloc.o)
                              /opt/devkitpro/libnds/lib/libnds9.a(videoGL.o) (calloc)
/opt/devkitpro/devkitARM/bin/../lib/gcc/arm-none-eabi/13.2.0/../../../../arm-none-eabi/lib/thumb/libg.a(libc_a-callocr.o)
                              /opt/devkitpro/devkitARM/bin/../lib/gcc/arm-none-eabi/13.2.0/../../../../arm-none-eabi/lib/thumb/libg.a(libc_a-calloc.o) (_calloc_r)
/opt/devkitpro/devkitARM/bin/../lib/gcc/arm-none-eabi/13.2.0/../../../../arm-none-eabi/lib/thumb/libg.a(libc_a-malloc.o)
                              /opt/devkitpro/libnds/lib/libnds9.a(sprite_alloc.o) (malloc)
/opt/devkitpro/devkitARM/bin/../lib/gcc/arm-none-eabi/13.2.0/../../../../arm-none-eabi/lib/thumb/libg.a(libc_a-mallocr.o)
                              /opt/devkitpro/devkitARM/bin/../lib/gcc/arm-none-eabi/13.2.0/../../../../arm-none-eabi/lib/thumb/libg.a(libc_a-callocr.o) (_malloc_r)
/opt/devkitpro/devkitARM/bin/../lib/gcc/arm-none-eabi/13.2.0/../../../../arm-none-eabi/lib/thumb/libg.a(libc_a-memset.o)
                              /opt/devkitpro/libnds/lib/libnds9.a(videoGL.o) (memset)
/opt/devkitpro/devkitARM/bin/../lib/gcc/arm-none-eabi/13.2.0/../../../../arm-none-eabi/lib/thumb/libg.a(libc_a-mlock.o)
[...]
Memory Configuration

Name             Origin             Length             Attributes
ewram            0x02000000         0x00380000
dtcm             0x02ff0000         0x00004000
vectors          0x01000000         0x00000100
itcm             0x01000100         0x00007f00
*default*        0x00000000         0xffffffff

Linker script and memory map

                0x02380000                        __ewram_end = (ORIGIN (ewram) + LENGTH (ewram))
                0x02380000                        __eheap_end = (ORIGIN (ewram) + LENGTH (ewram))
                0x02ff4000                        __dtcm_top = (ORIGIN (dtcm) + LENGTH (dtcm))
                0x02ff3ff8                        __irq_flags = (__dtcm_top - 0x8)
                0x02ff3ffc                        __irq_vector = (__dtcm_top - 0x4)
                0x02ff3f00                        __sp_svc = (__dtcm_top - 0x100)
                0x02ff3e00                        __sp_irq = (__sp_svc - 0x100)
                0x02ff3d00                        __sp_usr = (__sp_irq - 0x100)

.secure         0x02000000      0x800
 *(.secure)
 .secure        0x02000000      0x800 /opt/devkitpro/libnds/lib/libnds9.a(securearea.o)
                0x02000000                __secure_area__

.crt0           0x02000800      0x300
                0x02000800                        __text_start = .
 *(.crt0)
 .crt0          0x02000800      0x300 /opt/devkitpro/devkitARM/bin/../lib/gcc/arm-none-eabi/13.2.0/../../../../arm-none-eabi/lib/thumb/ds_arm9_crt0.o
                0x02000800                _start
                0x02000b00                        . = ALIGN (0x4)

.plt
 *(.plt)

.init           0x02000b00        0xc
 *(SORT_NONE(.init))
 .init          0x02000b00        0x4 /opt/devkitpro/devkitARM/bin/../lib/gcc/arm-none-eabi/13.2.0/thumb/crti.o
                0x02000b00                _init
 .init          0x02000b04        0x8 /opt/devkitpro/devkitARM/bin/../lib/gcc/arm-none-eabi/13.2.0/thumb/crtn.o

.text           0x02000b10     0xb270
 *(EXCLUDE_FILE(*.twl* *.vectors* *.itcm*) .text)
 .text          0x02000b10       0xe8 main.o
                0x02000b10                printState(GameState*)
                0x02000b70                physics_ISR()
                0x02000b84                main
 .text          0x02000bf8       0xc4 physics.o
                0x02000bf8                init_physics(GameState*)
                0x02000c34                fix_clipping(GameState*)
                0x02000c5a                check_collisions(GameState*)
                0x02000c64                update_physics(GameState*)
                0x02000c98                jump(GameState*)
 .text          0x02000cbc      0x1c8 graphics.o
                0x02000cbc                init_red_background
                0x02000d8c                init_dino_sprite
                0x02000df4                init_graphics
                0x02000e0c                update_sprite_graphics
                0x02000e70                update_graphics
 .text          0x02000e84        0x4 sound.o
                0x02000e84                init_sound
 .text          0x02000e88       0x14 /opt/devkitpro/devkitARM/bin/../lib/gcc/arm-none-eabi/13.2.0/thumb/libgcc.a(_thumb1_case_uqi.o)
                0x02000e88                __gnu_thumb1_case_uqi
 .text          0x02000e9c       0x14 /opt/devkitpro/devkitARM/bin/../lib/gcc/arm-none-eabi/13.2.0/thumb/libgcc.a(_thumb1_case_uhi.o)
                0x02000e9c                __gnu_thumb1_case_uhi
 .text          0x02000eb0      0x11c /opt/devkitpro/devkitARM/bin/../lib/gcc/arm-none-eabi/13.2.0/thumb/libgcc.a(_udivsi3.o)
                0x02000eb0                __udivsi3
                0x02000eb0                __aeabi_uidiv
                0x02000fac                __aeabi_uidivmod
 .text          0x02000fcc      0x150 /opt/devkitpro/devkitARM/bin/../lib/gcc/arm-none-eabi/13.2.0/thumb/libgcc.a(_divsi3.o)
                0x02000fcc                __aeabi_idiv
                0x02000fcc                __divsi3
                0x020010fc                __aeabi_idivmod
 .text          0x0200111c        0x4 /opt/devkitpro/devkitARM/bin/../lib/gcc/arm-none-eabi/13.2.0/thumb/libgcc.a(_dvmd_tls.o)
                0x0200111c                __aeabi_ldiv0
                0x0200111c                __aeabi_idiv0
 .text          0x02001120      0x424 /opt/devkitpro/devkitARM/bin/../lib/gcc/arm-none-eabi/13.2.0/thumb/libgcc.a(_arm_addsubdf3.o)
                0x02001120                __aeabi_drsub
                0x02001128                __subdf3
                0x02001128                __aeabi_dsub
                0x0200112c                __aeabi_dadd
                0x0200112c                __adddf3
                0x0200143c                __aeabi_ui2d
                0x0200143c                __floatunsidf
                0x02001460                __floatsidf
                0x02001460                __aeabi_i2d
                0x02001488                __extendsfdf2
                0x02001488                __aeabi_f2d
                0x020014d0                __aeabi_ul2d
                0x020014d0                __floatundidf
                0x020014e4                __aeabi_l2d
                0x020014e4                __floatdidf
 .text          0x02001544      0x49c /opt/devkitpro/devkitARM/bin/../lib/gcc/arm-none-eabi/13.2.0/thumb/libgcc.a(_arm_muldivdf3.o)
                0x02001544                __aeabi_dmul
                0x02001544                __muldf3
                0x020017d4                __aeabi_ddiv
                0x020017d4                __divdf3
 .text          0x020019e0      0x144 /opt/devkitpro/devkitARM/bin/../lib/gcc/arm-none-eabi/13.2.0/thumb/libgcc.a(_arm_cmpdf2.o)
                0x020019e0                __gedf2
                0x020019e0                __gtdf2
                0x020019e8                __ledf2
                0x020019e8                __ltdf2
                0x020019f0                __cmpdf2
                0x020019f0                __eqdf2
                0x020019f0                __nedf2
                0x02001a78                __aeabi_cdrcmple
                0x02001a94                __aeabi_cdcmple
                0x02001a94                __aeabi_cdcmpeq
                0x02001aac                __aeabi_dcmpeq
                0x02001ac4                __aeabi_dcmplt
                0x02001adc                __aeabi_dcmple
                0x02001af4                __aeabi_dcmpge
                0x02001b0c                __aeabi_dcmpgt
 .text          0x02001b24       0x38 /opt/devkitpro/devkitARM/bin/../lib/gcc/arm-none-eabi/13.2.0/thumb/libgcc.a(_arm_unorddf2.o)
                0x02001b24                __aeabi_dcmpun
                0x02001b24                __unorddf2
 .text          0x02001b5c       0x5c /opt/devkitpro/devkitARM/bin/../lib/gcc/arm-none-eabi/13.2.0/thumb/libgcc.a(_arm_fixdfsi.o)
                0x02001b5c                __fixdfsi
                0x02001b5c                __aeabi_d2iz
 .text          0x02001bb8       0x3c /opt/devkitpro/devkitARM/bin/../lib/gcc/arm-none-eabi/13.2.0/thumb/libgcc.a(_aeabi_uldivmod.o)
                0x02001bb8                __aeabi_uldivmod
 .text          0x02001bf4       0x28 /opt/devkitpro/devkitARM/bin/../lib/gcc/arm-none-eabi/13.2.0/thumb/libgcc.a(_clzdi2.o)
                0x02001bf4                __clzdi2
 .text          0x02001c1c       0x48 /opt/devkitpro/devkitARM/bin/../lib/gcc/arm-none-eabi/13.2.0/thumb/libgcc.a(_clzsi2.o)
                0x02001c1c                __clzsi2
 *(EXCLUDE_FILE(*.twl* *.vectors* *.itcm*) .stub)
 *(EXCLUDE_FILE(*.twl* *.vectors* *.itcm*) .text.*)
 .text.__do_global_dtors_aux
                0x02001c64       0x2c /opt/devkitpro/devkitARM/bin/../lib/gcc/arm-none-eabi/13.2.0/thumb/crtbegin.o
 .text.frame_dummy
                0x02001c90       0x24 /opt/devkitpro/devkitARM/bin/../lib/gcc/arm-none-eabi/13.2.0/thumb/crtbegin.o
 .text.oamAllocReset
                0x02001cb4       0x1c /opt/devkitpro/libnds/lib/libnds9.a(sprite_alloc.o)
                0x02001cb4                oamAllocReset
 .text.oamAllocateGfx
                0x02001cd0      0x50c /opt/devkitpro/libnds/lib/libnds9.a(sprite_alloc.o)
                0x02001cd0                oamAllocateGfx
 .text.oamInit  0x020021dc      0x114 /opt/devkitpro/libnds/lib/libnds9.a(sprite.o)
                0x020021dc                oamInit
 .text.oamGetGfxPtr
                0x020022f0       0x38 /opt/devkitpro/libnds/lib/libnds9.a(sprite.o)
                0x020022f0                oamGetGfxPtr
 .text.oamGfxPtrToOffset
                0x02002328       0x34 /opt/devkitpro/libnds/lib/libnds9.a(sprite.o)
                0x02002328                oamGfxPtrToOffset
 .text.oamSet   0x0200235c      0x104 /opt/devkitpro/libnds/lib/libnds9.a(sprite.o)
                0x0200235c                oamSet
 .text.oamUpdate
                0x02002460       0x60 /opt/devkitpro/libnds/lib/libnds9.a(sprite.o)
                0x02002460                oamUpdate
 .text.scanKeys
                0x020024c0       0x8c /opt/devkitpro/libnds/lib/libnds9.a(keys.o)
                0x020024c0                scanKeys
 .text.keysHeld
                0x0200254c        0xc /opt/devkitpro/libnds/lib/libnds9.a(keys.o)
                0x0200254c                keysHeld
 .text.__syscall_exit
                0x02002558        0x8 /opt/devkitpro/libnds/lib/libnds9.a(initSystem.o)
                0x02002558                __syscall_exit
 .text.initSystem
                0x02002560      0x180 /opt/devkitpro/libnds/lib/libnds9.a(initSystem.o)
                0x02002560                initSystem
 .text.irqDummy
                0x020026e0        0x4 /opt/devkitpro/libnds/lib/libnds9.a(interrupts.o)
                0x020026e0                irqDummy
 .text.irqSet   0x020026e4       0x6c /opt/devkitpro/libnds/lib/libnds9.a(interrupts.o)
                0x020026e4                irqSet
 .text.irqInit  0x02002750       0x50 /opt/devkitpro/libnds/lib/libnds9.a(interrupts.o)
                0x02002750                irqInit
 .text.irqEnable
                0x020027a0       0x64 /opt/devkitpro/libnds/lib/libnds9.a(interrupts.o)
                0x020027a0                irqEnable
 .text.systemErrorExit
                0x02002804        0x4 /opt/devkitpro/libnds/lib/libnds9.a(libnds_exit.arm.o)
                0x02002804                systemErrorExit
 .text.__libnds_exit
                0x02002808       0x5c /opt/devkitpro/libnds/lib/libnds9.a(libnds_exit.arm.o)
                0x02002808                __libnds_exit
 .text.fifo_queueBlock
                0x02002864       0x44 /opt/devkitpro/libnds/lib/libnds9.a(fifosystem.o)
 .text.fifo_waitBlock
                0x020028a8       0x80 /opt/devkitpro/libnds/lib/libnds9.a(fifosystem.o)
 .text.fifoInternalSend.part.0
                0x02002928       0xd4 /opt/devkitpro/libnds/lib/libnds9.a(fifosystem.o)
 .text.fifoInternalSendInterrupt
                0x020029fc       0xb0 /opt/devkitpro/libnds/lib/libnds9.a(fifosystem.o)
 .text.fifoSetValue32Handler
                0x02002aac       0xd4 /opt/devkitpro/libnds/lib/libnds9.a(fifosystem.o)
                0x02002aac                fifoSetValue32Handler
 .text.fifoSendValue32
                0x02002b80       0x4c /opt/devkitpro/libnds/lib/libnds9.a(fifosystem.o)
                0x02002b80                fifoSendValue32
 .text.fifoGetDatamsg
                0x02002bcc       0xf4 /opt/devkitpro/libnds/lib/libnds9.a(fifosystem.o)
                0x02002bcc                fifoGetDatamsg
 .text.fifoInternalRecvInterrupt
                0x02002cc0      0x37c /opt/devkitpro/libnds/lib/libnds9.a(fifosystem.o)
 .text.fifoSetDatamsgHandler
                0x0200303c       0x9c /opt/devkitpro/libnds/lib/libnds9.a(fifosystem.o)
                0x0200303c                fifoSetDatamsgHandler
 .text.fifoInit
                0x020030d8      0x108 /opt/devkitpro/libnds/lib/libnds9.a(fifosystem.o)
                0x020030d8                fifoInit
 .text.DC_FlushRange
                0x020031e0       0x24 /opt/devkitpro/libnds/lib/libnds9.a(dcache.o)
                0x020031e0                DC_FlushRange
 .text.__libnds_mpu_setup
                0x02003204      0x174 /opt/devkitpro/libnds/lib/libnds9.a(mpu_setup.o)
                0x02003204                __libnds_mpu_setup
 .text.memUncached
                0x02003378       0x20 /opt/devkitpro/libnds/lib/libnds9.a(mpu_setup.o)
                0x02003378                memUncached
 .text.swiWaitForVBlank
                0x02003398        0x8 /opt/devkitpro/libnds/lib/libnds9.a(IntrWait.o)
                0x02003398                swiWaitForVBlank
 .text.swiIntrWait
                0x020033a0       0x70 /opt/devkitpro/libnds/lib/libnds9.a(IntrWait.o)
                0x020033a0                swiIntrWait
 .text.setCpuClock
                0x02003410       0x50 /opt/devkitpro/libnds/lib/libnds9.a(cpu_clock.o)
                0x02003410                setCpuClock
 .text.swiDelay
                0x02003460        0x4 /opt/devkitpro/libnds/lib/libnds9.a(biosCalls.o)
                0x02003460                swiDelay
 .text.swiCopy  0x02003464        0x4 /opt/devkitpro/libnds/lib/libnds9.a(biosCalls.o)
                0x02003464                swiCopy
 .text.swiSoftReset
                0x02003468       0x2c /opt/devkitpro/libnds/lib/libnds9.a(swiSoftReset.o)
                0x02003468                swiSoftReset
 .text.vramDefault
                0x02003494       0xd0 /opt/devkitpro/libnds/lib/libnds9.a(video.o)
                0x02003494                vramDefault
 .text.systemValueHandler
                0x02003564       0x48 /opt/devkitpro/libnds/lib/libnds9.a(system.o)
                0x02003564                systemValueHandler
 .text.systemMsgHandler
                0x020035ac       0x60 /opt/devkitpro/libnds/lib/libnds9.a(system.o)
                0x020035ac                systemMsgHandler
 .text.powerOn  0x0200360c       0x2c /opt/devkitpro/libnds/lib/libnds9.a(system.o)
                0x0200360c                powerOn
 .text.printf   0x02003638       0x24 /opt/devkitpro/devkitARM/bin/../lib/gcc/arm-none-eabi/13.2.0/../../../../arm-none-eabi/lib/thumb/libg.a(libc_a-printf.o)
                0x02003638                printf
 .text._puts_r  0x0200365c       0x88 /opt/devkitpro/devkitARM/bin/../lib/gcc/arm-none-eabi/13.2.0/../../../../arm-none-eabi/lib/thumb/libg.a(libc_a-puts.o)
                0x0200365c                _puts_r
 .text.puts     0x020036e4       0x14 /opt/devkitpro/devkitARM/bin/../lib/gcc/arm-none-eabi/13.2.0/../../../../arm-none-eabi/lib/thumb/libg.a(libc_a-puts.o)
                0x020036e4                puts
 .text._calloc_r
                0x020036f8       0xb8 /opt/devkitpro/devkitARM/bin/../lib/gcc/arm-none-eabi/13.2.0/../../../../arm-none-eabi/lib/thumb/libg.a(libc_a-callocr.o)
                0x020036f8                _calloc_r
 .text.malloc   0x020037b0       0x14 /opt/devkitpro/devkitARM/bin/../lib/gcc/arm-none-eabi/13.2.0/../../../../arm-none-eabi/lib/thumb/libg.a(libc_a-malloc.o)
                0x020037b0                malloc
 .text.free     0x020037c4       0x14 /opt/devkitpro/devkitARM/bin/../lib/gcc/arm-none-eabi/13.2.0/../../../../arm-none-eabi/lib/thumb/libg.a(libc_a-malloc.o)
                0x020037c4                free
 .text._malloc_r
                0x020037d8      0x558 /opt/devkitpro/devkitARM/bin/../lib/gcc/arm-none-eabi/13.2.0/../../../../arm-none-eabi/lib/thumb/libg.a(libc_a-mallocr.o)
                0x020037d8                _malloc_r
 .text.memset   0x02003d30       0xb0 /opt/devkitpro/devkitARM/bin/../lib/gcc/arm-none-eabi/13.2.0/../../../../arm-none-eabi/lib/thumb/libg.a(libc_a-memset.o)
                0x02003d30                memset
 .text.__malloc_lock
                0x02003de0       0x14 /opt/devkitpro/devkitARM/bin/../lib/gcc/arm-none-eabi/13.2.0/../../../../arm-none-eabi/lib/thumb/libg.a(libc_a-mlock.o)
                0x02003de0                __malloc_lock
 .text.__malloc_unlock
                0x02003df4       0x14 /opt/devkitpro/devkitARM/bin/../lib/gcc/arm-none-eabi/13.2.0/../../../../arm-none-eabi/lib/thumb/libg.a(libc_a-mlock.o)
                0x02003df4                __malloc_unlock
 .text.get_arg  0x02003e08      0x434 /opt/devkitpro/devkitARM/bin/../lib/gcc/arm-none-eabi/13.2.0/../../../../arm-none-eabi/lib/thumb/libg.a(libc_a-vfprintf.o)
 .text._vfprintf_r
                0x0200423c     0x2388 /opt/devkitpro/devkitARM/bin/../lib/gcc/arm-none-eabi/13.2.0/../../../../arm-none-eabi/lib/thumb/libg.a(libc_a-vfprintf.o)
                0x0200423c                _vfprintf_r
 .text.__sbprintf
                0x020065c4       0x7c /opt/devkitpro/devkitARM/bin/../lib/gcc/arm-none-eabi/13.2.0/../../../../arm-none-eabi/lib/thumb/libg.a(libc_a-vfprintf.o)
 .text.strlen   0x02006640       0x60 /opt/devkitpro/devkitARM/bin/../lib/gcc/arm-none-eabi/13.2.0/../../../../arm-none-eabi/lib/thumb/libg.a(libc_a-strlen.o)
                0x02006640                strlen
 .text.__sflush_r
                0x020066a0      0x188 /opt/devkitpro/devkitARM/bin/../lib/gcc/arm-none-eabi/13.2.0/../../../../arm-none-eabi/lib/thumb/libg.a(libc_a-fflush.o)
                0x020066a0                __sflush_r
 .text._fflush_r
                0x02006828       0x70 /opt/devkitpro/devkitARM/bin/../lib/gcc/arm-none-eabi/13.2.0/../../../../arm-none-eabi/lib/thumb/libg.a(libc_a-fflush.o)
                0x02006828                _fflush_r
 .text.__sfvwrite_r
                0x02006898      0x330 /opt/devkitpro/devkitARM/bin/../lib/gcc/arm-none-eabi/13.2.0/../../../../arm-none-eabi/lib/thumb/libg.a(libc_a-fvwrite.o)
                0x02006898                __sfvwrite_r
 .text._fwalk_sglue
                0x02006bc8       0x4c /opt/devkitpro/devkitARM/bin/../lib/gcc/arm-none-eabi/13.2.0/../../../../arm-none-eabi/lib/thumb/libg.a(libc_a-fwalk.o)
                0x02006bc8                _fwalk_sglue
 .text._realloc_r
                0x02006c14      0x384 /opt/devkitpro/devkitARM/bin/../lib/gcc/arm-none-eabi/13.2.0/../../../../arm-none-eabi/lib/thumb/libg.a(libc_a-reallocr.o)
                0x02006c14                _realloc_r
 .text.strncpy  0x02006f98       0x68 /opt/devkitpro/devkitARM/bin/../lib/gcc/arm-none-eabi/13.2.0/../../../../arm-none-eabi/lib/thumb/libg.a(libc_a-strncpy.o)
                0x02006f98                strncpy
 .text.stdio_exit_handler
                0x02007000       0x20 /opt/devkitpro/devkitARM/bin/../lib/gcc/arm-none-eabi/13.2.0/../../../../arm-none-eabi/lib/thumb/libg.a(libc_a-findfp.o)
 .text.cleanup_stdio
                0x02007020       0x40 /opt/devkitpro/devkitARM/bin/../lib/gcc/arm-none-eabi/13.2.0/../../../../arm-none-eabi/lib/thumb/libg.a(libc_a-findfp.o)
 .text.global_stdio_init.part.0
                0x02007060      0x128 /opt/devkitpro/devkitARM/bin/../lib/gcc/arm-none-eabi/13.2.0/../../../../arm-none-eabi/lib/thumb/libg.a(libc_a-findfp.o)
 .text.__sinit  0x02007188       0x3c /opt/devkitpro/devkitARM/bin/../lib/gcc/arm-none-eabi/13.2.0/../../../../arm-none-eabi/lib/thumb/libg.a(libc_a-findfp.o)
                0x02007188                __sinit
 .text.__sfp_lock_acquire
                0x020071c4       0x14 /opt/devkitpro/devkitARM/bin/../lib/gcc/arm-none-eabi/13.2.0/../../../../arm-none-eabi/lib/thumb/libg.a(libc_a-findfp.o)
                0x020071c4                __sfp_lock_acquire
 .text.__sfp_lock_release
                0x020071d8       0x14 /opt/devkitpro/devkitARM/bin/../lib/gcc/arm-none-eabi/13.2.0/../../../../arm-none-eabi/lib/thumb/libg.a(libc_a-findfp.o)
                0x020071d8                __sfp_lock_release
 .text.realloc  0x020071ec       0x18 /opt/devkitpro/devkitARM/bin/../lib/gcc/arm-none-eabi/13.2.0/../../../../arm-none-eabi/lib/thumb/libg.a(libc_a-realloc.o)
                0x020071ec                realloc
 .text.__locale_mb_cur_max
                0x02007204       0x20 /opt/devkitpro/devkitARM/bin/../lib/gcc/arm-none-eabi/13.2.0/../../../../arm-none-eabi/lib/thumb/libg.a(libc_a-locale.o)
                0x02007204                __locale_mb_cur_max
 .text._localeconv_r
                0x02007224       0x1c /opt/devkitpro/devkitARM/bin/../lib/gcc/arm-none-eabi/13.2.0/../../../../arm-none-eabi/lib/thumb/libg.a(libc_a-localeconv.o)
                0x02007224                _localeconv_r
 .text.memchr   0x02007240       0x78 /opt/devkitpro/devkitARM/bin/../lib/gcc/arm-none-eabi/13.2.0/../../../../arm-none-eabi/lib/thumb/libg.a(libc_a-memchr-stub.o)
                0x02007240                memchr
 .text.__utf8_wctomb
                0x020072b8       0xb4 /opt/devkitpro/devkitARM/bin/../lib/gcc/arm-none-eabi/13.2.0/../../../../arm-none-eabi/lib/thumb/libg.a(libc_a-wctomb_r.o)
                0x020072b8                __utf8_wctomb
 .text.memcpy   0x0200736c       0x90 /opt/devkitpro/devkitARM/bin/../lib/gcc/arm-none-eabi/13.2.0/../../../../arm-none-eabi/lib/thumb/libg.a(libc_a-memcpy-stub.o)
                0x0200736c                memcpy
 .text.__libc_init_array
                0x020073fc       0x54 /opt/devkitpro/devkitARM/bin/../lib/gcc/arm-none-eabi/13.2.0/../../../../arm-none-eabi/lib/thumb/libg.a(libc_a-init.o)
                0x020073fc                __libc_init_array
 .text.__errno  0x02007450        0xc /opt/devkitpro/devkitARM/bin/../lib/gcc/arm-none-eabi/13.2.0/../../../../arm-none-eabi/lib/thumb/libg.a(libc_a-errno.o)
                0x02007450                __errno
 .text.frexp    0x0200745c       0x6c /opt/devkitpro/devkitARM/bin/../lib/gcc/arm-none-eabi/13.2.0/../../../../arm-none-eabi/lib/thumb/libg.a(libm_a-s_frexp.o)
                0x0200745c                frexp
 .text._wcrtomb_r
                0x020074c8       0x84 /opt/devkitpro/devkitARM/bin/../lib/gcc/arm-none-eabi/13.2.0/../../../../arm-none-eabi/lib/thumb/libg.a(libc_a-wcrtomb.o)
                0x020074c8                _wcrtomb_r
 .text._wcsrtombs_r
                0x0200754c       0x1c /opt/devkitpro/devkitARM/bin/../lib/gcc/arm-none-eabi/13.2.0/../../../../arm-none-eabi/lib/thumb/libg.a(libc_a-wcsrtombs.o)
                0x0200754c                _wcsrtombs_r
 .text.__sread  0x02007568       0x34 /opt/devkitpro/devkitARM/bin/../lib/gcc/arm-none-eabi/13.2.0/../../../../arm-none-eabi/lib/thumb/libg.a(libc_a-stdio.o)
                0x02007568                __sread
 .text.__swrite
                0x0200759c       0x4c /opt/devkitpro/devkitARM/bin/../lib/gcc/arm-none-eabi/13.2.0/../../../../arm-none-eabi/lib/thumb/libg.a(libc_a-stdio.o)
                0x0200759c                __swrite
 .text.__sseek  0x020075e8       0x44 /opt/devkitpro/devkitARM/bin/../lib/gcc/arm-none-eabi/13.2.0/../../../../arm-none-eabi/lib/thumb/libg.a(libc_a-stdio.o)
                0x020075e8                __sseek
 .text.__sclose
                0x0200762c       0x10 /opt/devkitpro/devkitARM/bin/../lib/gcc/arm-none-eabi/13.2.0/../../../../arm-none-eabi/lib/thumb/libg.a(libc_a-stdio.o)
                0x0200762c                __sclose
 .text.get_arg  0x0200763c      0x434 /opt/devkitpro/devkitARM/bin/../lib/gcc/arm-none-eabi/13.2.0/../../../../arm-none-eabi/lib/thumb/libg.a(libc_a-vfiprintf.o)
 .text.__sprint_r
                0x02007a70       0x24 /opt/devkitpro/devkitARM/bin/../lib/gcc/arm-none-eabi/13.2.0/../../../../arm-none-eabi/lib/thumb/libg.a(libc_a-vfiprintf.o)
                0x02007a70                __sprint_r
 .text._vfiprintf_r
                0x02007a94     0x17cc /opt/devkitpro/devkitARM/bin/../lib/gcc/arm-none-eabi/13.2.0/../../../../arm-none-eabi/lib/thumb/libg.a(libc_a-vfiprintf.o)
                0x02007a94                _vfiprintf_r
 .text.__sbprintf
                0x02009260       0x7c /opt/devkitpro/devkitARM/bin/../lib/gcc/arm-none-eabi/13.2.0/../../../../arm-none-eabi/lib/thumb/libg.a(libc_a-vfiprintf.o)
 .text._malloc_trim_r
                0x020092dc       0xac /opt/devkitpro/devkitARM/bin/../lib/gcc/arm-none-eabi/13.2.0/../../../../arm-none-eabi/lib/thumb/libg.a(libc_a-freer.o)
                0x020092dc                _malloc_trim_r
 .text._free_r  0x02009388      0x1d8 /opt/devkitpro/devkitARM/bin/../lib/gcc/arm-none-eabi/13.2.0/../../../../arm-none-eabi/lib/thumb/libg.a(libc_a-freer.o)
                0x02009388                _free_r
 .text.__swsetup_r
                0x02009560       0xcc /opt/devkitpro/devkitARM/bin/../lib/gcc/arm-none-eabi/13.2.0/../../../../arm-none-eabi/lib/thumb/libg.a(libc_a-wsetup.o)
                0x02009560                __swsetup_r
 .text.quorem   0x0200962c      0x158 /opt/devkitpro/devkitARM/bin/../lib/gcc/arm-none-eabi/13.2.0/../../../../arm-none-eabi/lib/thumb/libg.a(libc_a-dtoa.o)
 .text._dtoa_r  0x02009784     0x1024 /opt/devkitpro/devkitARM/bin/../lib/gcc/arm-none-eabi/13.2.0/../../../../arm-none-eabi/lib/thumb/libg.a(libc_a-dtoa.o)
                0x02009784                _dtoa_r
 .text._fclose_r
                0x0200a7a8       0xd8 /opt/devkitpro/devkitARM/bin/../lib/gcc/arm-none-eabi/13.2.0/../../../../arm-none-eabi/lib/thumb/libg.a(libc_a-fclose.o)
                0x0200a7a8                _fclose_r
 .text.memmove  0x0200a880       0xbc /opt/devkitpro/devkitARM/bin/../lib/gcc/arm-none-eabi/13.2.0/../../../../arm-none-eabi/lib/thumb/libg.a(libc_a-memmove.o)
                0x0200a880                memmove
 .text._Balloc  0x0200a93c       0x54 /opt/devkitpro/devkitARM/bin/../lib/gcc/arm-none-eabi/13.2.0/../../../../arm-none-eabi/lib/thumb/libg.a(libc_a-mprec.o)
                0x0200a93c                _Balloc
 .text._Bfree   0x0200a990       0x14 /opt/devkitpro/devkitARM/bin/../lib/gcc/arm-none-eabi/13.2.0/../../../../arm-none-eabi/lib/thumb/libg.a(libc_a-mprec.o)
                0x0200a990                _Bfree
 .text.__multadd
                0x0200a9a4       0xac /opt/devkitpro/devkitARM/bin/../lib/gcc/arm-none-eabi/13.2.0/../../../../arm-none-eabi/lib/thumb/libg.a(libc_a-mprec.o)
                0x0200a9a4                __multadd
 .text.__hi0bits
                0x0200aa50       0x4c /opt/devkitpro/devkitARM/bin/../lib/gcc/arm-none-eabi/13.2.0/../../../../arm-none-eabi/lib/thumb/libg.a(libc_a-mprec.o)
                0x0200aa50                __hi0bits
 .text.__lo0bits
                0x0200aa9c       0x5c /opt/devkitpro/devkitARM/bin/../lib/gcc/arm-none-eabi/13.2.0/../../../../arm-none-eabi/lib/thumb/libg.a(libc_a-mprec.o)
                0x0200aa9c                __lo0bits
 .text.__i2b    0x0200aaf8       0x64 /opt/devkitpro/devkitARM/bin/../lib/gcc/arm-none-eabi/13.2.0/../../../../arm-none-eabi/lib/thumb/libg.a(libc_a-mprec.o)
                0x0200aaf8                __i2b
 .text.__multiply
                0x0200ab5c      0x1b0 /opt/devkitpro/devkitARM/bin/../lib/gcc/arm-none-eabi/13.2.0/../../../../arm-none-eabi/lib/thumb/libg.a(libc_a-mprec.o)
                0x0200ab5c                __multiply
 .text.__pow5mult
                0x0200ad0c       0xd4 /opt/devkitpro/devkitARM/bin/../lib/gcc/arm-none-eabi/13.2.0/../../../../arm-none-eabi/lib/thumb/libg.a(libc_a-mprec.o)
                0x0200ad0c                __pow5mult
 .text.__lshift
                0x0200ade0      0x100 /opt/devkitpro/devkitARM/bin/../lib/gcc/arm-none-eabi/13.2.0/../../../../arm-none-eabi/lib/thumb/libg.a(libc_a-mprec.o)
                0x0200ade0                __lshift
 .text.__mcmp   0x0200aee0       0x40 /opt/devkitpro/devkitARM/bin/../lib/gcc/arm-none-eabi/13.2.0/../../../../arm-none-eabi/lib/thumb/libg.a(libc_a-mprec.o)
                0x0200aee0                __mcmp
 .text.__mdiff  0x0200af20      0x1b4 /opt/devkitpro/devkitARM/bin/../lib/gcc/arm-none-eabi/13.2.0/../../../../arm-none-eabi/lib/thumb/libg.a(libc_a-mprec.o)
                0x0200af20                __mdiff
 .text.__d2b    0x0200b0d4       0xd0 /opt/devkitpro/devkitARM/bin/../lib/gcc/arm-none-eabi/13.2.0/../../../../arm-none-eabi/lib/thumb/libg.a(libc_a-mprec.o)
                0x0200b0d4                __d2b
 .text.__utf8_mbtowc
                0x0200b1a4      0x27c /opt/devkitpro/devkitARM/bin/../lib/gcc/arm-none-eabi/13.2.0/../../../../arm-none-eabi/lib/thumb/libg.a(libc_a-mbtowc_r.o)
                0x0200b1a4                __utf8_mbtowc
 .text.__smakebuf_r
                0x0200b420       0xe8 /opt/devkitpro/devkitARM/bin/../lib/gcc/arm-none-eabi/13.2.0/../../../../arm-none-eabi/lib/thumb/libg.a(libc_a-makebuf.o)
                0x0200b420                __smakebuf_r
 .text._wcsnrtombs_l
                0x0200b508      0x11c /opt/devkitpro/devkitARM/bin/../lib/gcc/arm-none-eabi/13.2.0/../../../../arm-none-eabi/lib/thumb/libg.a(libc_a-wcsnrtombs.o)
                0x0200b508                _wcsnrtombs_l
 .text._wcsnrtombs_r
                0x0200b624       0x40 /opt/devkitpro/devkitARM/bin/../lib/gcc/arm-none-eabi/13.2.0/../../../../arm-none-eabi/lib/thumb/libg.a(libc_a-wcsnrtombs.o)
                0x0200b624                _wcsnrtombs_r
 .text.__assert_func
                0x0200b664       0x40 /opt/devkitpro/devkitARM/bin/../lib/gcc/arm-none-eabi/13.2.0/../../../../arm-none-eabi/lib/thumb/libg.a(libc_a-assert.o)
                0x0200b664                __assert_func
 .text.fiprintf
                0x0200b6a4       0x28 /opt/devkitpro/devkitARM/bin/../lib/gcc/arm-none-eabi/13.2.0/../../../../arm-none-eabi/lib/thumb/libg.a(libc_a-fiprintf.o)
                0x0200b6a4                fiprintf
 .text.abort    0x0200b6cc       0x10 /opt/devkitpro/devkitARM/bin/../lib/gcc/arm-none-eabi/13.2.0/../../../../arm-none-eabi/lib/thumb/libg.a(libc_a-abort.o)
                0x0200b6cc                abort
 .text._raise_r
                0x0200b6dc       0x60 /opt/devkitpro/devkitARM/bin/../lib/gcc/arm-none-eabi/13.2.0/../../../../arm-none-eabi/lib/thumb/libg.a(libc_a-signal.o)
                0x0200b6dc                _raise_r
 .text.raise    0x0200b73c       0x14 /opt/devkitpro/devkitARM/bin/../lib/gcc/arm-none-eabi/13.2.0/../../../../arm-none-eabi/lib/thumb/libg.a(libc_a-signal.o)
                0x0200b73c                raise
 .text._exit    0x0200b750       0x14 /opt/devkitpro/devkitARM/bin/../lib/gcc/arm-none-eabi/13.2.0/../../../../arm-none-eabi/lib/thumb/libsysbase.a(libsysbase_libsysbase_a-_exit.o)
                0x0200b750                _exit
 .text.build_argv
                0x0200b764       0x54 /opt/devkitpro/devkitARM/bin/../lib/gcc/arm-none-eabi/13.2.0/../../../../arm-none-eabi/lib/thumb/libsysbase.a(libsysbase_libsysbase_a-build_argv.o)
                0x0200b764                build_argv
 .text._fstat_r
                0x0200b7b8       0x4c /opt/devkitpro/devkitARM/bin/../lib/gcc/arm-none-eabi/13.2.0/../../../../arm-none-eabi/lib/thumb/libsysbase.a(libsysbase_libsysbase_a-fstat.o)
                0x0200b7b8                _fstat_r
 .text._getpid_r
                0x0200b804        0xc /opt/devkitpro/devkitARM/bin/../lib/gcc/arm-none-eabi/13.2.0/../../../../arm-none-eabi/lib/thumb/libsysbase.a(libsysbase_libsysbase_a-getpid.o)
                0x0200b804                _getpid_r
 .text.__getreent
                0x0200b810       0x20 /opt/devkitpro/devkitARM/bin/../lib/gcc/arm-none-eabi/13.2.0/../../../../arm-none-eabi/lib/thumb/libsysbase.a(libsysbase_libsysbase_a-getreent.o)
                0x0200b810                __getreent
 .text.__get_handle
                0x0200b830       0x34 /opt/devkitpro/devkitARM/bin/../lib/gcc/arm-none-eabi/13.2.0/../../../../arm-none-eabi/lib/thumb/libsysbase.a(libsysbase_libsysbase_a-handle_manager.o)
                0x0200b830                __get_handle
 .text._close_r
                0x0200b864       0xb8 /opt/devkitpro/devkitARM/bin/../lib/gcc/arm-none-eabi/13.2.0/../../../../arm-none-eabi/lib/thumb/libsysbase.a(libsysbase_libsysbase_a-handle_manager.o)
                0x0200b864                _close_r
 .text.null_write
                0x0200b91c        0x4 /opt/devkitpro/devkitARM/bin/../lib/gcc/arm-none-eabi/13.2.0/../../../../arm-none-eabi/lib/thumb/libsysbase.a(libsysbase_libsysbase_a-iosupport.o)
 .text._isatty_r
                0x0200b920        0x4 /opt/devkitpro/devkitARM/bin/../lib/gcc/arm-none-eabi/13.2.0/../../../../arm-none-eabi/lib/thumb/libsysbase.a(libsysbase_libsysbase_a-isatty.o)
                0x0200b920                _isatty_r
 .text._kill_r  0x0200b924        0xc /opt/devkitpro/devkitARM/bin/../lib/gcc/arm-none-eabi/13.2.0/../../../../arm-none-eabi/lib/thumb/libsysbase.a(libsysbase_libsysbase_a-kill.o)
                0x0200b924                _kill_r
 .text._lseek_r
                0x0200b930       0x5c /opt/devkitpro/devkitARM/bin/../lib/gcc/arm-none-eabi/13.2.0/../../../../arm-none-eabi/lib/thumb/libsysbase.a(libsysbase_libsysbase_a-lseek.o)
                0x0200b930                _lseek_r
 .text._read_r  0x0200b98c       0x50 /opt/devkitpro/devkitARM/bin/../lib/gcc/arm-none-eabi/13.2.0/../../../../arm-none-eabi/lib/thumb/libsysbase.a(libsysbase_libsysbase_a-read.o)
                0x0200b98c                _read_r
 .text._sbrk_r  0x0200b9dc       0x54 /opt/devkitpro/devkitARM/bin/../lib/gcc/arm-none-eabi/13.2.0/../../../../arm-none-eabi/lib/thumb/libsysbase.a(libsysbase_libsysbase_a-sbrk.o)
                0x0200b9dc                _sbrk_r
 .text.__libc_lock_acquire
                0x0200ba30       0x18 /opt/devkitpro/devkitARM/bin/../lib/gcc/arm-none-eabi/13.2.0/../../../../arm-none-eabi/lib/thumb/libsysbase.a(libsysbase_libsysbase_a-syscall_support.o)
                0x0200ba30                __libc_lock_acquire
 .text.__libc_lock_release
                0x0200ba48       0x18 /opt/devkitpro/devkitARM/bin/../lib/gcc/arm-none-eabi/13.2.0/../../../../arm-none-eabi/lib/thumb/libsysbase.a(libsysbase_libsysbase_a-syscall_support.o)
                0x0200ba48                __libc_lock_release
 .text.__libc_lock_acquire_recursive
                0x0200ba60       0x18 /opt/devkitpro/devkitARM/bin/../lib/gcc/arm-none-eabi/13.2.0/../../../../arm-none-eabi/lib/thumb/libsysbase.a(libsysbase_libsysbase_a-syscall_support.o)
                0x0200ba60                __libc_lock_acquire_recursive
 .text.__libc_lock_release_recursive
                0x0200ba78       0x18 /opt/devkitpro/devkitARM/bin/../lib/gcc/arm-none-eabi/13.2.0/../../../../arm-none-eabi/lib/thumb/libsysbase.a(libsysbase_libsysbase_a-syscall_support.o)
                0x0200ba78                __libc_lock_release_recursive
 .text._write_r
                0x0200ba90       0x50 /opt/devkitpro/devkitARM/bin/../lib/gcc/arm-none-eabi/13.2.0/../../../../arm-none-eabi/lib/thumb/libsysbase.a(libsysbase_libsysbase_a-write.o)
                0x0200ba90                _write_r
 .text.__udivmoddi4
                0x0200bae0      0x19c /opt/devkitpro/devkitARM/bin/../lib/gcc/arm-none-eabi/13.2.0/thumb/libgcc.a(_udivmoddi4.o)
                0x0200bae0                __udivmoddi4
 *fill*         0x0200bc7c        0x4 ff
 .text.__udivmoddi4.__stub
                0x0200bc80       0xf0 linker stubs
 *(EXCLUDE_FILE(*.twl*) .gnu.warning)
 *(EXCLUDE_FILE(*.twl*) .gnu.linkonce.t*)
 *(.glue_7)
 .glue_7        0x0200bd80        0x0 linker stubs
 *(.glue_7t)
 .glue_7t       0x0200bd80        0x0 linker stubs
                0x0200bd80                        . = ALIGN (0x4)

.vfp11_veneer   0x0200bd80        0x0
 .vfp11_veneer  0x0200bd80        0x0 linker stubs

.v4_bx          0x0200bd80        0x0
 .v4_bx         0x0200bd80        0x0 linker stubs

.iplt           0x0200bd80        0x0
 .iplt          0x0200bd80        0x0 /opt/devkitpro/devkitARM/bin/../lib/gcc/arm-none-eabi/13.2.0/../../../../arm-none-eabi/lib/thumb/ds_arm9_crt0.o

.fini           0x0200bd80        0xc
 *(.fini)
 .fini          0x0200bd80        0x4 /opt/devkitpro/devkitARM/bin/../lib/gcc/arm-none-eabi/13.2.0/thumb/crti.o
                0x0200bd80                _fini
 .fini          0x0200bd84        0x8 /opt/devkitpro/devkitARM/bin/../lib/gcc/arm-none-eabi/13.2.0/thumb/crtn.o
                0x0200bd8c                        __text_end = .

.rodata         0x0200bd90      0xcf0
 *(EXCLUDE_FILE(*.twl*) .rodata)
 .rodata        0x0200bd90      0x600 dino1.o
                0x0200bd90                dino1Tiles
                0x0200c190                dino1Pal
 .rodata        0x0200c390       0x5b main.o
 *fill*         0x0200c3eb        0x1 ff
 .rodata        0x0200c3ec       0x80 graphics.o
                0x0200c3ec                empty_tile
                0x0200c42c                full_tile
 *all.rodata*(*)
 *(EXCLUDE_FILE(*.twl*) .roda)
 *(EXCLUDE_FILE(*.twl*) .rodata.*)
 .rodata._puts_r.str1.4
                0x0200c46c      0x13c /opt/devkitpro/devkitARM/bin/../lib/gcc/arm-none-eabi/13.2.0/../../../../arm-none-eabi/lib/thumb/libg.a(libc_a-puts.o)
                                  0x2 (size before relaxing)
 .rodata._vfprintf_r.str1.1
                0x0200c5a8       0x3b /opt/devkitpro/devkitARM/bin/../lib/gcc/arm-none-eabi/13.2.0/../../../../arm-none-eabi/lib/thumb/libg.a(libc_a-vfprintf.o)
 *fill*         0x0200c5e3        0x1 ff
 .rodata.zeroes.0
                0x0200c5e4       0x10 /opt/devkitpro/devkitARM/bin/../lib/gcc/arm-none-eabi/13.2.0/../../../../arm-none-eabi/lib/thumb/libg.a(libc_a-vfprintf.o)
 .rodata.blanks.1
                0x0200c5f4       0x10 /opt/devkitpro/devkitARM/bin/../lib/gcc/arm-none-eabi/13.2.0/../../../../arm-none-eabi/lib/thumb/libg.a(libc_a-vfprintf.o)
 .rodata.str1.4
                0x0200c604       0x4c /opt/devkitpro/devkitARM/bin/../lib/gcc/arm-none-eabi/13.2.0/../../../../arm-none-eabi/lib/thumb/libg.a(libc_a-locale.o)
 .rodata._ctype_
                0x0200c604      0x101 /opt/devkitpro/devkitARM/bin/../lib/gcc/arm-none-eabi/13.2.0/../../../../arm-none-eabi/lib/thumb/libg.a(libc_a-ctype_.o)
                0x0200c604                _ctype_
 .rodata._vfiprintf_r.str1.1
                0x0200c705       0x29 /opt/devkitpro/devkitARM/bin/../lib/gcc/arm-none-eabi/13.2.0/../../../../arm-none-eabi/lib/thumb/libg.a(libc_a-vfiprintf.o)
 *fill*         0x0200c705        0x3 ff
 .rodata.zeroes.0
                0x0200c708       0x10 /opt/devkitpro/devkitARM/bin/../lib/gcc/arm-none-eabi/13.2.0/../../../../arm-none-eabi/lib/thumb/libg.a(libc_a-vfiprintf.o)
 .rodata.blanks.1
                0x0200c718       0x10 /opt/devkitpro/devkitARM/bin/../lib/gcc/arm-none-eabi/13.2.0/../../../../arm-none-eabi/lib/thumb/libg.a(libc_a-vfiprintf.o)
 .rodata.__action_table
                0x0200c728       0x6c /opt/devkitpro/devkitARM/bin/../lib/gcc/arm-none-eabi/13.2.0/../../../../arm-none-eabi/lib/thumb/libg.a(libc_a-svfiprintf.o)
                0x0200c728                __action_table
 .rodata.__state_table
                0x0200c794       0x6c /opt/devkitpro/devkitARM/bin/../lib/gcc/arm-none-eabi/13.2.0/../../../../arm-none-eabi/lib/thumb/libg.a(libc_a-svfiprintf.o)
                0x0200c794                __state_table
 .rodata.__chclass
                0x0200c800      0x100 /opt/devkitpro/devkitARM/bin/../lib/gcc/arm-none-eabi/13.2.0/../../../../arm-none-eabi/lib/thumb/libg.a(libc_a-svfiprintf.o)
                0x0200c800                __chclass
 .rodata._dtoa_r.str1.4
                0x0200c900       0x67 /opt/devkitpro/devkitARM/bin/../lib/gcc/arm-none-eabi/13.2.0/../../../../arm-none-eabi/lib/thumb/libg.a(libc_a-dtoa.o)
 .rodata.__multadd.str1.4
                0x0200c900       0x54 /opt/devkitpro/devkitARM/bin/../lib/gcc/arm-none-eabi/13.2.0/../../../../arm-none-eabi/lib/thumb/libg.a(libc_a-mprec.o)
 .rodata.p05.0  0x0200c900        0xc /opt/devkitpro/devkitARM/bin/../lib/gcc/arm-none-eabi/13.2.0/../../../../arm-none-eabi/lib/thumb/libg.a(libc_a-mprec.o)
 *fill*         0x0200c90c        0x4 ff
 .rodata.__mprec_bigtens
                0x0200c910       0x28 /opt/devkitpro/devkitARM/bin/../lib/gcc/arm-none-eabi/13.2.0/../../../../arm-none-eabi/lib/thumb/libg.a(libc_a-mprec.o)
                0x0200c910                __mprec_bigtens
 .rodata.__mprec_tens
                0x0200c938       0xc8 /opt/devkitpro/devkitARM/bin/../lib/gcc/arm-none-eabi/13.2.0/../../../../arm-none-eabi/lib/thumb/libg.a(libc_a-mprec.o)
                0x0200c938                __mprec_tens
 .rodata.__assert_func.str1.4
                0x0200ca00       0x43 /opt/devkitpro/devkitARM/bin/../lib/gcc/arm-none-eabi/13.2.0/../../../../arm-none-eabi/lib/thumb/libg.a(libc_a-assert.o)
 .rodata.AddDevice.str1.4
                0x0200ca00        0x8 /opt/devkitpro/devkitARM/bin/../lib/gcc/arm-none-eabi/13.2.0/../../../../arm-none-eabi/lib/thumb/libsysbase.a(libsysbase_libsysbase_a-iosupport.o)
 .rodata.dotab_stdnull
                0x0200ca00       0x80 /opt/devkitpro/devkitARM/bin/../lib/gcc/arm-none-eabi/13.2.0/../../../../arm-none-eabi/lib/thumb/libsysbase.a(libsysbase_libsysbase_a-iosupport.o)
                0x0200ca00                dotab_stdnull
 *(EXCLUDE_FILE(*.twl*) .gnu.linkonce.r*)
                0x0200ca80                        . = ALIGN (0x4)

.ARM.extab
 *(.ARM.extab* .gnu.linkonce.armextab.*)
                0x0200ca80                        __exidx_start = .

ARM.exidx
 *(.ARM.exidx* .gnu.linkonce.armexidx.*)
                0x0200ca80                        __exidx_end = .
                0x0200ca80                        . = ALIGN (0x4)
                0x0200ca80                        PROVIDE (__preinit_array_start = .)

.preinit_array
 *(.preinit_array)
                0x0200ca80                        PROVIDE (__preinit_array_end = .)
                0x0200ca80                        PROVIDE (__init_array_start = .)

.init_array     0x0200ca80        0x4
 *(SORT_BY_NAME(.init_array.*))
 *(.init_array)
 .init_array    0x0200ca80        0x4 /opt/devkitpro/devkitARM/bin/../lib/gcc/arm-none-eabi/13.2.0/thumb/crtbegin.o
                0x0200ca84                        PROVIDE (__init_array_end = .)
                [!provide]                        PROVIDE (__fini_array_start = .)

.fini_array     0x0200ca84        0x4
 *(.fini_array)
 .fini_array    0x0200ca84        0x4 /opt/devkitpro/devkitARM/bin/../lib/gcc/arm-none-eabi/13.2.0/thumb/crtbegin.o
 *(SORT_BY_NAME(.fini_array.*))
                [!provide]                        PROVIDE (__fini_array_end = .)

.ctors          0x0200ca88        0x0
 *crtbegin.o(.ctors)
 *(EXCLUDE_FILE(*crtend.o) .ctors)
 *(SORT_BY_NAME(.ctors.*))
 *(.ctors)
                0x0200ca88                        . = ALIGN (0x4)

.dtors          0x0200ca88        0x0
 *crtbegin.o(.dtors)
 *(EXCLUDE_FILE(*crtend.o) .dtors)
 *(SORT_BY_NAME(.dtors.*))
 *(.dtors)
                0x0200ca88                        . = ALIGN (0x4)

.eh_frame       0x0200ca88        0x4
 *(.eh_frame)
 .eh_frame      0x0200ca88        0x0 /opt/devkitpro/devkitARM/bin/../lib/gcc/arm-none-eabi/13.2.0/thumb/crtbegin.o
 .eh_frame      0x0200ca88        0x4 /opt/devkitpro/devkitARM/bin/../lib/gcc/arm-none-eabi/13.2.0/thumb/crtend.o
                0x0200ca8c                        . = ALIGN (0x4)

.rel.dyn        0x0200ca8c        0x0
 .rel.iplt      0x0200ca8c        0x0 /opt/devkitpro/devkitARM/bin/../lib/gcc/arm-none-eabi/13.2.0/../../../../arm-none-eabi/lib/thumb/ds_arm9_crt0.o

.gcc_except_table
                0x0200ca8c        0x0
 *(.gcc_except_table)
                0x0200ca8c                        . = ALIGN (0x4)

.jcr
 *(.jcr)

.got
 *(.got.plt)
 *(.got)
 *(.rel.got)

.ewram          0x0200ca8c        0x0
                0x0200ca8c                        __ewram_start = ABSOLUTE (.)
 *(.ewram)
 *ewram.*(.text)
                0x0200ca8c                        . = ALIGN (0x4)

.data           0x0200ca8c     0x17b4
                0x0200ca8c                        __data_start = ABSOLUTE (.)
 *(EXCLUDE_FILE(*.twl*) .data)
 .data          0x0200ca8c       0x28 /opt/devkitpro/libnds/lib/libnds9.a(mpu_setup.o)
 *(EXCLUDE_FILE(*.twl*) .data.*)
 .data.oamMain  0x0200cab4       0x18 /opt/devkitpro/libnds/lib/libnds9.a(sprite.o)
                0x0200cab4                oamMain
 .data.count    0x0200cacc        0x1 /opt/devkitpro/libnds/lib/libnds9.a(keys.o)
 .data.delay    0x0200cacd        0x1 /opt/devkitpro/libnds/lib/libnds9.a(keys.o)
 .data.repeat   0x0200cace        0x1 /opt/devkitpro/libnds/lib/libnds9.a(keys.o)
 *fill*         0x0200cacf        0x1 ff
 .data.fifo_buffer_free
                0x0200cad0        0x4 /opt/devkitpro/libnds/lib/libnds9.a(fifosystem.o)
                0x0200cad0                fifo_buffer_free
 .data.fifo_freewords
                0x0200cad4        0x4 /opt/devkitpro/libnds/lib/libnds9.a(fifosystem.o)
                0x0200cad4                fifo_freewords
 .data.fifo_receive_queue
                0x0200cad8        0x4 /opt/devkitpro/libnds/lib/libnds9.a(fifosystem.o)
                0x0200cad8                fifo_receive_queue
 .data.fifo_send_queue
                0x0200cadc        0x4 /opt/devkitpro/libnds/lib/libnds9.a(fifosystem.o)
                0x0200cadc                fifo_send_queue
 .data.__malloc_sbrk_base
                0x0200cae0        0x4 /opt/devkitpro/devkitARM/bin/../lib/gcc/arm-none-eabi/13.2.0/../../../../arm-none-eabi/lib/thumb/libg.a(libc_a-mallocr.o)
                0x0200cae0                __malloc_sbrk_base
 .data.__malloc_trim_threshold
                0x0200cae4        0x4 /opt/devkitpro/devkitARM/bin/../lib/gcc/arm-none-eabi/13.2.0/../../../../arm-none-eabi/lib/thumb/libg.a(libc_a-mallocr.o)
                0x0200cae4                __malloc_trim_threshold
 .data.__malloc_av_
                0x0200cae8      0x408 /opt/devkitpro/devkitARM/bin/../lib/gcc/arm-none-eabi/13.2.0/../../../../arm-none-eabi/lib/thumb/libg.a(libc_a-mallocr.o)
                0x0200cae8                __malloc_av_
 .data.__sglue  0x0200cef0        0xc /opt/devkitpro/devkitARM/bin/../lib/gcc/arm-none-eabi/13.2.0/../../../../arm-none-eabi/lib/thumb/libg.a(libc_a-findfp.o)
                0x0200cef0                __sglue
 .data.__global_locale
                0x0200cefc      0x16c /opt/devkitpro/devkitARM/bin/../lib/gcc/arm-none-eabi/13.2.0/../../../../arm-none-eabi/lib/thumb/libg.a(libc_a-locale.o)
                0x0200cefc                __global_locale
 .data._impure_ptr
                0x0200d068        0x4 /opt/devkitpro/devkitARM/bin/../lib/gcc/arm-none-eabi/13.2.0/../../../../arm-none-eabi/lib/thumb/libg.a(libc_a-impure.o)
                0x0200d068                _impure_ptr
 *fill*         0x0200d06c        0x4 ff
 .data._impure_data
                0x0200d070      0x120 /opt/devkitpro/devkitARM/bin/../lib/gcc/arm-none-eabi/13.2.0/../../../../arm-none-eabi/lib/thumb/libg.a(libc_a-impure.o)
                0x0200d070                _impure_data
 .data.handles  0x0200d190     0x1000 /opt/devkitpro/devkitARM/bin/../lib/gcc/arm-none-eabi/13.2.0/../../../../arm-none-eabi/lib/thumb/libsysbase.a(libsysbase_libsysbase_a-handle_manager.o)
 .data.__stderr_handle
                0x0200e190        0xc /opt/devkitpro/devkitARM/bin/../lib/gcc/arm-none-eabi/13.2.0/../../../../arm-none-eabi/lib/thumb/libsysbase.a(libsysbase_libsysbase_a-handle_manager.o)
 .data.__stdout_handle
                0x0200e19c        0xc /opt/devkitpro/devkitARM/bin/../lib/gcc/arm-none-eabi/13.2.0/../../../../arm-none-eabi/lib/thumb/libsysbase.a(libsysbase_libsysbase_a-handle_manager.o)
 .data.__stdin_handle
                0x0200e1a8        0xc /opt/devkitpro/devkitARM/bin/../lib/gcc/arm-none-eabi/13.2.0/../../../../arm-none-eabi/lib/thumb/libsysbase.a(libsysbase_libsysbase_a-handle_manager.o)
 .data.devoptab_list
                0x0200e1b4       0x8c /opt/devkitpro/devkitARM/bin/../lib/gcc/arm-none-eabi/13.2.0/../../../../arm-none-eabi/lib/thumb/libsysbase.a(libsysbase_libsysbase_a-iosupport.o)
                0x0200e1b4                devoptab_list
 *(EXCLUDE_FILE(*.twl*) .gnu.linkonce.d*)
                0x0200e240                        . = ALIGN (0x4)
                0x0200e240                        __data_end = ABSOLUTE (.)
                0x0200e240                        __bss_vma = .

.igot.plt       0x0200e240        0x0
 .igot.plt      0x0200e240        0x0 /opt/devkitpro/devkitARM/bin/../lib/gcc/arm-none-eabi/13.2.0/../../../../arm-none-eabi/lib/thumb/ds_arm9_crt0.o

.dtcm           0x02ff0000        0x0 load address 0x0200e240
                0x0200e240                        __dtcm_lma = LOADADDR (.dtcm)
                0x02ff0000                        __dtcm_start = ABSOLUTE (.)
 *(.dtcm)
 *(.dtcm.*)
                0x02ff0000                        . = ALIGN (0x4)
                0x02ff0000                        __dtcm_end = ABSOLUTE (.)

.itcm           0x01000100      0x194 load address 0x0200e240
                0x0200e240                        __itcm_lma = LOADADDR (.itcm)
                0x01000100                        __itcm_start = ABSOLUTE (.)
 *(.itcm)
 .itcm          0x01000100       0xc8 /opt/devkitpro/libnds/lib/libnds9.a(interrupts.o)
                0x01000100                irqTable
 .itcm          0x010001c8       0xcc /opt/devkitpro/libnds/lib/libnds9.a(interruptDispatcher.o)
                0x010001c8                IntrMain
 *.itcm*(.text .stub .text.*)
                0x01000294                        . = ALIGN (0x4)
                0x01000294                        __itcm_end = ABSOLUTE (.)

.vectors        0x01000000        0x0 load address 0x0200e3d4
                0x0200e3d4                        __vectors_lma = LOADADDR (.vectors)
                0x01000000                        __vectors_start = ABSOLUTE (.)
 *(.vectors .vectors.*)
                0x01000000                        . = ALIGN (0x4)
                0x01000000                        __vectors_end = ABSOLUTE (.)

.sbss           0x02ff0000        0x0
                0x02ff0000                        __sbss_start = ABSOLUTE (.)
                0x02ff0000                        __sbss_start__ = ABSOLUTE (.)
 *(.sbss)
                0x02ff0000                        . = ALIGN (0x4)
                0x02ff0000                        __sbss_end = ABSOLUTE (.)

.bss            0x0200e240     0x1054
                0x0200e240                        __bss_start = ABSOLUTE (.)
                0x0200e240                        __bss_start__ = ABSOLUTE (.)
 *(EXCLUDE_FILE(*.twl*) .dynbss)
 *(EXCLUDE_FILE(*.twl*) .gnu.linkonce.b*)
 *(EXCLUDE_FILE(*.twl*) .bss*)
 .bss.completed.1
                0x0200e240        0x1 /opt/devkitpro/devkitARM/bin/../lib/gcc/arm-none-eabi/13.2.0/thumb/crtbegin.o
 *fill*         0x0200e241        0x3 
 .bss.object.0  0x0200e244       0x18 /opt/devkitpro/devkitARM/bin/../lib/gcc/arm-none-eabi/13.2.0/thumb/crtbegin.o
 .bss           0x0200e25c       0x18 main.o
                0x0200e25c                game_state
 .bss.OamMemory
                0x0200e274      0x400 /opt/devkitpro/libnds/lib/libnds9.a(sprite.o)
                0x0200e274                OamMemory
 .bss.keys      0x0200e674        0x2 /opt/devkitpro/libnds/lib/libnds9.a(keys.o)
 .bss.keysold   0x0200e676        0x2 /opt/devkitpro/libnds/lib/libnds9.a(keys.o)
 .bss.keysrepeat
                0x0200e678        0x2 /opt/devkitpro/libnds/lib/libnds9.a(keys.o)
 .bss.__dsimode
                0x0200e67a        0x1 /opt/devkitpro/libnds/lib/libnds9.a(initSystem.o)
                0x0200e67a                __dsimode
 *fill*         0x0200e67b        0x1 
 .bss.punixTime
                0x0200e67c        0x4 /opt/devkitpro/libnds/lib/libnds9.a(initSystem.o)
                0x0200e67c                punixTime
 .bss.fifo_address_data
                0x0200e680       0x40 /opt/devkitpro/libnds/lib/libnds9.a(fifosystem.o)
                0x0200e680                fifo_address_data
 .bss.fifo_address_func
                0x0200e6c0       0x40 /opt/devkitpro/libnds/lib/libnds9.a(fifosystem.o)
                0x0200e6c0                fifo_address_func
 .bss.fifo_address_queue
                0x0200e700       0x40 /opt/devkitpro/libnds/lib/libnds9.a(fifosystem.o)
                0x0200e700                fifo_address_queue
 .bss.fifo_buffer
                0x0200e740      0x800 /opt/devkitpro/libnds/lib/libnds9.a(fifosystem.o)
                0x0200e740                fifo_buffer
 .bss.fifo_data_queue
                0x0200ef40       0x40 /opt/devkitpro/libnds/lib/libnds9.a(fifosystem.o)
                0x0200ef40                fifo_data_queue
 .bss.fifo_datamsg_data
                0x0200ef80       0x40 /opt/devkitpro/libnds/lib/libnds9.a(fifosystem.o)
                0x0200ef80                fifo_datamsg_data
 .bss.fifo_datamsg_func
                0x0200efc0       0x40 /opt/devkitpro/libnds/lib/libnds9.a(fifosystem.o)
                0x0200efc0                fifo_datamsg_func
 .bss.fifo_value32_data
                0x0200f000       0x40 /opt/devkitpro/libnds/lib/libnds9.a(fifosystem.o)
                0x0200f000                fifo_value32_data
 .bss.fifo_value32_func
                0x0200f040       0x40 /opt/devkitpro/libnds/lib/libnds9.a(fifosystem.o)
                0x0200f040                fifo_value32_func
 .bss.fifo_value32_queue
                0x0200f080       0x40 /opt/devkitpro/libnds/lib/libnds9.a(fifosystem.o)
                0x0200f080                fifo_value32_queue
 .bss.processing
                0x0200f0c0        0x4 /opt/devkitpro/libnds/lib/libnds9.a(fifosystem.o)
                0x0200f0c0                processing
 .bss.SDcallback
                0x0200f0c4        0x4 /opt/devkitpro/libnds/lib/libnds9.a(system.o)
 .bss.__malloc_current_mallinfo
                0x0200f0c8       0x28 /opt/devkitpro/devkitARM/bin/../lib/gcc/arm-none-eabi/13.2.0/../../../../arm-none-eabi/lib/thumb/libg.a(libc_a-mallocr.o)
                0x0200f0c8                __malloc_current_mallinfo
 .bss.__malloc_max_total_mem
                0x0200f0f0        0x4 /opt/devkitpro/devkitARM/bin/../lib/gcc/arm-none-eabi/13.2.0/../../../../arm-none-eabi/lib/thumb/libg.a(libc_a-mallocr.o)
                0x0200f0f0                __malloc_max_total_mem
 .bss.__malloc_max_sbrked_mem
                0x0200f0f4        0x4 /opt/devkitpro/devkitARM/bin/../lib/gcc/arm-none-eabi/13.2.0/../../../../arm-none-eabi/lib/thumb/libg.a(libc_a-mallocr.o)
                0x0200f0f4                __malloc_max_sbrked_mem
 .bss.__malloc_top_pad
                0x0200f0f8        0x4 /opt/devkitpro/devkitARM/bin/../lib/gcc/arm-none-eabi/13.2.0/../../../../arm-none-eabi/lib/thumb/libg.a(libc_a-mallocr.o)
                0x0200f0f8                __malloc_top_pad
 .bss.__malloc_recursive_mutex
                0x0200f0fc        0xc /opt/devkitpro/devkitARM/bin/../lib/gcc/arm-none-eabi/13.2.0/../../../../arm-none-eabi/lib/thumb/libg.a(libc_a-mlock.o)
 .bss.__sfp_recursive_mutex
                0x0200f108        0xc /opt/devkitpro/devkitARM/bin/../lib/gcc/arm-none-eabi/13.2.0/../../../../arm-none-eabi/lib/thumb/libg.a(libc_a-findfp.o)
 *fill*         0x0200f114        0x4 
 .bss.__sf      0x0200f118      0x168 /opt/devkitpro/devkitARM/bin/../lib/gcc/arm-none-eabi/13.2.0/../../../../arm-none-eabi/lib/thumb/libg.a(libc_a-findfp.o)
                0x0200f118                __sf
 .bss.__stdio_exit_handler
                0x0200f280        0x4 /opt/devkitpro/devkitARM/bin/../lib/gcc/arm-none-eabi/13.2.0/../../../../arm-none-eabi/lib/thumb/libg.a(libc_a-findfp.o)
                0x0200f280                __stdio_exit_handler
 .bss.__hndl_lock
                0x0200f284        0x4 /opt/devkitpro/devkitARM/bin/../lib/gcc/arm-none-eabi/13.2.0/../../../../arm-none-eabi/lib/thumb/libsysbase.a(libsysbase_libsysbase_a-handle_manager.o)
 .bss.fake_heap_start
                0x0200f288        0x4 /opt/devkitpro/devkitARM/bin/../lib/gcc/arm-none-eabi/13.2.0/../../../../arm-none-eabi/lib/thumb/libsysbase.a(libsysbase_libsysbase_a-malloc_vars.o)
                0x0200f288                fake_heap_start
 .bss.fake_heap_end
                0x0200f28c        0x4 /opt/devkitpro/devkitARM/bin/../lib/gcc/arm-none-eabi/13.2.0/../../../../arm-none-eabi/lib/thumb/libsysbase.a(libsysbase_libsysbase_a-malloc_vars.o)
                0x0200f28c                fake_heap_end
 .bss.heap_start.0
                0x0200f290        0x4 /opt/devkitpro/devkitARM/bin/../lib/gcc/arm-none-eabi/13.2.0/../../../../arm-none-eabi/lib/thumb/libsysbase.a(libsysbase_libsysbase_a-sbrk.o)
 *(EXCLUDE_FILE(*.twl*) COMMON)
                0x0200f294                        . = ALIGN (0x4)
                0x0200f294                        __bss_end__ = ABSOLUTE (.)
                0x0200f294                        __end__ = ABSOLUTE (.)

.twl            0x0200f294        0x0 load address 0x02400000
                0x02400000                        __arm9i_lma__ = LOADADDR (.twl)
                0x0200f294                        __arm9i_start__ = ABSOLUTE (.)
 *(.twl)
 *.twl*(.text .stub .text.* .gnu.linkonce.t.*)
 *.twl*(.rodata)
 *.twl*(.roda)
 *.twl*(.rodata.*)
 *.twl*(.data)
 *.twl*(.data.*)
 *.twl*(.gnu.linkonce.d*)
                0x0200f294                        __arm9i_end__ = ABSOLUTE (.)

.twl_bss        0x0200f294        0x0
                0x0200f294                        __twl_bss_start__ = ABSOLUTE (.)
 *(.twl_bss)
 *.twl*(.dynbss)
 *.twl*(.gnu.linkonce.b*)
 *.twl*(.bss*)
 *.twl*(COMMON)
                0x0200f294                        . = ALIGN (0x4)
                0x0200f294                        __twl_bss_end__ = ABSOLUTE (.)
                0x0200f294                        __twl_end__ = ABSOLUTE (.)

.stab
 *(.stab)

.stabstr
 *(.stabstr)

.stab.excl
 *(.stab.excl)

.stab.exclstr
 *(.stab.exclstr)

.stab.index
 *(.stab.index)

.stab.indexstr
 *(.stab.indexstr)

.comment        0x00000000       0x46
 *(.comment)
 .comment       0x00000000       0x46 /opt/devkitpro/devkitARM/bin/../lib/gcc/arm-none-eabi/13.2.0/thumb/crtbegin.o
                                 0x24 (size before relaxing)
 .comment       0x00000046       0x24 main.o
 .comment       0x00000046       0x24 physics.o
 .comment       0x00000046       0x24 graphics.o
 .comment       0x00000046       0x24 sound.o
 .comment       0x00000046       0x24 /opt/devkitpro/libnds/lib/libnds9.a(sprite_alloc.o)
 .comment       0x00000046       0x24 /opt/devkitpro/libnds/lib/libnds9.a(sprite.o)
 .comment       0x00000046       0x24 /opt/devkitpro/libnds/lib/libnds9.a(keys.o)
 .comment       0x00000046       0x24 /opt/devkitpro/libnds/lib/libnds9.a(initSystem.o)
 .comment       0x00000046       0x24 /opt/devkitpro/libnds/lib/libnds9.a(securearea.o)
 .comment       0x00000046       0x24 /opt/devkitpro/libnds/lib/libnds9.a(interrupts.o)
 .comment       0x00000046       0x24 /opt/devkitpro/libnds/lib/libnds9.a(libnds_exit.arm.o)
 .comment       0x00000046       0x24 /opt/devkitpro/libnds/lib/libnds9.a(fifosystem.o)
 .comment       0x00000046       0x24 /opt/devkitpro/libnds/lib/libnds9.a(video.o)
 .comment       0x00000046       0x24 /opt/devkitpro/libnds/lib/libnds9.a(system.o)
 .comment       0x00000046       0x24 /opt/devkitpro/devkitARM/bin/../lib/gcc/arm-none-eabi/13.2.0/../../../../arm-none-eabi/lib/thumb/libg.a(libc_a-printf.o)
 .comment       0x00000046       0x24 /opt/devkitpro/devkitARM/bin/../lib/gcc/arm-none-eabi/13.2.0/../../../../arm-none-eabi/lib/thumb/libg.a(libc_a-puts.o)
 .comment       0x00000046       0x24 /opt/devkitpro/devkitARM/bin/../lib/gcc/arm-none-eabi/13.2.0/../../../../arm-none-eabi/lib/thumb/libg.a(libc_a-callocr.o)
 .comment       0x00000046       0x24 /opt/devkitpro/devkitARM/bin/../lib/gcc/arm-none-eabi/13.2.0/../../../../arm-none-eabi/lib/thumb/libg.a(libc_a-malloc.o)
 .comment       0x00000046       0x24 /opt/devkitpro/devkitARM/bin/../lib/gcc/arm-none-eabi/13.2.0/../../../../arm-none-eabi/lib/thumb/libg.a(libc_a-mallocr.o)
 .comment       0x00000046       0x24 /opt/devkitpro/devkitARM/bin/../lib/gcc/arm-none-eabi/13.2.0/../../../../arm-none-eabi/lib/thumb/libg.a(libc_a-memset.o)
 .comment       0x00000046       0x24 /opt/devkitpro/devkitARM/bin/../lib/gcc/arm-none-eabi/13.2.0/../../../../arm-none-eabi/lib/thumb/libg.a(libc_a-mlock.o)
 .comment       0x00000046       0x24 /opt/devkitpro/devkitARM/bin/../lib/gcc/arm-none-eabi/13.2.0/../../../../arm-none-eabi/lib/thumb/libg.a(libc_a-vfprintf.o)
 .comment       0x00000046       0x24 /opt/devkitpro/devkitARM/bin/../lib/gcc/arm-none-eabi/13.2.0/../../../../arm-none-eabi/lib/thumb/libg.a(libc_a-strlen.o)
 .comment       0x00000046       0x24 /opt/devkitpro/devkitARM/bin/../lib/gcc/arm-none-eabi/13.2.0/../../../../arm-none-eabi/lib/thumb/libg.a(libc_a-fflush.o)
 .comment       0x00000046       0x24 /opt/devkitpro/devkitARM/bin/../lib/gcc/arm-none-eabi/13.2.0/../../../../arm-none-eabi/lib/thumb/libg.a(libc_a-fvwrite.o)
 .comment       0x00000046       0x24 /opt/devkitpro/devkitARM/bin/../lib/gcc/arm-none-eabi/13.2.0/../../../../arm-none-eabi/lib/thumb/libg.a(libc_a-fwalk.o)
 .comment       0x00000046       0x24 /opt/devkitpro/devkitARM/bin/../lib/gcc/arm-none-eabi/13.2.0/../../../../arm-none-eabi/lib/thumb/libg.a(libc_a-reallocr.o)
 .comment       0x00000046       0x24 /opt/devkitpro/devkitARM/bin/../lib/gcc/arm-none-eabi/13.2.0/../../../../arm-none-eabi/lib/thumb/libg.a(libc_a-strncpy.o)
 .comment       0x00000046       0x24 /opt/devkitpro/devkitARM/bin/../lib/gcc/arm-none-eabi/13.2.0/../../../../arm-none-eabi/lib/thumb/libg.a(libc_a-findfp.o)
 .comment       0x00000046       0x24 /opt/devkitpro/devkitARM/bin/../lib/gcc/arm-none-eabi/13.2.0/../../../../arm-none-eabi/lib/thumb/libg.a(libc_a-realloc.o)
 .comment       0x00000046       0x24 /opt/devkitpro/devkitARM/bin/../lib/gcc/arm-none-eabi/13.2.0/../../../../arm-none-eabi/lib/thumb/libg.a(libc_a-locale.o)
 .comment       0x00000046       0x24 /opt/devkitpro/devkitARM/bin/../lib/gcc/arm-none-eabi/13.2.0/../../../../arm-none-eabi/lib/thumb/libg.a(libc_a-localeconv.o)
 .comment       0x00000046       0x24 /opt/devkitpro/devkitARM/bin/../lib/gcc/arm-none-eabi/13.2.0/../../../../arm-none-eabi/lib/thumb/libg.a(libc_a-memchr-stub.o)
 .comment       0x00000046       0x24 /opt/devkitpro/devkitARM/bin/../lib/gcc/arm-none-eabi/13.2.0/../../../../arm-none-eabi/lib/thumb/libg.a(libc_a-wctomb_r.o)
 .comment       0x00000046       0x24 /opt/devkitpro/devkitARM/bin/../lib/gcc/arm-none-eabi/13.2.0/../../../../arm-none-eabi/lib/thumb/libg.a(libc_a-memcpy-stub.o)
 .comment       0x00000046       0x24 /opt/devkitpro/devkitARM/bin/../lib/gcc/arm-none-eabi/13.2.0/../../../../arm-none-eabi/lib/thumb/libg.a(libc_a-impure.o)
 .comment       0x00000046       0x24 /opt/devkitpro/devkitARM/bin/../lib/gcc/arm-none-eabi/13.2.0/../../../../arm-none-eabi/lib/thumb/libg.a(libc_a-init.o)
 .comment       0x00000046       0x24 /opt/devkitpro/devkitARM/bin/../lib/gcc/arm-none-eabi/13.2.0/../../../../arm-none-eabi/lib/thumb/libg.a(libc_a-errno.o)
 .comment       0x00000046       0x24 /opt/devkitpro/devkitARM/bin/../lib/gcc/arm-none-eabi/13.2.0/../../../../arm-none-eabi/lib/thumb/libg.a(libm_a-s_frexp.o)
 .comment       0x00000046       0x24 /opt/devkitpro/devkitARM/bin/../lib/gcc/arm-none-eabi/13.2.0/../../../../arm-none-eabi/lib/thumb/libg.a(libc_a-wcrtomb.o)
 .comment       0x00000046       0x24 /opt/devkitpro/devkitARM/bin/../lib/gcc/arm-none-eabi/13.2.0/../../../../arm-none-eabi/lib/thumb/libg.a(libc_a-wcsrtombs.o)
 .comment       0x00000046       0x24 /opt/devkitpro/devkitARM/bin/../lib/gcc/arm-none-eabi/13.2.0/../../../../arm-none-eabi/lib/thumb/libg.a(libc_a-ctype_.o)
 .comment       0x00000046       0x24 /opt/devkitpro/devkitARM/bin/../lib/gcc/arm-none-eabi/13.2.0/../../../../arm-none-eabi/lib/thumb/libg.a(libc_a-stdio.o)
 .comment       0x00000046       0x24 /opt/devkitpro/devkitARM/bin/../lib/gcc/arm-none-eabi/13.2.0/../../../../arm-none-eabi/lib/thumb/libg.a(libc_a-vfiprintf.o)
 .comment       0x00000046       0x24 /opt/devkitpro/devkitARM/bin/../lib/gcc/arm-none-eabi/13.2.0/../../../../arm-none-eabi/lib/thumb/libg.a(libc_a-svfiprintf.o)
 .comment       0x00000046       0x24 /opt/devkitpro/devkitARM/bin/../lib/gcc/arm-none-eabi/13.2.0/../../../../arm-none-eabi/lib/thumb/libg.a(libc_a-freer.o)
 .comment       0x00000046       0x24 /opt/devkitpro/devkitARM/bin/../lib/gcc/arm-none-eabi/13.2.0/../../../../arm-none-eabi/lib/thumb/libg.a(libc_a-wsetup.o)
 .comment       0x00000046       0x24 /opt/devkitpro/devkitARM/bin/../lib/gcc/arm-none-eabi/13.2.0/../../../../arm-none-eabi/lib/thumb/libg.a(libc_a-dtoa.o)
 .comment       0x00000046       0x24 /opt/devkitpro/devkitARM/bin/../lib/gcc/arm-none-eabi/13.2.0/../../../../arm-none-eabi/lib/thumb/libg.a(libc_a-fclose.o)
 .comment       0x00000046       0x24 /opt/devkitpro/devkitARM/bin/../lib/gcc/arm-none-eabi/13.2.0/../../../../arm-none-eabi/lib/thumb/libg.a(libc_a-memmove.o)
 .comment       0x00000046       0x24 /opt/devkitpro/devkitARM/bin/../lib/gcc/arm-none-eabi/13.2.0/../../../../arm-none-eabi/lib/thumb/libg.a(libc_a-mprec.o)
 .comment       0x00000046       0x24 /opt/devkitpro/devkitARM/bin/../lib/gcc/arm-none-eabi/13.2.0/../../../../arm-none-eabi/lib/thumb/libg.a(libc_a-mbtowc_r.o)
 .comment       0x00000046       0x24 /opt/devkitpro/devkitARM/bin/../lib/gcc/arm-none-eabi/13.2.0/../../../../arm-none-eabi/lib/thumb/libg.a(libc_a-makebuf.o)
 .comment       0x00000046       0x24 /opt/devkitpro/devkitARM/bin/../lib/gcc/arm-none-eabi/13.2.0/../../../../arm-none-eabi/lib/thumb/libg.a(libc_a-wcsnrtombs.o)
 .comment       0x00000046       0x24 /opt/devkitpro/devkitARM/bin/../lib/gcc/arm-none-eabi/13.2.0/../../../../arm-none-eabi/lib/thumb/libg.a(libc_a-assert.o)
 .comment       0x00000046       0x24 /opt/devkitpro/devkitARM/bin/../lib/gcc/arm-none-eabi/13.2.0/../../../../arm-none-eabi/lib/thumb/libg.a(libc_a-fiprintf.o)
 .comment       0x00000046       0x24 /opt/devkitpro/devkitARM/bin/../lib/gcc/arm-none-eabi/13.2.0/../../../../arm-none-eabi/lib/thumb/libg.a(libc_a-abort.o)
 .comment       0x00000046       0x24 /opt/devkitpro/devkitARM/bin/../lib/gcc/arm-none-eabi/13.2.0/../../../../arm-none-eabi/lib/thumb/libg.a(libc_a-signal.o)
 .comment       0x00000046       0x24 /opt/devkitpro/devkitARM/bin/../lib/gcc/arm-none-eabi/13.2.0/../../../../arm-none-eabi/lib/thumb/libsysbase.a(libsysbase_libsysbase_a-_exit.o)
 .comment       0x00000046       0x24 /opt/devkitpro/devkitARM/bin/../lib/gcc/arm-none-eabi/13.2.0/../../../../arm-none-eabi/lib/thumb/libsysbase.a(libsysbase_libsysbase_a-build_argv.o)
 .comment       0x00000046       0x24 /opt/devkitpro/devkitARM/bin/../lib/gcc/arm-none-eabi/13.2.0/../../../../arm-none-eabi/lib/thumb/libsysbase.a(libsysbase_libsysbase_a-fstat.o)
 .comment       0x00000046       0x24 /opt/devkitpro/devkitARM/bin/../lib/gcc/arm-none-eabi/13.2.0/../../../../arm-none-eabi/lib/thumb/libsysbase.a(libsysbase_libsysbase_a-getpid.o)
 .comment       0x00000046       0x24 /opt/devkitpro/devkitARM/bin/../lib/gcc/arm-none-eabi/13.2.0/../../../../arm-none-eabi/lib/thumb/libsysbase.a(libsysbase_libsysbase_a-getreent.o)
 .comment       0x00000046       0x24 /opt/devkitpro/devkitARM/bin/../lib/gcc/arm-none-eabi/13.2.0/../../../../arm-none-eabi/lib/thumb/libsysbase.a(libsysbase_libsysbase_a-handle_manager.o)
 .comment       0x00000046       0x24 /opt/devkitpro/devkitARM/bin/../lib/gcc/arm-none-eabi/13.2.0/../../../../arm-none-eabi/lib/thumb/libsysbase.a(libsysbase_libsysbase_a-iosupport.o)
 .comment       0x00000046       0x24 /opt/devkitpro/devkitARM/bin/../lib/gcc/arm-none-eabi/13.2.0/../../../../arm-none-eabi/lib/thumb/libsysbase.a(libsysbase_libsysbase_a-isatty.o)
 .comment       0x00000046       0x24 /opt/devkitpro/devkitARM/bin/../lib/gcc/arm-none-eabi/13.2.0/../../../../arm-none-eabi/lib/thumb/libsysbase.a(libsysbase_libsysbase_a-kill.o)
 .comment       0x00000046       0x24 /opt/devkitpro/devkitARM/bin/../lib/gcc/arm-none-eabi/13.2.0/../../../../arm-none-eabi/lib/thumb/libsysbase.a(libsysbase_libsysbase_a-lseek.o)
 .comment       0x00000046       0x24 /opt/devkitpro/devkitARM/bin/../lib/gcc/arm-none-eabi/13.2.0/../../../../arm-none-eabi/lib/thumb/libsysbase.a(libsysbase_libsysbase_a-malloc_vars.o)
 .comment       0x00000046       0x24 /opt/devkitpro/devkitARM/bin/../lib/gcc/arm-none-eabi/13.2.0/../../../../arm-none-eabi/lib/thumb/libsysbase.a(libsysbase_libsysbase_a-read.o)
 .comment       0x00000046       0x24 /opt/devkitpro/devkitARM/bin/../lib/gcc/arm-none-eabi/13.2.0/../../../../arm-none-eabi/lib/thumb/libsysbase.a(libsysbase_libsysbase_a-sbrk.o)
 .comment       0x00000046       0x24 /opt/devkitpro/devkitARM/bin/../lib/gcc/arm-none-eabi/13.2.0/../../../../arm-none-eabi/lib/thumb/libsysbase.a(libsysbase_libsysbase_a-syscall_support.o)
 .comment       0x00000046       0x24 /opt/devkitpro/devkitARM/bin/../lib/gcc/arm-none-eabi/13.2.0/../../../../arm-none-eabi/lib/thumb/libsysbase.a(libsysbase_libsysbase_a-write.o)
 .comment       0x00000046       0x24 /opt/devkitpro/devkitARM/bin/../lib/gcc/arm-none-eabi/13.2.0/thumb/libgcc.a(_udivmoddi4.o)
 .comment       0x00000046       0x24 /opt/devkitpro/devkitARM/bin/../lib/gcc/arm-none-eabi/13.2.0/thumb/crtend.o

.ARM.attributes
                0x00000000       0x2d
 .ARM.attributes
                0x00000000       0x21 /opt/devkitpro/devkitARM/bin/../lib/gcc/arm-none-eabi/13.2.0/../../../../arm-none-eabi/lib/thumb/ds_arm9_crt0.o
 .ARM.attributes
                0x00000021       0x1c /opt/devkitpro/devkitARM/bin/../lib/gcc/arm-none-eabi/13.2.0/thumb/crti.o
 .ARM.attributes
                0x0000003d       0x2a /opt/devkitpro/devkitARM/bin/../lib/gcc/arm-none-eabi/13.2.0/thumb/crtbegin.o
 .ARM.attributes
                0x00000067       0x1a dino1.o
 .ARM.attributes
                0x00000081       0x27 main.o
 .ARM.attributes
                0x000000a8       0x27 physics.o
 .ARM.attributes
                0x000000cf       0x27 graphics.o
 .ARM.attributes
                0x000000f6       0x27 sound.o
 .ARM.attributes
                0x0000011d       0x2b /opt/devkitpro/libnds/lib/libnds9.a(sprite_alloc.o)
 .ARM.attributes
                0x00000148       0x2b /opt/devkitpro/libnds/lib/libnds9.a(sprite.o)
 .ARM.attributes
                0x00000173       0x2b /opt/devkitpro/libnds/lib/libnds9.a(keys.o)
 .ARM.attributes
                0x0000019e       0x2b /opt/devkitpro/libnds/lib/libnds9.a(initSystem.o)
 .ARM.attributes
                0x000001c9       0x2b /opt/devkitpro/libnds/lib/libnds9.a(securearea.o)
 .ARM.attributes
                0x000001f4       0x2b /opt/devkitpro/libnds/lib/libnds9.a(interrupts.o)
 .ARM.attributes
                0x0000021f       0x2b /opt/devkitpro/libnds/lib/libnds9.a(libnds_exit.arm.o)
 .ARM.attributes
                0x0000024a       0x2b /opt/devkitpro/libnds/lib/libnds9.a(fifosystem.o)
 .ARM.attributes
                0x00000275       0x1b /opt/devkitpro/libnds/lib/libnds9.a(dcache.o)
 .ARM.attributes
                0x00000290       0x21 /opt/devkitpro/libnds/lib/libnds9.a(mpu_setup.o)
 .ARM.attributes
                0x000002b1       0x21 /opt/devkitpro/libnds/lib/libnds9.a(IntrWait.o)
 .ARM.attributes
                0x000002d2       0x21 /opt/devkitpro/libnds/lib/libnds9.a(cpu_clock.o)
 .ARM.attributes
                0x000002f3       0x1b /opt/devkitpro/libnds/lib/libnds9.a(interruptDispatcher.o)
 .ARM.attributes
                0x0000030e       0x1b /opt/devkitpro/libnds/lib/libnds9.a(biosCalls.o)
 .ARM.attributes
                0x00000329       0x21 /opt/devkitpro/libnds/lib/libnds9.a(swiSoftReset.o)
 .ARM.attributes
                0x0000034a       0x2b /opt/devkitpro/libnds/lib/libnds9.a(video.o)
 .ARM.attributes
                0x00000375       0x2b /opt/devkitpro/libnds/lib/libnds9.a(system.o)
 .ARM.attributes
                0x000003a0       0x2a /opt/devkitpro/devkitARM/bin/../lib/gcc/arm-none-eabi/13.2.0/../../../../arm-none-eabi/lib/thumb/libg.a(libc_a-printf.o)
 .ARM.attributes
                0x000003ca       0x2a /opt/devkitpro/devkitARM/bin/../lib/gcc/arm-none-eabi/13.2.0/../../../../arm-none-eabi/lib/thumb/libg.a(libc_a-puts.o)
 .ARM.attributes
                0x000003f4       0x2a /opt/devkitpro/devkitARM/bin/../lib/gcc/arm-none-eabi/13.2.0/../../../../arm-none-eabi/lib/thumb/libg.a(libc_a-callocr.o)
 .ARM.attributes
                0x0000041e       0x2a /opt/devkitpro/devkitARM/bin/../lib/gcc/arm-none-eabi/13.2.0/../../../../arm-none-eabi/lib/thumb/libg.a(libc_a-malloc.o)
 .ARM.attributes
                0x00000448       0x2a /opt/devkitpro/devkitARM/bin/../lib/gcc/arm-none-eabi/13.2.0/../../../../arm-none-eabi/lib/thumb/libg.a(libc_a-mallocr.o)
 .ARM.attributes
                0x00000472       0x2a /opt/devkitpro/devkitARM/bin/../lib/gcc/arm-none-eabi/13.2.0/../../../../arm-none-eabi/lib/thumb/libg.a(libc_a-memset.o)
 .ARM.attributes
                0x0000049c       0x2a /opt/devkitpro/devkitARM/bin/../lib/gcc/arm-none-eabi/13.2.0/../../../../arm-none-eabi/lib/thumb/libg.a(libc_a-mlock.o)
 .ARM.attributes
                0x000004c6       0x2a /opt/devkitpro/devkitARM/bin/../lib/gcc/arm-none-eabi/13.2.0/../../../../arm-none-eabi/lib/thumb/libg.a(libc_a-vfprintf.o)
 .ARM.attributes
                0x000004f0       0x2a /opt/devkitpro/devkitARM/bin/../lib/gcc/arm-none-eabi/13.2.0/../../../../arm-none-eabi/lib/thumb/libg.a(libc_a-strlen.o)
 .ARM.attributes
                0x0000051a       0x2a /opt/devkitpro/devkitARM/bin/../lib/gcc/arm-none-eabi/13.2.0/../../../../arm-none-eabi/lib/thumb/libg.a(libc_a-fflush.o)
 .ARM.attributes
                0x00000544       0x2a /opt/devkitpro/devkitARM/bin/../lib/gcc/arm-none-eabi/13.2.0/../../../../arm-none-eabi/lib/thumb/libg.a(libc_a-fvwrite.o)
 .ARM.attributes
                0x0000056e       0x2a /opt/devkitpro/devkitARM/bin/../lib/gcc/arm-none-eabi/13.2.0/../../../../arm-none-eabi/lib/thumb/libg.a(libc_a-fwalk.o)
 .ARM.attributes
                0x00000598       0x2a /opt/devkitpro/devkitARM/bin/../lib/gcc/arm-none-eabi/13.2.0/../../../../arm-none-eabi/lib/thumb/libg.a(libc_a-reallocr.o)
 .ARM.attributes
                0x000005c2       0x2a /opt/devkitpro/devkitARM/bin/../lib/gcc/arm-none-eabi/13.2.0/../../../../arm-none-eabi/lib/thumb/libg.a(libc_a-strncpy.o)
 .ARM.attributes
                0x000005ec       0x2a /opt/devkitpro/devkitARM/bin/../lib/gcc/arm-none-eabi/13.2.0/../../../../arm-none-eabi/lib/thumb/libg.a(libc_a-findfp.o)
 .ARM.attributes
                0x00000616       0x2a /opt/devkitpro/devkitARM/bin/../lib/gcc/arm-none-eabi/13.2.0/../../../../arm-none-eabi/lib/thumb/libg.a(libc_a-realloc.o)
 .ARM.attributes
                0x00000640       0x2a /opt/devkitpro/devkitARM/bin/../lib/gcc/arm-none-eabi/13.2.0/../../../../arm-none-eabi/lib/thumb/libg.a(libc_a-locale.o)
 .ARM.attributes
                0x0000066a       0x2a /opt/devkitpro/devkitARM/bin/../lib/gcc/arm-none-eabi/13.2.0/../../../../arm-none-eabi/lib/thumb/libg.a(libc_a-localeconv.o)
 .ARM.attributes
                0x00000694       0x2a /opt/devkitpro/devkitARM/bin/../lib/gcc/arm-none-eabi/13.2.0/../../../../arm-none-eabi/lib/thumb/libg.a(libc_a-memchr-stub.o)
 .ARM.attributes
                0x000006be       0x2a /opt/devkitpro/devkitARM/bin/../lib/gcc/arm-none-eabi/13.2.0/../../../../arm-none-eabi/lib/thumb/libg.a(libc_a-wctomb_r.o)
 .ARM.attributes
                0x000006e8       0x2a /opt/devkitpro/devkitARM/bin/../lib/gcc/arm-none-eabi/13.2.0/../../../../arm-none-eabi/lib/thumb/libg.a(libc_a-memcpy-stub.o)
 .ARM.attributes
                0x00000712       0x2a /opt/devkitpro/devkitARM/bin/../lib/gcc/arm-none-eabi/13.2.0/../../../../arm-none-eabi/lib/thumb/libg.a(libc_a-impure.o)
 .ARM.attributes
                0x0000073c       0x2a /opt/devkitpro/devkitARM/bin/../lib/gcc/arm-none-eabi/13.2.0/../../../../arm-none-eabi/lib/thumb/libg.a(libc_a-init.o)
 .ARM.attributes
                0x00000766       0x2a /opt/devkitpro/devkitARM/bin/../lib/gcc/arm-none-eabi/13.2.0/../../../../arm-none-eabi/lib/thumb/libg.a(libc_a-errno.o)
 .ARM.attributes
                0x00000790       0x2a /opt/devkitpro/devkitARM/bin/../lib/gcc/arm-none-eabi/13.2.0/../../../../arm-none-eabi/lib/thumb/libg.a(libm_a-s_frexp.o)
 .ARM.attributes
                0x000007ba       0x2a /opt/devkitpro/devkitARM/bin/../lib/gcc/arm-none-eabi/13.2.0/../../../../arm-none-eabi/lib/thumb/libg.a(libc_a-wcrtomb.o)
 .ARM.attributes
                0x000007e4       0x2a /opt/devkitpro/devkitARM/bin/../lib/gcc/arm-none-eabi/13.2.0/../../../../arm-none-eabi/lib/thumb/libg.a(libc_a-wcsrtombs.o)
 .ARM.attributes
                0x0000080e       0x2a /opt/devkitpro/devkitARM/bin/../lib/gcc/arm-none-eabi/13.2.0/../../../../arm-none-eabi/lib/thumb/libg.a(libc_a-ctype_.o)
 .ARM.attributes
                0x00000838       0x2a /opt/devkitpro/devkitARM/bin/../lib/gcc/arm-none-eabi/13.2.0/../../../../arm-none-eabi/lib/thumb/libg.a(libc_a-stdio.o)
 .ARM.attributes
                0x00000862       0x2a /opt/devkitpro/devkitARM/bin/../lib/gcc/arm-none-eabi/13.2.0/../../../../arm-none-eabi/lib/thumb/libg.a(libc_a-vfiprintf.o)
 .ARM.attributes
                0x0000088c       0x2a /opt/devkitpro/devkitARM/bin/../lib/gcc/arm-none-eabi/13.2.0/../../../../arm-none-eabi/lib/thumb/libg.a(libc_a-svfiprintf.o)
 .ARM.attributes
                0x000008b6       0x2a /opt/devkitpro/devkitARM/bin/../lib/gcc/arm-none-eabi/13.2.0/../../../../arm-none-eabi/lib/thumb/libg.a(libc_a-freer.o)
 .ARM.attributes
                0x000008e0       0x2a /opt/devkitpro/devkitARM/bin/../lib/gcc/arm-none-eabi/13.2.0/../../../../arm-none-eabi/lib/thumb/libg.a(libc_a-wsetup.o)
 .ARM.attributes
                0x0000090a       0x2a /opt/devkitpro/devkitARM/bin/../lib/gcc/arm-none-eabi/13.2.0/../../../../arm-none-eabi/lib/thumb/libg.a(libc_a-dtoa.o)
 .ARM.attributes
                0x00000934       0x2a /opt/devkitpro/devkitARM/bin/../lib/gcc/arm-none-eabi/13.2.0/../../../../arm-none-eabi/lib/thumb/libg.a(libc_a-fclose.o)
 .ARM.attributes
                0x0000095e       0x2a /opt/devkitpro/devkitARM/bin/../lib/gcc/arm-none-eabi/13.2.0/../../../../arm-none-eabi/lib/thumb/libg.a(libc_a-memmove.o)
 .ARM.attributes
                0x00000988       0x2a /opt/devkitpro/devkitARM/bin/../lib/gcc/arm-none-eabi/13.2.0/../../../../arm-none-eabi/lib/thumb/libg.a(libc_a-mprec.o)
 .ARM.attributes
                0x000009b2       0x2a /opt/devkitpro/devkitARM/bin/../lib/gcc/arm-none-eabi/13.2.0/../../../../arm-none-eabi/lib/thumb/libg.a(libc_a-mbtowc_r.o)
 .ARM.attributes
                0x000009dc       0x2a /opt/devkitpro/devkitARM/bin/../lib/gcc/arm-none-eabi/13.2.0/../../../../arm-none-eabi/lib/thumb/libg.a(libc_a-makebuf.o)
 .ARM.attributes
                0x00000a06       0x2a /opt/devkitpro/devkitARM/bin/../lib/gcc/arm-none-eabi/13.2.0/../../../../arm-none-eabi/lib/thumb/libg.a(libc_a-wcsnrtombs.o)
 .ARM.attributes
                0x00000a30       0x2a /opt/devkitpro/devkitARM/bin/../lib/gcc/arm-none-eabi/13.2.0/../../../../arm-none-eabi/lib/thumb/libg.a(libc_a-assert.o)
 .ARM.attributes
                0x00000a5a       0x2a /opt/devkitpro/devkitARM/bin/../lib/gcc/arm-none-eabi/13.2.0/../../../../arm-none-eabi/lib/thumb/libg.a(libc_a-fiprintf.o)
 .ARM.attributes
                0x00000a84       0x2a /opt/devkitpro/devkitARM/bin/../lib/gcc/arm-none-eabi/13.2.0/../../../../arm-none-eabi/lib/thumb/libg.a(libc_a-abort.o)
 .ARM.attributes
                0x00000aae       0x2a /opt/devkitpro/devkitARM/bin/../lib/gcc/arm-none-eabi/13.2.0/../../../../arm-none-eabi/lib/thumb/libg.a(libc_a-signal.o)
 .ARM.attributes
                0x00000ad8       0x2a /opt/devkitpro/devkitARM/bin/../lib/gcc/arm-none-eabi/13.2.0/../../../../arm-none-eabi/lib/thumb/libsysbase.a(libsysbase_libsysbase_a-_exit.o)
 .ARM.attributes
                0x00000b02       0x2a /opt/devkitpro/devkitARM/bin/../lib/gcc/arm-none-eabi/13.2.0/../../../../arm-none-eabi/lib/thumb/libsysbase.a(libsysbase_libsysbase_a-build_argv.o)
 .ARM.attributes
                0x00000b2c       0x2a /opt/devkitpro/devkitARM/bin/../lib/gcc/arm-none-eabi/13.2.0/../../../../arm-none-eabi/lib/thumb/libsysbase.a(libsysbase_libsysbase_a-fstat.o)
 .ARM.attributes
                0x00000b56       0x2a /opt/devkitpro/devkitARM/bin/../lib/gcc/arm-none-eabi/13.2.0/../../../../arm-none-eabi/lib/thumb/libsysbase.a(libsysbase_libsysbase_a-getpid.o)
 .ARM.attributes
                0x00000b80       0x2a /opt/devkitpro/devkitARM/bin/../lib/gcc/arm-none-eabi/13.2.0/../../../../arm-none-eabi/lib/thumb/libsysbase.a(libsysbase_libsysbase_a-getreent.o)
 .ARM.attributes
                0x00000baa       0x2a /opt/devkitpro/devkitARM/bin/../lib/gcc/arm-none-eabi/13.2.0/../../../../arm-none-eabi/lib/thumb/libsysbase.a(libsysbase_libsysbase_a-handle_manager.o)
 .ARM.attributes
                0x00000bd4       0x2a /opt/devkitpro/devkitARM/bin/../lib/gcc/arm-none-eabi/13.2.0/../../../../arm-none-eabi/lib/thumb/libsysbase.a(libsysbase_libsysbase_a-iosupport.o)
 .ARM.attributes
                0x00000bfe       0x2a /opt/devkitpro/devkitARM/bin/../lib/gcc/arm-none-eabi/13.2.0/../../../../arm-none-eabi/lib/thumb/libsysbase.a(libsysbase_libsysbase_a-isatty.o)
 .ARM.attributes
                0x00000c28       0x2a /opt/devkitpro/devkitARM/bin/../lib/gcc/arm-none-eabi/13.2.0/../../../../arm-none-eabi/lib/thumb/libsysbase.a(libsysbase_libsysbase_a-kill.o)
 .ARM.attributes
                0x00000c52       0x2a /opt/devkitpro/devkitARM/bin/../lib/gcc/arm-none-eabi/13.2.0/../../../../arm-none-eabi/lib/thumb/libsysbase.a(libsysbase_libsysbase_a-lseek.o)
 .ARM.attributes
                0x00000c7c       0x2a /opt/devkitpro/devkitARM/bin/../lib/gcc/arm-none-eabi/13.2.0/../../../../arm-none-eabi/lib/thumb/libsysbase.a(libsysbase_libsysbase_a-malloc_vars.o)
 .ARM.attributes
                0x00000ca6       0x2a /opt/devkitpro/devkitARM/bin/../lib/gcc/arm-none-eabi/13.2.0/../../../../arm-none-eabi/lib/thumb/libsysbase.a(libsysbase_libsysbase_a-read.o)
 .ARM.attributes
                0x00000cd0       0x2a /opt/devkitpro/devkitARM/bin/../lib/gcc/arm-none-eabi/13.2.0/../../../../arm-none-eabi/lib/thumb/libsysbase.a(libsysbase_libsysbase_a-sbrk.o)
 .ARM.attributes
                0x00000cfa       0x2a /opt/devkitpro/devkitARM/bin/../lib/gcc/arm-none-eabi/13.2.0/../../../../arm-none-eabi/lib/thumb/libsysbase.a(libsysbase_libsysbase_a-syscall_support.o)
 .ARM.attributes
                0x00000d24       0x2a /opt/devkitpro/devkitARM/bin/../lib/gcc/arm-none-eabi/13.2.0/../../../../arm-none-eabi/lib/thumb/libsysbase.a(libsysbase_libsysbase_a-write.o)
 .ARM.attributes
                0x00000d4e       0x1c /opt/devkitpro/devkitARM/bin/../lib/gcc/arm-none-eabi/13.2.0/thumb/libgcc.a(_thumb1_case_uqi.o)
 .ARM.attributes
                0x00000d6a       0x1c /opt/devkitpro/devkitARM/bin/../lib/gcc/arm-none-eabi/13.2.0/thumb/libgcc.a(_thumb1_case_uhi.o)
 .ARM.attributes
                0x00000d86       0x1c /opt/devkitpro/devkitARM/bin/../lib/gcc/arm-none-eabi/13.2.0/thumb/libgcc.a(_udivsi3.o)
 .ARM.attributes
                0x00000da2       0x1c /opt/devkitpro/devkitARM/bin/../lib/gcc/arm-none-eabi/13.2.0/thumb/libgcc.a(_divsi3.o)
 .ARM.attributes
                0x00000dbe       0x1c /opt/devkitpro/devkitARM/bin/../lib/gcc/arm-none-eabi/13.2.0/thumb/libgcc.a(_dvmd_tls.o)
 .ARM.attributes
                0x00000dda       0x1c /opt/devkitpro/devkitARM/bin/../lib/gcc/arm-none-eabi/13.2.0/thumb/libgcc.a(_arm_addsubdf3.o)
 .ARM.attributes
                0x00000df6       0x1c /opt/devkitpro/devkitARM/bin/../lib/gcc/arm-none-eabi/13.2.0/thumb/libgcc.a(_arm_muldivdf3.o)
 .ARM.attributes
                0x00000e12       0x1c /opt/devkitpro/devkitARM/bin/../lib/gcc/arm-none-eabi/13.2.0/thumb/libgcc.a(_arm_cmpdf2.o)
 .ARM.attributes
                0x00000e2e       0x1c /opt/devkitpro/devkitARM/bin/../lib/gcc/arm-none-eabi/13.2.0/thumb/libgcc.a(_arm_unorddf2.o)
 .ARM.attributes
                0x00000e4a       0x1c /opt/devkitpro/devkitARM/bin/../lib/gcc/arm-none-eabi/13.2.0/thumb/libgcc.a(_arm_fixdfsi.o)
 .ARM.attributes
                0x00000e66       0x1c /opt/devkitpro/devkitARM/bin/../lib/gcc/arm-none-eabi/13.2.0/thumb/libgcc.a(_aeabi_uldivmod.o)
 .ARM.attributes
                0x00000e82       0x2a /opt/devkitpro/devkitARM/bin/../lib/gcc/arm-none-eabi/13.2.0/thumb/libgcc.a(_udivmoddi4.o)
 .ARM.attributes
                0x00000eac       0x1c /opt/devkitpro/devkitARM/bin/../lib/gcc/arm-none-eabi/13.2.0/thumb/libgcc.a(_clzdi2.o)
 .ARM.attributes
                0x00000ec8       0x1c /opt/devkitpro/devkitARM/bin/../lib/gcc/arm-none-eabi/13.2.0/thumb/libgcc.a(_clzsi2.o)
 .ARM.attributes
                0x00000ee4       0x2a /opt/devkitpro/devkitARM/bin/../lib/gcc/arm-none-eabi/13.2.0/thumb/crtend.o
 .ARM.attributes
                0x00000f0e       0x1c /opt/devkitpro/devkitARM/bin/../lib/gcc/arm-none-eabi/13.2.0/thumb/crtn.o

.debug
 *(.debug)

.line
 *(.line)

.debug_srcinfo
 *(.debug_srcinfo)

.debug_sfnames
 *(.debug_sfnames)

.debug_aranges  0x00000000      0x540
 *(.debug_aranges)
 .debug_aranges
                0x00000000       0x20 main.o
 .debug_aranges
                0x00000020       0x20 physics.o
 .debug_aranges
                0x00000040       0x20 graphics.o
 .debug_aranges
                0x00000060       0x20 sound.o
 .debug_aranges
                0x00000080       0x38 /opt/devkitpro/libnds/lib/libnds9.a(sprite_alloc.o)
 .debug_aranges
                0x000000b8       0x60 /opt/devkitpro/libnds/lib/libnds9.a(sprite.o)
 .debug_aranges
                0x00000118       0x50 /opt/devkitpro/libnds/lib/libnds9.a(keys.o)
 .debug_aranges
                0x00000168       0x30 /opt/devkitpro/libnds/lib/libnds9.a(initSystem.o)
 .debug_aranges
                0x00000198       0x18 /opt/devkitpro/libnds/lib/libnds9.a(securearea.o)
 .debug_aranges
                0x000001b0       0x50 /opt/devkitpro/libnds/lib/libnds9.a(interrupts.o)
 .debug_aranges
                0x00000200       0x28 /opt/devkitpro/libnds/lib/libnds9.a(libnds_exit.arm.o)
 .debug_aranges
                0x00000228       0xb0 /opt/devkitpro/libnds/lib/libnds9.a(fifosystem.o)
 .debug_aranges
                0x000002d8       0x38 /opt/devkitpro/libnds/lib/libnds9.a(dcache.o)
 .debug_aranges
                0x00000310       0x30 /opt/devkitpro/libnds/lib/libnds9.a(mpu_setup.o)
 .debug_aranges
                0x00000340       0x28 /opt/devkitpro/libnds/lib/libnds9.a(IntrWait.o)
 .debug_aranges
                0x00000368       0x20 /opt/devkitpro/libnds/lib/libnds9.a(cpu_clock.o)
 .debug_aranges
                0x00000388       0x20 /opt/devkitpro/libnds/lib/libnds9.a(interruptDispatcher.o)
 .debug_aranges
                0x000003a8       0xc8 /opt/devkitpro/libnds/lib/libnds9.a(biosCalls.o)
 .debug_aranges
                0x00000470       0x20 /opt/devkitpro/libnds/lib/libnds9.a(swiSoftReset.o)
 .debug_aranges
                0x00000490       0x48 /opt/devkitpro/libnds/lib/libnds9.a(video.o)
 .debug_aranges
                0x000004d8       0x68 /opt/devkitpro/libnds/lib/libnds9.a(system.o)

.debug_pubnames
 *(.debug_pubnames)

.debug_info     0x00000000     0xa112
 *(.debug_info)
 .debug_info    0x00000000      0xe63 main.o
 .debug_info    0x00000e63      0xbed physics.o
 .debug_info    0x00001a50      0xe76 graphics.o
 .debug_info    0x000028c6      0x396 sound.o
 .debug_info    0x00002c5c     0x1cb1 /opt/devkitpro/libnds/lib/libnds9.a(sprite_alloc.o)
 .debug_info    0x0000490d      0xd00 /opt/devkitpro/libnds/lib/libnds9.a(sprite.o)
 .debug_info    0x0000560d      0x43b /opt/devkitpro/libnds/lib/libnds9.a(keys.o)
 .debug_info    0x00005a48     0x113e /opt/devkitpro/libnds/lib/libnds9.a(initSystem.o)
 .debug_info    0x00006b86       0x5a /opt/devkitpro/libnds/lib/libnds9.a(securearea.o)
 .debug_info    0x00006be0      0x68d /opt/devkitpro/libnds/lib/libnds9.a(interrupts.o)
 .debug_info    0x0000726d      0x367 /opt/devkitpro/libnds/lib/libnds9.a(libnds_exit.arm.o)
 .debug_info    0x000075d4     0x183f /opt/devkitpro/libnds/lib/libnds9.a(fifosystem.o)
 .debug_info    0x00008e13       0x23 /opt/devkitpro/libnds/lib/libnds9.a(dcache.o)
 .debug_info    0x00008e36       0x23 /opt/devkitpro/libnds/lib/libnds9.a(mpu_setup.o)
 .debug_info    0x00008e59       0x23 /opt/devkitpro/libnds/lib/libnds9.a(IntrWait.o)
 .debug_info    0x00008e7c       0x24 /opt/devkitpro/libnds/lib/libnds9.a(cpu_clock.o)
 .debug_info    0x00008ea0       0x25 /opt/devkitpro/libnds/lib/libnds9.a(interruptDispatcher.o)
 .debug_info    0x00008ec5       0x23 /opt/devkitpro/libnds/lib/libnds9.a(biosCalls.o)
 .debug_info    0x00008ee8       0x24 /opt/devkitpro/libnds/lib/libnds9.a(swiSoftReset.o)
 .debug_info    0x00008f0c      0x790 /opt/devkitpro/libnds/lib/libnds9.a(video.o)
 .debug_info    0x0000969c      0xa76 /opt/devkitpro/libnds/lib/libnds9.a(system.o)

.debug_abbrev   0x00000000     0x261e
 *(.debug_abbrev)
 .debug_abbrev  0x00000000      0x305 main.o
 .debug_abbrev  0x00000305      0x29a physics.o
 .debug_abbrev  0x0000059f      0x2d1 graphics.o
 .debug_abbrev  0x00000870      0x11b sound.o
 .debug_abbrev  0x0000098b      0x3b5 /opt/devkitpro/libnds/lib/libnds9.a(sprite_alloc.o)
 .debug_abbrev  0x00000d40      0x3de /opt/devkitpro/libnds/lib/libnds9.a(sprite.o)
 .debug_abbrev  0x0000111e      0x1a7 /opt/devkitpro/libnds/lib/libnds9.a(keys.o)
 .debug_abbrev  0x000012c5      0x3e1 /opt/devkitpro/libnds/lib/libnds9.a(initSystem.o)
 .debug_abbrev  0x000016a6       0x47 /opt/devkitpro/libnds/lib/libnds9.a(securearea.o)
 .debug_abbrev  0x000016ed      0x2da /opt/devkitpro/libnds/lib/libnds9.a(interrupts.o)
 .debug_abbrev  0x000019c7      0x1ad /opt/devkitpro/libnds/lib/libnds9.a(libnds_exit.arm.o)
 .debug_abbrev  0x00001b74      0x4bb /opt/devkitpro/libnds/lib/libnds9.a(fifosystem.o)
 .debug_abbrev  0x0000202f       0x12 /opt/devkitpro/libnds/lib/libnds9.a(dcache.o)
 .debug_abbrev  0x00002041       0x12 /opt/devkitpro/libnds/lib/libnds9.a(mpu_setup.o)
 .debug_abbrev  0x00002053       0x12 /opt/devkitpro/libnds/lib/libnds9.a(IntrWait.o)
 .debug_abbrev  0x00002065       0x14 /opt/devkitpro/libnds/lib/libnds9.a(cpu_clock.o)
 .debug_abbrev  0x00002079       0x14 /opt/devkitpro/libnds/lib/libnds9.a(interruptDispatcher.o)
 .debug_abbrev  0x0000208d       0x12 /opt/devkitpro/libnds/lib/libnds9.a(biosCalls.o)
 .debug_abbrev  0x0000209f       0x14 /opt/devkitpro/libnds/lib/libnds9.a(swiSoftReset.o)
 .debug_abbrev  0x000020b3      0x24c /opt/devkitpro/libnds/lib/libnds9.a(video.o)
 .debug_abbrev  0x000022ff      0x31f /opt/devkitpro/libnds/lib/libnds9.a(system.o)

.debug_line     0x00000000     0x5f46
 *(.debug_line)
 .debug_line    0x00000000      0x416 main.o
 .debug_line    0x00000416      0x38c physics.o
 .debug_line    0x000007a2      0x309 graphics.o
 .debug_line    0x00000aab      0x176 sound.o
 .debug_line    0x00000c21     0x1736 /opt/devkitpro/libnds/lib/libnds9.a(sprite_alloc.o)
 .debug_line    0x00002357      0x74e /opt/devkitpro/libnds/lib/libnds9.a(sprite.o)
 .debug_line    0x00002aa5      0x399 /opt/devkitpro/libnds/lib/libnds9.a(keys.o)
 .debug_line    0x00002e3e      0x597 /opt/devkitpro/libnds/lib/libnds9.a(initSystem.o)
 .debug_line    0x000033d5       0x8f /opt/devkitpro/libnds/lib/libnds9.a(securearea.o)
 .debug_line    0x00003464      0x54c /opt/devkitpro/libnds/lib/libnds9.a(interrupts.o)
 .debug_line    0x000039b0      0x23b /opt/devkitpro/libnds/lib/libnds9.a(libnds_exit.arm.o)
 .debug_line    0x00003beb     0x14f5 /opt/devkitpro/libnds/lib/libnds9.a(fifosystem.o)
 .debug_line    0x000050e0       0x96 /opt/devkitpro/libnds/lib/libnds9.a(dcache.o)
 .debug_line    0x00005176       0xe8 /opt/devkitpro/libnds/lib/libnds9.a(mpu_setup.o)
 .debug_line    0x0000525e       0x74 /opt/devkitpro/libnds/lib/libnds9.a(IntrWait.o)
 .debug_line    0x000052d2       0x5c /opt/devkitpro/libnds/lib/libnds9.a(cpu_clock.o)
 .debug_line    0x0000532e       0x80 /opt/devkitpro/libnds/lib/libnds9.a(interruptDispatcher.o)
 .debug_line    0x000053ae      0x1b0 /opt/devkitpro/libnds/lib/libnds9.a(biosCalls.o)
 .debug_line    0x0000555e       0x57 /opt/devkitpro/libnds/lib/libnds9.a(swiSoftReset.o)
 .debug_line    0x000055b5      0x4b5 /opt/devkitpro/libnds/lib/libnds9.a(video.o)
 .debug_line    0x00005a6a      0x4dc /opt/devkitpro/libnds/lib/libnds9.a(system.o)

.debug_frame    0x00000000      0x914
 *(.debug_frame)
 .debug_frame   0x00000000       0x58 main.o
 .debug_frame   0x00000058       0x78 physics.o
 .debug_frame   0x000000d0       0x8c graphics.o
 .debug_frame   0x0000015c       0x20 sound.o
 .debug_frame   0x0000017c       0x9c /opt/devkitpro/libnds/lib/libnds9.a(sprite_alloc.o)
 .debug_frame   0x00000218       0xf0 /opt/devkitpro/libnds/lib/libnds9.a(sprite.o)
 .debug_frame   0x00000308       0x8c /opt/devkitpro/libnds/lib/libnds9.a(keys.o)
 .debug_frame   0x00000394       0x5c /opt/devkitpro/libnds/lib/libnds9.a(initSystem.o)
 .debug_frame   0x000003f0       0xa4 /opt/devkitpro/libnds/lib/libnds9.a(interrupts.o)
 .debug_frame   0x00000494       0x38 /opt/devkitpro/libnds/lib/libnds9.a(libnds_exit.arm.o)
 .debug_frame   0x000004cc      0x294 /opt/devkitpro/libnds/lib/libnds9.a(fifosystem.o)
 .debug_frame   0x00000760       0xbc /opt/devkitpro/libnds/lib/libnds9.a(video.o)
 .debug_frame   0x0000081c       0xf8 /opt/devkitpro/libnds/lib/libnds9.a(system.o)

.debug_str      0x00000000     0x338b
 *(.debug_str)
 .debug_str     0x00000000     0x338b main.o
                                0xa43 (size before relaxing)
 .debug_str     0x0000338b      0x75f physics.o
 .debug_str     0x0000338b      0xe91 graphics.o
 .debug_str     0x0000338b      0x3ce sound.o
 .debug_str     0x0000338b      0x7de /opt/devkitpro/libnds/lib/libnds9.a(sprite_alloc.o)
 .debug_str     0x0000338b      0x870 /opt/devkitpro/libnds/lib/libnds9.a(sprite.o)
 .debug_str     0x0000338b      0x420 /opt/devkitpro/libnds/lib/libnds9.a(keys.o)
 .debug_str     0x0000338b      0xb81 /opt/devkitpro/libnds/lib/libnds9.a(initSystem.o)
 .debug_str     0x0000338b      0x16e /opt/devkitpro/libnds/lib/libnds9.a(securearea.o)
 .debug_str     0x0000338b      0x496 /opt/devkitpro/libnds/lib/libnds9.a(interrupts.o)
 .debug_str     0x0000338b      0x3e5 /opt/devkitpro/libnds/lib/libnds9.a(libnds_exit.arm.o)
 .debug_str     0x0000338b      0x8a9 /opt/devkitpro/libnds/lib/libnds9.a(fifosystem.o)
 .debug_str     0x0000338b       0x69 /opt/devkitpro/libnds/lib/libnds9.a(dcache.o)
 .debug_str     0x0000338b       0x6c /opt/devkitpro/libnds/lib/libnds9.a(mpu_setup.o)
 .debug_str     0x0000338b       0x6b /opt/devkitpro/libnds/lib/libnds9.a(IntrWait.o)
 .debug_str     0x0000338b       0x6c /opt/devkitpro/libnds/lib/libnds9.a(cpu_clock.o)
 .debug_str     0x0000338b       0x76 /opt/devkitpro/libnds/lib/libnds9.a(interruptDispatcher.o)
 .debug_str     0x0000338b       0x6c /opt/devkitpro/libnds/lib/libnds9.a(biosCalls.o)
 .debug_str     0x0000338b       0x6f /opt/devkitpro/libnds/lib/libnds9.a(swiSoftReset.o)
 .debug_str     0x0000338b      0xc53 /opt/devkitpro/libnds/lib/libnds9.a(video.o)
 .debug_str     0x0000338b      0x798 /opt/devkitpro/libnds/lib/libnds9.a(system.o)

.debug_loc
 *(.debug_loc)

.debug_macinfo
 *(.debug_macinfo)

.debug_weaknames
 *(.debug_weaknames)

.debug_funcnames
 *(.debug_funcnames)

.debug_typenames
 *(.debug_typenames)

.debug_varnames
 *(.debug_varnames)

.stack          0x00080000        0x0
                0x00080000                        _stack = .
 *(.stack)