Archive member included to satisfy reference by file (symbol)

/opt/devkitpro/libnds/lib/libnds9.a(sprite_alloc.o)
                              graphics.o (oamAllocateGfx)
/opt/devkitpro/libnds/lib/libnds9.a(console.o)
                              main.o (consoleDemoInit)
/opt/devkitpro/libnds/lib/libnds9.a(videoGL.o)
                              main.o (glGlobalData)
/opt/devkitpro/libnds/lib/libnds9.a(sprite.o)
                              graphics.o (oamInit)
/opt/devkitpro/libnds/lib/libnds9.a(keys.o)
                              main.o (scanKeys)
/opt/devkitpro/libnds/lib/libnds9.a(initSystem.o)
                              /opt/devkitpro/devkitARM/bin/../lib/gcc/arm-none-eabi/13.2.0/../../../../arm-none-eabi/lib/thumb/ds_arm9_crt0.o (initSystem)
/opt/devkitpro/libnds/lib/libnds9.a(securearea.o)
                              /opt/devkitpro/devkitARM/bin/../lib/gcc/arm-none-eabi/13.2.0/../../../../arm-none-eabi/lib/thumb/ds_arm9_crt0.o (__secure_area__)
/opt/devkitpro/libnds/lib/libnds9.a(interrupts.o)
                              main.o (irqSet)
/opt/devkitpro/libnds/lib/libnds9.a(libnds_exit.arm.o)
                              /opt/devkitpro/devkitARM/bin/../lib/gcc/arm-none-eabi/13.2.0/../../../../arm-none-eabi/lib/thumb/ds_arm9_crt0.o (__libnds_exit)
/opt/devkitpro/libnds/lib/libnds9.a(fifosystem.o)
                              /opt/devkitpro/libnds/lib/libnds9.a(initSystem.o) (fifoSetValue32Handler)
/opt/devkitpro/libnds/lib/libnds9.a(dcache.o)
                              /opt/devkitpro/libnds/lib/libnds9.a(sprite.o) (DC_FlushRange)
/opt/devkitpro/libnds/lib/libnds9.a(mpu_setup.o)
                              /opt/devkitpro/devkitARM/bin/../lib/gcc/arm-none-eabi/13.2.0/../../../../arm-none-eabi/lib/thumb/ds_arm9_crt0.o (__libnds_mpu_setup)
/opt/devkitpro/libnds/lib/libnds9.a(IntrWait.o)
                              graphics.o (swiWaitForVBlank)
/opt/devkitpro/libnds/lib/libnds9.a(cpu_clock.o)
                              /opt/devkitpro/libnds/lib/libnds9.a(initSystem.o) (setCpuClock)
/opt/devkitpro/libnds/lib/libnds9.a(interruptDispatcher.o)
                              /opt/devkitpro/libnds/lib/libnds9.a(interrupts.o) (IntrMain)
/opt/devkitpro/libnds/lib/libnds9.a(biosCalls.o)
                              graphics.o (swiCopy)
/opt/devkitpro/libnds/lib/libnds9.a(debugprint.o)
                              /opt/devkitpro/libnds/lib/libnds9.a(console.o) (nocashWrite)
/opt/devkitpro/libnds/lib/libnds9.a(swiSoftReset.o)
                              /opt/devkitpro/libnds/lib/libnds9.a(fifosystem.o) (swiSoftReset)
/opt/devkitpro/libnds/lib/libnds9.a(default_font.bin.o)
                              /opt/devkitpro/libnds/lib/libnds9.a(console.o) (default_font_bin)
/opt/devkitpro/libnds/lib/libnds9.a(background.o)
                              /opt/devkitpro/libnds/lib/libnds9.a(console.o) (bgState)
/opt/devkitpro/libnds/lib/libnds9.a(dynamicArray.o)
                              /opt/devkitpro/libnds/lib/libnds9.a(videoGL.o) (DynamicArrayInit)
/opt/devkitpro/libnds/lib/libnds9.a(trig.o)
                              /opt/devkitpro/libnds/lib/libnds9.a(videoGL.o) (sinLerp)
/opt/devkitpro/libnds/lib/libnds9.a(video.o)
                              /opt/devkitpro/libnds/lib/libnds9.a(videoGL.o) (vramSetBanks_EFG)
/opt/devkitpro/libnds/lib/libnds9.a(system.o)
                              /opt/devkitpro/libnds/lib/libnds9.a(initSystem.o) (systemValueHandler)
/opt/devkitpro/libnds/lib/libmm9.a(mm_comms.o)
                              sound.o (mmStart)
/opt/devkitpro/libnds/lib/libmm9.a(mm_memory.o)
                              sound.o (mmLoad)
/opt/devkitpro/libnds/lib/libmm9.a(mm_main9.o)
                              /opt/devkitpro/libnds/lib/libmm9.a(mm_memory.o) (mmcbMemory)
/opt/devkitpro/libnds/lib/libmm9.a(mm_soundbank.o)
                              /opt/devkitpro/libnds/lib/libmm9.a(mm_main9.o) (mmSoundBankInMemory)
/opt/devkitpro/libnds/lib/libmm9.a(mm_flusher.o)
                              /opt/devkitpro/libnds/lib/libmm9.a(mm_memory.o) (mmFlushBank)
/opt/devkitpro/devkitARM/bin/../lib/gcc/arm-none-eabi/13.2.0/../../../../arm-none-eabi/lib/thumb/libstdc++.a(del_ops.o)
                              main.o (operator delete(void*, unsigned int))
/opt/devkitpro/devkitARM/bin/../lib/gcc/arm-none-eabi/13.2.0/../../../../arm-none-eabi/lib/thumb/libstdc++.a(new_op.o)
                              main.o (operator new(unsigned int))
/opt/devkitpro/devkitARM/bin/../lib/gcc/arm-none-eabi/13.2.0/../../../../arm-none-eabi/lib/thumb/libstdc++.a(functexcept.o)
                              main.o (std::__throw_bad_alloc())
/opt/devkitpro/devkitARM/bin/../lib/gcc/arm-none-eabi/13.2.0/../../../../arm-none-eabi/lib/thumb/libstdc++.a(bad_alloc.o)
                              /opt/devkitpro/devkitARM/bin/../lib/gcc/arm-none-eabi/13.2.0/../../../../arm-none-eabi/lib/thumb/libstdc++.a(new_op.o) (vtable for std::bad_alloc)
[...]
Memory Configuration

Name             Origin             Length             Attributes
ewram            0x02000000         0x00380000
dtcm             0x02ff0000         0x00004000
vectors          0x01000000         0x00000100
itcm             0x01000100         0x00007f00
*default*        0x00000000         0xffffffff

Linker script and memory map

                0x02380000                        __ewram_end = (ORIGIN (ewram) + LENGTH (ewram))
                0x02380000                        __eheap_end = (ORIGIN (ewram) + LENGTH (ewram))
                0x02ff4000                        __dtcm_top = (ORIGIN (dtcm) + LENGTH (dtcm))
                0x02ff3ff8                        __irq_flags = (__dtcm_top - 0x8)
                0x02ff3ffc                        __irq_vector = (__dtcm_top - 0x4)
                0x02ff3f00                        __sp_svc = (__dtcm_top - 0x100)
                0x02ff3e00                        __sp_irq = (__sp_svc - 0x100)
                0x02ff3d00                        __sp_usr = (__sp_irq - 0x100)

.secure         0x02000000      0x800
 *(.secure)
 .secure        0x02000000      0x800 /opt/devkitpro/libnds/lib/libnds9.a(securearea.o)
                0x02000000                __secure_area__

.crt0           0x02000800      0x300
                0x02000800                        __text_start = .
 *(.crt0)
 .crt0          0x02000800      0x300 /opt/devkitpro/devkitARM/bin/../lib/gcc/arm-none-eabi/13.2.0/../../../../arm-none-eabi/lib/thumb/ds_arm9_crt0.o
                0x02000800                _start
                0x02000b00                        . = ALIGN (0x4)

.plt
 *(.plt)

.init           0x02000b00        0xc
 *(SORT_NONE(.init))
 .init          0x02000b00        0x4 /opt/devkitpro/devkitARM/bin/../lib/gcc/arm-none-eabi/13.2.0/thumb/crti.o
                0x02000b00                _init
 .init          0x02000b04        0x8 /opt/devkitpro/devkitARM/bin/../lib/gcc/arm-none-eabi/13.2.0/thumb/crtn.o

.text           0x02000b10    0x12fb8
 *(EXCLUDE_FILE(*.twl* *.vectors* *.itcm*) .text)
 .text          0x02000b10      0x198 main.o
                0x02000b10                printState(GameState*)
                0x02000b70                physics_ISR()
                0x02000b8c                main
 .text          0x02000ca8       0x26 level_generation.o
                0x02000ca8                init_level(GameState*, Level*)
                0x02000cc4                Level::create_spike()
 *fill*         0x02000cce        0x2 ff
 .text          0x02000cd0       0xc8 physics.o
                0x02000cd0                init_physics(GameState*)
                0x02000d10                fix_clipping(GameState*)
                0x02000d36                check_collisions(GameState*)
                0x02000d40                update_physics(GameState*)
                0x02000d74                jump(GameState*)
 .text          0x02000d98      0x254 graphics.o
                0x02000d98                init_background_main
                0x02000e94                init_dino_sprite
                0x02000f00                init_graphics_main
                0x02000f18                init_graphics_sub
                0x02000f68                update_sprite_graphics
                0x02000fd8                update_graphics
 .text          0x02000fec       0x28 sound.o
                0x02000fec                init_sound
                0x02001004                start_background_music
 .text          0x02001014      0x24c /opt/devkitpro/libnds/lib/libmm9.a(mm_comms.o)
                0x02001014                mmSetupComms
                0x02001066                mmSendBank
                0x02001070                mmLockChannels
                0x02001076                mmUnlockChannels
                0x0200107c                mmStart
                0x02001086                mmPause
                0x0200108a                mmResume
                0x0200108e                mmStop
                0x02001092                mmPosition
                0x02001096                mmJingle
                0x0200109a                mmSetModuleVolume
                0x0200109e                mmSetJingleVolume
                0x020010a2                mmSetModuleTempo
                0x020010a6                mmSetModulePitch
                0x020010aa                mmSetEffectsVolume
                0x020010ae                mmSelectMode
                0x020010b2                mmStreamBegin
                0x020010c6                mmStreamEnd
                0x0200111c                mmEffect
                0x02001140                mmEffectVolume
                0x02001144                mmEffectPanning
                0x02001148                mmEffectRate
                0x02001152                mmEffectScaleRate
                0x0200115c                mmEffectRelease
                0x02001162                mmEffectCancel
                0x02001168                mmEffectEx
                0x020011a6                mmEffectCancelAll
                0x020011aa                mmReverbEnable
                0x020011ae                mmReverbDisable
                0x020011b2                mmReverbConfigure
                0x0200120e                mmReverbStart
                0x02001212                mmReverbStop
 .text          0x02001260      0x120 /opt/devkitpro/libnds/lib/libmm9.a(mm_memory.o)
                0x02001260                mmLoad
                0x020012b0                mmUnload
                0x02001308                mmLoadEffect
                0x02001340                mmUnloadEffect
 .text          0x02001380      0x108 /opt/devkitpro/libnds/lib/libmm9.a(mm_main9.o)
                0x02001380                mmActive
                0x02001386                mmSetEventHandler
                0x0200138c                mmInit
                0x020013b6                mmInitDefault
                0x02001400                mmInitDefaultMem
                0x02001422                mmSuspendIRQ_t
                0x02001440                mmRestoreIRQ_t
 .text          0x02001488      0x100 /opt/devkitpro/libnds/lib/libmm9.a(mm_soundbank.o)
                0x02001488                mmSoundBankInMemory
                0x02001490                mmSoundBankInFiles
                0x020014a2                mmSetCustomSoundBankHandler
                0x020014ce                mmsHandleFileOp
 .text          0x02001588       0x3c /opt/devkitpro/libnds/lib/libmm9.a(mm_flusher.o)
                0x02001588                mmFlushBank
 .text          0x020015c4      0x11c /opt/devkitpro/devkitARM/bin/../lib/gcc/arm-none-eabi/13.2.0/thumb/libgcc.a(_udivsi3.o)
                0x020015c4                __udivsi3
                0x020015c4                __aeabi_uidiv
                0x020016c0                __aeabi_uidivmod
 .text          0x020016e0      0x150 /opt/devkitpro/devkitARM/bin/../lib/gcc/arm-none-eabi/13.2.0/thumb/libgcc.a(_divsi3.o)
                0x020016e0                __aeabi_idiv
                0x020016e0                __divsi3
                0x02001810                __aeabi_idivmod
 .text          0x02001830        0x4 /opt/devkitpro/devkitARM/bin/../lib/gcc/arm-none-eabi/13.2.0/thumb/libgcc.a(_dvmd_tls.o)
                0x02001830                __aeabi_ldiv0
                0x02001830                __aeabi_idiv0
 .text          0x02001834      0x1d8 /opt/devkitpro/devkitARM/bin/../lib/gcc/arm-none-eabi/13.2.0/thumb/libgcc.a(libunwind.o)
                0x02001834                __restore_core_regs
                0x02001834                restore_core_regs
                0x02001850                __gnu_Unwind_Restore_VFP
                0x02001858                __gnu_Unwind_Save_VFP
                0x02001860                __gnu_Unwind_Restore_VFP_D
                0x02001868                __gnu_Unwind_Save_VFP_D
                0x02001870                __gnu_Unwind_Restore_VFP_D_16_to_31
                0x02001878                __gnu_Unwind_Save_VFP_D_16_to_31
                0x02001880                __gnu_Unwind_Restore_WMMXD
                0x020018c4                __gnu_Unwind_Save_WMMXD
                0x02001908                __gnu_Unwind_Restore_WMMXC
                0x0200191c                __gnu_Unwind_Save_WMMXC
                0x02001930                _Unwind_RaiseException
                0x02001930                ___Unwind_RaiseException
                0x0200195c                ___Unwind_Resume
                0x0200195c                _Unwind_Resume
                0x02001988                ___Unwind_Resume_or_Rethrow
                0x02001988                _Unwind_Resume_or_Rethrow
                0x020019b4                _Unwind_ForcedUnwind
                0x020019b4                ___Unwind_ForcedUnwind
                0x020019e0                _Unwind_Backtrace
                0x020019e0                ___Unwind_Backtrace
 .text          0x02001a0c      0x224 /opt/devkitpro/devkitARM/bin/../lib/gcc/arm-none-eabi/13.2.0/../../../../arm-none-eabi/lib/thumb/libg.a(libc_a-strcmp.o)
                0x02001a0c                strcmp
 .text          0x02001c30       0x14 /opt/devkitpro/devkitARM/bin/../lib/gcc/arm-none-eabi/13.2.0/thumb/libgcc.a(_thumb1_case_uqi.o)
                0x02001c30                __gnu_thumb1_case_uqi
 .text          0x02001c44       0x14 /opt/devkitpro/devkitARM/bin/../lib/gcc/arm-none-eabi/13.2.0/thumb/libgcc.a(_thumb1_case_uhi.o)
                0x02001c44                __gnu_thumb1_case_uhi
 .text          0x02001c58      0x424 /opt/devkitpro/devkitARM/bin/../lib/gcc/arm-none-eabi/13.2.0/thumb/libgcc.a(_arm_addsubdf3.o)
                0x02001c58                __aeabi_drsub
                0x02001c60                __subdf3
                0x02001c60                __aeabi_dsub
                0x02001c64                __aeabi_dadd
                0x02001c64                __adddf3
                0x02001f74                __aeabi_ui2d
                0x02001f74                __floatunsidf
                0x02001f98                __floatsidf
                0x02001f98                __aeabi_i2d
                0x02001fc0                __extendsfdf2
                0x02001fc0                __aeabi_f2d
                0x02002008                __aeabi_ul2d
                0x02002008                __floatundidf
                0x0200201c                __aeabi_l2d
                0x0200201c                __floatdidf
 .text          0x0200207c      0x49c /opt/devkitpro/devkitARM/bin/../lib/gcc/arm-none-eabi/13.2.0/thumb/libgcc.a(_arm_muldivdf3.o)
                0x0200207c                __aeabi_dmul
                0x0200207c                __muldf3
                0x0200230c                __aeabi_ddiv
                0x0200230c                __divdf3
 .text          0x02002518      0x144 /opt/devkitpro/devkitARM/bin/../lib/gcc/arm-none-eabi/13.2.0/thumb/libgcc.a(_arm_cmpdf2.o)
                0x02002518                __gedf2
                0x02002518                __gtdf2
                0x02002520                __ledf2
                0x02002520                __ltdf2
                0x02002528                __cmpdf2
                0x02002528                __eqdf2
                0x02002528                __nedf2
                0x020025b0                __aeabi_cdrcmple
                0x020025cc                __aeabi_cdcmple
                0x020025cc                __aeabi_cdcmpeq
                0x020025e4                __aeabi_dcmpeq
                0x020025fc                __aeabi_dcmplt
                0x02002614                __aeabi_dcmple
                0x0200262c                __aeabi_dcmpge
                0x02002644                __aeabi_dcmpgt
 .text          0x0200265c       0x38 /opt/devkitpro/devkitARM/bin/../lib/gcc/arm-none-eabi/13.2.0/thumb/libgcc.a(_arm_unorddf2.o)
                0x0200265c                __aeabi_dcmpun
                0x0200265c                __unorddf2
 .text          0x02002694       0x5c /opt/devkitpro/devkitARM/bin/../lib/gcc/arm-none-eabi/13.2.0/thumb/libgcc.a(_arm_fixdfsi.o)
                0x02002694                __fixdfsi
                0x02002694                __aeabi_d2iz
 .text          0x020026f0       0x3c /opt/devkitpro/devkitARM/bin/../lib/gcc/arm-none-eabi/13.2.0/thumb/libgcc.a(_aeabi_uldivmod.o)
                0x020026f0                __aeabi_uldivmod
 .text          0x0200272c       0x28 /opt/devkitpro/devkitARM/bin/../lib/gcc/arm-none-eabi/13.2.0/thumb/libgcc.a(_clzdi2.o)
                0x0200272c                __clzdi2
 .text          0x02002754       0x48 /opt/devkitpro/devkitARM/bin/../lib/gcc/arm-none-eabi/13.2.0/thumb/libgcc.a(_clzsi2.o)
                0x02002754                __clzsi2
 *(EXCLUDE_FILE(*.twl* *.vectors* *.itcm*) .stub)
 *(EXCLUDE_FILE(*.twl* *.vectors* *.itcm*) .text.*)
 .text.__do_global_dtors_aux
                0x0200279c       0x2c /opt/devkitpro/devkitARM/bin/../lib/gcc/arm-none-eabi/13.2.0/thumb/crtbegin.o
 .text.frame_dummy
                0x020027c8       0x24 /opt/devkitpro/devkitARM/bin/../lib/gcc/arm-none-eabi/13.2.0/thumb/crtbegin.o
 .text._ZSt16__deque_buf_sizej
                0x020027ec       0x26 main.o
                0x020027ec                std::__deque_buf_size(unsigned int)
 .text._ZNSt5dequeIP10CollidableSaIS1_EEC2Ev
                0x02002812       0x16 main.o
                0x02002812                std::deque<Collidable*, std::allocator<Collidable*> >::deque()
                0x02002812                std::deque<Collidable*, std::allocator<Collidable*> >::deque()
 .text._ZN5LevelC2Ev
                0x02002828       0x16 main.o
                0x02002828                Level::Level()
                0x02002828                Level::Level()
 .text._ZNSt11_Deque_baseIP10CollidableSaIS1_EE11_Deque_implD2Ev
                0x0200283e       0x1a main.o
                0x0200283e                std::_Deque_base<Collidable*, std::allocator<Collidable*> >::_Deque_impl::~_Deque_impl()
                0x0200283e                std::_Deque_base<Collidable*, std::allocator<Collidable*> >::_Deque_impl::~_Deque_impl()
 .text._ZNSt11_Deque_baseIP10CollidableSaIS1_EEC2Ev
                0x02002858       0x20 main.o
                0x02002858                std::_Deque_base<Collidable*, std::allocator<Collidable*> >::_Deque_base()
                0x02002858                std::_Deque_base<Collidable*, std::allocator<Collidable*> >::_Deque_base()
 .text._ZNSt11_Deque_baseIP10CollidableSaIS1_EED2Ev
                0x02002878       0x40 main.o
                0x02002878                std::_Deque_base<Collidable*, std::allocator<Collidable*> >::~_Deque_base()
                0x02002878                std::_Deque_base<Collidable*, std::allocator<Collidable*> >::~_Deque_base()
 .text._ZNSt5dequeIP10CollidableSaIS1_EED2Ev
                0x020028b8       0x42 main.o
                0x020028b8                std::deque<Collidable*, std::allocator<Collidable*> >::~deque()
                0x020028b8                std::deque<Collidable*, std::allocator<Collidable*> >::~deque()
 .text._ZNSt11_Deque_baseIP10CollidableSaIS1_EE11_Deque_implC2Ev
                0x020028fa       0x1e main.o
                0x020028fa                std::_Deque_base<Collidable*, std::allocator<Collidable*> >::_Deque_impl::_Deque_impl()
                0x020028fa                std::_Deque_base<Collidable*, std::allocator<Collidable*> >::_Deque_impl::_Deque_impl()
 .text._ZNSt11_Deque_baseIP10CollidableSaIS1_EE17_M_initialize_mapEj
                0x02002918       0xc8 main.o
                0x02002918                std::_Deque_base<Collidable*, std::allocator<Collidable*> >::_M_initialize_map(unsigned int)
 .text._ZNSt11_Deque_baseIP10CollidableSaIS1_EE16_M_destroy_nodesEPPS1_S5_
                0x020029e0       0x34 main.o
                0x020029e0                std::_Deque_base<Collidable*, std::allocator<Collidable*> >::_M_destroy_nodes(Collidable***, Collidable***)
 .text._ZNSt11_Deque_baseIP10CollidableSaIS1_EE17_M_deallocate_mapEPPS1_j
                0x02002a14       0x3a main.o
                0x02002a14                std::_Deque_base<Collidable*, std::allocator<Collidable*> >::_M_deallocate_map(Collidable***, unsigned int)
 .text._ZNSt5dequeIP10CollidableSaIS1_EE5beginEv
                0x02002a4e       0x1e main.o
                0x02002a4e                std::deque<Collidable*, std::allocator<Collidable*> >::begin()
 .text._ZNSt5dequeIP10CollidableSaIS1_EE3endEv
                0x02002a6c       0x1e main.o
                0x02002a6c                std::deque<Collidable*, std::allocator<Collidable*> >::end()
 .text._ZNSt11_Deque_baseIP10CollidableSaIS1_EE19_M_get_Tp_allocatorEv
                0x02002a8a        0xc main.o
                0x02002a8a                std::_Deque_base<Collidable*, std::allocator<Collidable*> >::_M_get_Tp_allocator()
 .text._ZNSt5dequeIP10CollidableSaIS1_EE15_M_destroy_dataESt15_Deque_iteratorIS1_RS1_PS1_ES7_RKS2_
                0x02002a96       0x10 main.o
                0x02002a96                std::deque<Collidable*, std::allocator<Collidable*> >::_M_destroy_data(std::_Deque_iterator<Collidable*, Collidable*&, Collidable**>, std::_Deque_iterator<Collidable*, Collidable*&, Collidable**>, std::allocator<Collidable*> const&)
 .text._ZNSt11_Deque_baseIP10CollidableSaIS1_EE16_Deque_impl_dataC2Ev
                0x02002aa6       0x2e main.o
                0x02002aa6                std::_Deque_base<Collidable*, std::allocator<Collidable*> >::_Deque_impl_data::_Deque_impl_data()
                0x02002aa6                std::_Deque_base<Collidable*, std::allocator<Collidable*> >::_Deque_impl_data::_Deque_impl_data()
 .text._ZNSt15__new_allocatorIP10CollidableED2Ev
                0x02002ad4        0xc main.o
                0x02002ad4                std::__new_allocator<Collidable*>::~__new_allocator()
                0x02002ad4                std::__new_allocator<Collidable*>::~__new_allocator()
 .text._ZSt3maxIjERKT_S2_S2_
                0x02002ae0       0x1e main.o
                0x02002ae0                unsigned int const& std::max<unsigned int>(unsigned int const&, unsigned int const&)
 .text._ZNSt11_Deque_baseIP10CollidableSaIS1_EE15_M_allocate_mapEj
                0x02002afe       0x3a main.o
                0x02002afe                std::_Deque_base<Collidable*, std::allocator<Collidable*> >::_M_allocate_map(unsigned int)
 .text._ZNSt11_Deque_baseIP10CollidableSaIS1_EE15_M_create_nodesEPPS1_S5_
                0x02002b38       0x34 main.o
                0x02002b38                std::_Deque_base<Collidable*, std::allocator<Collidable*> >::_M_create_nodes(Collidable***, Collidable***)
 .text._ZNSt15_Deque_iteratorIP10CollidableRS1_PS1_E11_M_set_nodeEPS3_
                0x02002b6c       0x2e main.o
                0x02002b6c                std::_Deque_iterator<Collidable*, Collidable*&, Collidable**>::_M_set_node(Collidable***)
 .text._ZNSt11_Deque_baseIP10CollidableSaIS1_EE18_M_deallocate_nodeEPS1_
                0x02002b9a       0x2e main.o
                0x02002b9a                std::_Deque_base<Collidable*, std::allocator<Collidable*> >::_M_deallocate_node(Collidable**)
 .text._ZNKSt11_Deque_baseIP10CollidableSaIS1_EE20_M_get_map_allocatorEv
                0x02002bc8       0x24 main.o
                0x02002bc8                std::_Deque_base<Collidable*, std::allocator<Collidable*> >::_M_get_map_allocator() const
 .text._ZNSt15_Deque_iteratorIP10CollidableRS1_PS1_EC2ERKS4_
                0x02002bec       0x2e main.o
                0x02002bec                std::_Deque_iterator<Collidable*, Collidable*&, Collidable**>::_Deque_iterator(std::_Deque_iterator<Collidable*, Collidable*&, Collidable**> const&)
                0x02002bec                std::_Deque_iterator<Collidable*, Collidable*&, Collidable**>::_Deque_iterator(std::_Deque_iterator<Collidable*, Collidable*&, Collidable**> const&)
 .text._ZNSt15_Deque_iteratorIP10CollidableRS1_PS1_EC2Ev
                0x02002c1a       0x24 main.o
                0x02002c1a                std::_Deque_iterator<Collidable*, Collidable*&, Collidable**>::_Deque_iterator()
                0x02002c1a                std::_Deque_iterator<Collidable*, Collidable*&, Collidable**>::_Deque_iterator()
 .text._ZNSt11_Deque_baseIP10CollidableSaIS1_EE16_M_allocate_nodeEv
                0x02002c3e       0x2a main.o
                0x02002c3e                std::_Deque_base<Collidable*, std::allocator<Collidable*> >::_M_allocate_node()
 .text._ZNSt15_Deque_iteratorIP10CollidableRS1_PS1_E14_S_buffer_sizeEv
                0x02002c68        0xe main.o
                0x02002c68                std::_Deque_iterator<Collidable*, Collidable*&, Collidable**>::_S_buffer_size()
 .text._ZNKSt11_Deque_baseIP10CollidableSaIS1_EE19_M_get_Tp_allocatorEv
                0x02002c76        0xc main.o
                0x02002c76                std::_Deque_base<Collidable*, std::allocator<Collidable*> >::_M_get_Tp_allocator() const
 .text._ZNSt15__new_allocatorIPP10CollidableED2Ev
                0x02002c82        0xc main.o
                0x02002c82                std::__new_allocator<Collidable**>::~__new_allocator()
                0x02002c82                std::__new_allocator<Collidable**>::~__new_allocator()
 .text._ZNSt15__new_allocatorIPP10CollidableE10deallocateEPS2_j
                0x02002c8e       0x1c main.o
                0x02002c8e                std::__new_allocator<Collidable**>::deallocate(Collidable***, unsigned int)
 *fill*         0x02002caa        0x2 ff
 .text._ZNSt15__new_allocatorIPP10CollidableE8allocateEjPKv
                0x02002cac       0x50 main.o
                0x02002cac                std::__new_allocator<Collidable**>::allocate(unsigned int, void const*)
 .text._ZNSt15__new_allocatorIP10CollidableE10deallocateEPS1_j
                0x02002cfc       0x1c main.o
                0x02002cfc                std::__new_allocator<Collidable*>::deallocate(Collidable**, unsigned int)
 .text._ZNSt15__new_allocatorIP10CollidableE8allocateEjPKv
                0x02002d18       0x50 main.o
                0x02002d18                std::__new_allocator<Collidable*>::allocate(unsigned int, void const*)
 .text._ZN5LevelD2Ev
                0x02002d68       0x16 main.o
                0x02002d68                Level::~Level()
                0x02002d68                Level::~Level()
 *fill*         0x02002d7e        0x2 ff
 .text.oamAllocReset
                0x02002d80       0x1c /opt/devkitpro/libnds/lib/libnds9.a(sprite_alloc.o)
                0x02002d80                oamAllocReset
 .text.oamAllocateGfx
                0x02002d9c      0x50c /opt/devkitpro/libnds/lib/libnds9.a(sprite_alloc.o)
                0x02002d9c                oamAllocateGfx
 .text.newRow   0x020032a8       0xa8 /opt/devkitpro/libnds/lib/libnds9.a(console.o)
 .text.consolePrintChar
                0x02003350       0xe0 /opt/devkitpro/libnds/lib/libnds9.a(console.o)
                0x02003350                consolePrintChar
 .text.con_write
                0x02003430      0x36c /opt/devkitpro/libnds/lib/libnds9.a(console.o)
                0x02003430                con_write
 .text.consoleLoadFont
                0x0200379c      0x2a0 /opt/devkitpro/libnds/lib/libnds9.a(console.o)
                0x0200379c                consoleLoadFont
 .text.consoleInit
                0x02003a3c      0x18c /opt/devkitpro/libnds/lib/libnds9.a(console.o)
                0x02003a3c                consoleInit
 .text.consoleDemoInit
                0x02003bc8       0x40 /opt/devkitpro/libnds/lib/libnds9.a(console.o)
                0x02003bc8                consoleDemoInit
 .text.oamInit  0x02003c08      0x114 /opt/devkitpro/libnds/lib/libnds9.a(sprite.o)
                0x02003c08                oamInit
 .text.oamGetGfxPtr
                0x02003d1c       0x38 /opt/devkitpro/libnds/lib/libnds9.a(sprite.o)
                0x02003d1c                oamGetGfxPtr
 .text.oamGfxPtrToOffset
                0x02003d54       0x34 /opt/devkitpro/libnds/lib/libnds9.a(sprite.o)
                0x02003d54                oamGfxPtrToOffset
 .text.oamSet   0x02003d88      0x104 /opt/devkitpro/libnds/lib/libnds9.a(sprite.o)
                0x02003d88                oamSet
 .text.oamUpdate
                0x02003e8c       0x60 /opt/devkitpro/libnds/lib/libnds9.a(sprite.o)
                0x02003e8c                oamUpdate
 .text.scanKeys
                0x02003eec       0x8c /opt/devkitpro/libnds/lib/libnds9.a(keys.o)
                0x02003eec                scanKeys
 .text.keysHeld
                0x02003f78        0xc /opt/devkitpro/libnds/lib/libnds9.a(keys.o)
                0x02003f78                keysHeld
 .text.__syscall_exit
                0x02003f84        0x8 /opt/devkitpro/libnds/lib/libnds9.a(initSystem.o)
                0x02003f84                __syscall_exit
 .text.initSystem
                0x02003f8c      0x180 /opt/devkitpro/libnds/lib/libnds9.a(initSystem.o)
                0x02003f8c                initSystem
 .text.irqDummy
                0x0200410c        0x4 /opt/devkitpro/libnds/lib/libnds9.a(interrupts.o)
                0x0200410c                irqDummy
 .text.irqSet   0x02004110       0x6c /opt/devkitpro/libnds/lib/libnds9.a(interrupts.o)
                0x02004110                irqSet
 .text.irqInit  0x0200417c       0x50 /opt/devkitpro/libnds/lib/libnds9.a(interrupts.o)
                0x0200417c                irqInit
 .text.irqEnable
                0x020041cc       0x64 /opt/devkitpro/libnds/lib/libnds9.a(interrupts.o)
                0x020041cc                irqEnable
 .text.systemErrorExit
                0x02004230        0x4 /opt/devkitpro/libnds/lib/libnds9.a(libnds_exit.arm.o)
                0x02004230                systemErrorExit
 .text.__libnds_exit
                0x02004234       0x5c /opt/devkitpro/libnds/lib/libnds9.a(libnds_exit.arm.o)
                0x02004234                __libnds_exit
 .text.fifo_queueBlock
                0x02004290       0x44 /opt/devkitpro/libnds/lib/libnds9.a(fifosystem.o)
 .text.fifo_waitBlock
                0x020042d4       0x80 /opt/devkitpro/libnds/lib/libnds9.a(fifosystem.o)
 .text.fifoInternalSend.part.0
                0x02004354       0xd4 /opt/devkitpro/libnds/lib/libnds9.a(fifosystem.o)
 .text.fifoInternalSendInterrupt
                0x02004428       0xb0 /opt/devkitpro/libnds/lib/libnds9.a(fifosystem.o)
 .text.fifoSetValue32Handler
                0x020044d8       0xd4 /opt/devkitpro/libnds/lib/libnds9.a(fifosystem.o)
                0x020044d8                fifoSetValue32Handler
 .text.fifoSendValue32
                0x020045ac       0x4c /opt/devkitpro/libnds/lib/libnds9.a(fifosystem.o)
                0x020045ac                fifoSendValue32
 .text.fifoSendDatamsg
                0x020045f8       0x90 /opt/devkitpro/libnds/lib/libnds9.a(fifosystem.o)
                0x020045f8                fifoSendDatamsg
 .text.fifoGetDatamsg
                0x02004688       0xf4 /opt/devkitpro/libnds/lib/libnds9.a(fifosystem.o)
                0x02004688                fifoGetDatamsg
 .text.fifoInternalRecvInterrupt
                0x0200477c      0x37c /opt/devkitpro/libnds/lib/libnds9.a(fifosystem.o)
 .text.fifoSetDatamsgHandler
                0x02004af8       0x9c /opt/devkitpro/libnds/lib/libnds9.a(fifosystem.o)
                0x02004af8                fifoSetDatamsgHandler
 .text.fifoInit
                0x02004b94      0x108 /opt/devkitpro/libnds/lib/libnds9.a(fifosystem.o)
                0x02004b94                fifoInit
 .text.DC_FlushRange
                0x02004c9c       0x24 /opt/devkitpro/libnds/lib/libnds9.a(dcache.o)
                0x02004c9c                DC_FlushRange
 .text.__libnds_mpu_setup
                0x02004cc0      0x174 /opt/devkitpro/libnds/lib/libnds9.a(mpu_setup.o)
                0x02004cc0                __libnds_mpu_setup
 .text.memUncached
                0x02004e34       0x20 /opt/devkitpro/libnds/lib/libnds9.a(mpu_setup.o)
                0x02004e34                memUncached
 .text.swiWaitForVBlank
                0x02004e54        0x8 /opt/devkitpro/libnds/lib/libnds9.a(IntrWait.o)
                0x02004e54                swiWaitForVBlank
 .text.swiIntrWait
                0x02004e5c       0x70 /opt/devkitpro/libnds/lib/libnds9.a(IntrWait.o)
                0x02004e5c                swiIntrWait
 .text.setCpuClock
                0x02004ecc       0x50 /opt/devkitpro/libnds/lib/libnds9.a(cpu_clock.o)
                0x02004ecc                setCpuClock
 .text.swiDelay
                0x02004f1c        0x4 /opt/devkitpro/libnds/lib/libnds9.a(biosCalls.o)
                0x02004f1c                swiDelay
 .text.swiCopy  0x02004f20        0x4 /opt/devkitpro/libnds/lib/libnds9.a(biosCalls.o)
                0x02004f20                swiCopy
 .text.swiSoftReset
                0x02004f24       0x2c /opt/devkitpro/libnds/lib/libnds9.a(swiSoftReset.o)
                0x02004f24                swiSoftReset
 .text.checkIfText
                0x02004f50       0x5c /opt/devkitpro/libnds/lib/libnds9.a(background.o)
                0x02004f50                checkIfText
 .text.bgUpdate
                0x02004fac       0xf4 /opt/devkitpro/libnds/lib/libnds9.a(background.o)
                0x02004fac                bgUpdate
 .text.bgInit_call
                0x020050a0       0xc4 /opt/devkitpro/libnds/lib/libnds9.a(background.o)
                0x020050a0                bgInit_call
 .text.bgInitSub_call
                0x02005164       0xcc /opt/devkitpro/libnds/lib/libnds9.a(background.o)
                0x02005164                bgInitSub_call
 .text.sinLutLookup
                0x02005230       0x4c /opt/devkitpro/libnds/lib/libnds9.a(trig.o)
                0x02005230                sinLutLookup
 .text.sinLerp  0x0200527c       0x40 /opt/devkitpro/libnds/lib/libnds9.a(trig.o)
                0x0200527c                sinLerp
 .text.cosLerp  0x020052bc       0x4c /opt/devkitpro/libnds/lib/libnds9.a(trig.o)
                0x020052bc                cosLerp
 .text.vramDefault
                0x02005308       0xd0 /opt/devkitpro/libnds/lib/libnds9.a(video.o)
                0x02005308                vramDefault
 .text.systemValueHandler
                0x020053d8       0x48 /opt/devkitpro/libnds/lib/libnds9.a(system.o)
                0x020053d8                systemValueHandler
 .text.systemMsgHandler
                0x02005420       0x60 /opt/devkitpro/libnds/lib/libnds9.a(system.o)
                0x02005420                systemMsgHandler
 .text.powerOn  0x02005480       0x2c /opt/devkitpro/libnds/lib/libnds9.a(system.o)
                0x02005480                powerOn
 .text._ZdlPvj  0x020054ac        0xc /opt/devkitpro/devkitARM/bin/../lib/gcc/arm-none-eabi/13.2.0/../../../../arm-none-eabi/lib/thumb/libstdc++.a(del_ops.o)
                0x020054ac                operator delete(void*, unsigned int)
 .text._Znwj    0x020054b8       0x48 /opt/devkitpro/devkitARM/bin/../lib/gcc/arm-none-eabi/13.2.0/../../../../arm-none-eabi/lib/thumb/libstdc++.a(new_op.o)
                0x020054b8                operator new(unsigned int)
 .text.unlikely._ZSt17__throw_bad_allocv
                0x02005500       0x20 /opt/devkitpro/devkitARM/bin/../lib/gcc/arm-none-eabi/13.2.0/../../../../arm-none-eabi/lib/thumb/libstdc++.a(functexcept.o)
                0x02005500                std::__throw_bad_alloc()
 .text.unlikely._ZSt28__throw_bad_array_new_lengthv
                0x02005520       0x20 /opt/devkitpro/devkitARM/bin/../lib/gcc/arm-none-eabi/13.2.0/../../../../arm-none-eabi/lib/thumb/libstdc++.a(functexcept.o)
                0x02005520                std::__throw_bad_array_new_length()
 .text._ZNKSt9bad_alloc4whatEv
                0x02005540        0x8 /opt/devkitpro/devkitARM/bin/../lib/gcc/arm-none-eabi/13.2.0/../../../../arm-none-eabi/lib/thumb/libstdc++.a(bad_alloc.o)
                0x02005540                std::bad_alloc::what() const
 .text._ZNSt9bad_allocD2Ev
                0x02005548       0x18 /opt/devkitpro/devkitARM/bin/../lib/gcc/arm-none-eabi/13.2.0/../../../../arm-none-eabi/lib/thumb/libstdc++.a(bad_alloc.o)
                0x02005548                std::bad_alloc::~bad_alloc()
                0x02005548                std::bad_alloc::~bad_alloc()
 .text._ZNSt9bad_allocD0Ev
                0x02005560       0x20 /opt/devkitpro/devkitARM/bin/../lib/gcc/arm-none-eabi/13.2.0/../../../../arm-none-eabi/lib/thumb/libstdc++.a(bad_alloc.o)
                0x02005560                std::bad_alloc::~bad_alloc()
 .text._ZNKSt20bad_array_new_length4whatEv
                0x02005580        0x8 /opt/devkitpro/devkitARM/bin/../lib/gcc/arm-none-eabi/13.2.0/../../../../arm-none-eabi/lib/thumb/libstdc++.a(bad_array_new.o)
                0x02005580                std::bad_array_new_length::what() const
 .text._ZNSt20bad_array_new_lengthD2Ev
                0x02005588       0x18 /opt/devkitpro/devkitARM/bin/../lib/gcc/arm-none-eabi/13.2.0/../../../../arm-none-eabi/lib/thumb/libstdc++.a(bad_array_new.o)
                0x02005588                std::bad_array_new_length::~bad_array_new_length()
                0x02005588                std::bad_array_new_length::~bad_array_new_length()
 .text._ZNSt20bad_array_new_lengthD0Ev
                0x020055a0       0x20 /opt/devkitpro/devkitARM/bin/../lib/gcc/arm-none-eabi/13.2.0/../../../../arm-none-eabi/lib/thumb/libstdc++.a(bad_array_new.o)
                0x020055a0                std::bad_array_new_length::~bad_array_new_length()
 .text._ZdlPv   0x020055c0        0xc /opt/devkitpro/devkitARM/bin/../lib/gcc/arm-none-eabi/13.2.0/../../../../arm-none-eabi/lib/thumb/libstdc++.a(del_op.o)
                0x020055c0                operator delete(void*)
 .text._ZNK9__gnu_cxx24__concurrence_lock_error4whatEv
                0x020055cc        0x8 /opt/devkitpro/devkitARM/bin/../lib/gcc/arm-none-eabi/13.2.0/../../../../arm-none-eabi/lib/thumb/libstdc++.a(eh_alloc.o)
                0x020055cc                __gnu_cxx::__concurrence_lock_error::what() const
 .text._ZNK9__gnu_cxx26__concurrence_unlock_error4whatEv
                0x020055d4        0x8 /opt/devkitpro/devkitARM/bin/../lib/gcc/arm-none-eabi/13.2.0/../../../../arm-none-eabi/lib/thumb/libstdc++.a(eh_alloc.o)
                0x020055d4                __gnu_cxx::__concurrence_unlock_error::what() const
 .text._ZN9__gnu_cxx24__concurrence_lock_errorD2Ev
                0x020055dc       0x18 /opt/devkitpro/devkitARM/bin/../lib/gcc/arm-none-eabi/13.2.0/../../../../arm-none-eabi/lib/thumb/libstdc++.a(eh_alloc.o)
                0x020055dc                __gnu_cxx::__concurrence_lock_error::~__concurrence_lock_error()
                0x020055dc                __gnu_cxx::__concurrence_lock_error::~__concurrence_lock_error()
 .text._ZN9__gnu_cxx24__concurrence_lock_errorD0Ev
                0x020055f4       0x20 /opt/devkitpro/devkitARM/bin/../lib/gcc/arm-none-eabi/13.2.0/../../../../arm-none-eabi/lib/thumb/libstdc++.a(eh_alloc.o)
                0x020055f4                __gnu_cxx::__concurrence_lock_error::~__concurrence_lock_error()
 .text._ZN9__gnu_cxx26__concurrence_unlock_errorD2Ev
                0x02005614       0x18 /opt/devkitpro/devkitARM/bin/../lib/gcc/arm-none-eabi/13.2.0/../../../../arm-none-eabi/lib/thumb/libstdc++.a(eh_alloc.o)
                0x02005614                __gnu_cxx::__concurrence_unlock_error::~__concurrence_unlock_error()
                0x02005614                __gnu_cxx::__concurrence_unlock_error::~__concurrence_unlock_error()
 .text._ZN9__gnu_cxx26__concurrence_unlock_errorD0Ev
                0x0200562c       0x20 /opt/devkitpro/devkitARM/bin/../lib/gcc/arm-none-eabi/13.2.0/../../../../arm-none-eabi/lib/thumb/libstdc++.a(eh_alloc.o)
                0x0200562c                __gnu_cxx::__concurrence_unlock_error::~__concurrence_unlock_error()
 .text.unlikely._ZN9__gnu_cxx30__throw_concurrence_lock_errorEv
                0x0200564c       0x20 /opt/devkitpro/devkitARM/bin/../lib/gcc/arm-none-eabi/13.2.0/../../../../arm-none-eabi/lib/thumb/libstdc++.a(eh_alloc.o)
                0x0200564c                __gnu_cxx::__throw_concurrence_lock_error()
 .text.unlikely._ZN9__gnu_cxx32__throw_concurrence_unlock_errorEv
                0x0200566c       0x20 /opt/devkitpro/devkitARM/bin/../lib/gcc/arm-none-eabi/13.2.0/../../../../arm-none-eabi/lib/thumb/libstdc++.a(eh_alloc.o)
                0x0200566c                __gnu_cxx::__throw_concurrence_unlock_error()
 .text._ZN12_GLOBAL__N_14pool4freeEPv.constprop.0
                0x0200568c       0xa8 /opt/devkitpro/devkitARM/bin/../lib/gcc/arm-none-eabi/13.2.0/../../../../arm-none-eabi/lib/thumb/libstdc++.a(eh_alloc.o)
 .text._ZN12_GLOBAL__N_14pool8allocateEj.constprop.0
                0x02005734       0x84 /opt/devkitpro/devkitARM/bin/../lib/gcc/arm-none-eabi/13.2.0/../../../../arm-none-eabi/lib/thumb/libstdc++.a(eh_alloc.o)
 .text.__cxa_allocate_exception
                0x020057b8       0x30 /opt/devkitpro/devkitARM/bin/../lib/gcc/arm-none-eabi/13.2.0/../../../../arm-none-eabi/lib/thumb/libstdc++.a(eh_alloc.o)
                0x020057b8                __cxa_allocate_exception
 .text.__cxa_free_exception
                0x020057e8       0x28 /opt/devkitpro/devkitARM/bin/../lib/gcc/arm-none-eabi/13.2.0/../../../../arm-none-eabi/lib/thumb/libstdc++.a(eh_alloc.o)
                0x020057e8                __cxa_free_exception
 .text.startup._GLOBAL__sub_I__ZN9__gnu_cxx9__freeresEv
                0x02005810      0x120 /opt/devkitpro/devkitARM/bin/../lib/gcc/arm-none-eabi/13.2.0/../../../../arm-none-eabi/lib/thumb/libstdc++.a(eh_alloc.o)
 .text.__cxa_end_cleanup
                0x02005930        0xc /opt/devkitpro/devkitARM/bin/../lib/gcc/arm-none-eabi/13.2.0/../../../../arm-none-eabi/lib/thumb/libstdc++.a(eh_arm.o)
                0x02005930                __cxa_end_cleanup
 .text.__cxa_type_match
                0x0200593c       0xcc /opt/devkitpro/devkitARM/bin/../lib/gcc/arm-none-eabi/13.2.0/../../../../arm-none-eabi/lib/thumb/libstdc++.a(eh_arm.o)
                0x0200593c                __cxa_type_match
 .text.__cxa_begin_cleanup
                0x02005a08       0x64 /opt/devkitpro/devkitARM/bin/../lib/gcc/arm-none-eabi/13.2.0/../../../../arm-none-eabi/lib/thumb/libstdc++.a(eh_arm.o)
                0x02005a08                __cxa_begin_cleanup
 .text.__gnu_end_cleanup
                0x02005a6c       0x74 /opt/devkitpro/devkitARM/bin/../lib/gcc/arm-none-eabi/13.2.0/../../../../arm-none-eabi/lib/thumb/libstdc++.a(eh_arm.o)
                0x02005a6c                __gnu_end_cleanup
 .text._ZNSt9exceptionD2Ev
                0x02005ae0        0x4 /opt/devkitpro/devkitARM/bin/../lib/gcc/arm-none-eabi/13.2.0/../../../../arm-none-eabi/lib/thumb/libstdc++.a(eh_exception.o)
                0x02005ae0                std::exception::~exception()
                0x02005ae0                std::exception::~exception()
 .text._ZNSt13bad_exceptionD2Ev
                0x02005ae4        0x4 /opt/devkitpro/devkitARM/bin/../lib/gcc/arm-none-eabi/13.2.0/../../../../arm-none-eabi/lib/thumb/libstdc++.a(eh_exception.o)
                0x02005ae4                std::bad_exception::~bad_exception()
                0x02005ae4                std::bad_exception::~bad_exception()
 .text._ZNKSt9exception4whatEv
                0x02005ae8        0x8 /opt/devkitpro/devkitARM/bin/../lib/gcc/arm-none-eabi/13.2.0/../../../../arm-none-eabi/lib/thumb/libstdc++.a(eh_exception.o)
                0x02005ae8                transaction clone for std::exception::what() const
                0x02005ae8                std::exception::what() const
 .text._ZNKSt13bad_exception4whatEv
                0x02005af0        0x8 /opt/devkitpro/devkitARM/bin/../lib/gcc/arm-none-eabi/13.2.0/../../../../arm-none-eabi/lib/thumb/libstdc++.a(eh_exception.o)
                0x02005af0                transaction clone for std::bad_exception::what() const
                0x02005af0                std::bad_exception::what() const
 .text._ZNSt13bad_exceptionD0Ev
                0x02005af8       0x14 /opt/devkitpro/devkitARM/bin/../lib/gcc/arm-none-eabi/13.2.0/../../../../arm-none-eabi/lib/thumb/libstdc++.a(eh_exception.o)
                0x02005af8                std::bad_exception::~bad_exception()
 .text._ZL15eh_globals_dtorPv
                0x02005b0c       0x28 /opt/devkitpro/devkitARM/bin/../lib/gcc/arm-none-eabi/13.2.0/../../../../arm-none-eabi/lib/thumb/libstdc++.a(eh_globals.o)
 .text.__cxa_get_globals_fast
                0x02005b34       0x28 /opt/devkitpro/devkitARM/bin/../lib/gcc/arm-none-eabi/13.2.0/../../../../arm-none-eabi/lib/thumb/libstdc++.a(eh_globals.o)
                0x02005b34                __cxa_get_globals_fast
 .text.__cxa_get_globals
                0x02005b5c       0x50 /opt/devkitpro/devkitARM/bin/../lib/gcc/arm-none-eabi/13.2.0/../../../../arm-none-eabi/lib/thumb/libstdc++.a(eh_globals.o)
                0x02005b5c                __cxa_get_globals
 .text.startup._GLOBAL__sub_I__ZN17__eh_globals_init7_S_initE
                0x02005bac       0x30 /opt/devkitpro/devkitARM/bin/../lib/gcc/arm-none-eabi/13.2.0/../../../../arm-none-eabi/lib/thumb/libstdc++.a(eh_globals.o)
 .text.exit._GLOBAL__sub_D__ZN17__eh_globals_init7_S_initE
                0x02005bdc       0x28 /opt/devkitpro/devkitARM/bin/../lib/gcc/arm-none-eabi/13.2.0/../../../../arm-none-eabi/lib/thumb/libstdc++.a(eh_globals.o)
 .text._ZL28read_encoded_value_with_basehjPKhPj
                0x02005c04      0x104 /opt/devkitpro/devkitARM/bin/../lib/gcc/arm-none-eabi/13.2.0/../../../../arm-none-eabi/lib/thumb/libstdc++.a(eh_personality.o)
 .text._ZL21base_of_encoded_valuehP15_Unwind_Context
                0x02005d08       0x44 /opt/devkitpro/devkitARM/bin/../lib/gcc/arm-none-eabi/13.2.0/../../../../arm-none-eabi/lib/thumb/libstdc++.a(eh_personality.o)
 .text._ZL17parse_lsda_headerP15_Unwind_ContextPKhP16lsda_header_info
                0x02005d4c       0x94 /opt/devkitpro/devkitARM/bin/../lib/gcc/arm-none-eabi/13.2.0/../../../../arm-none-eabi/lib/thumb/libstdc++.a(eh_personality.o)
 .text.__gxx_personality_v0
                0x02005de0      0x490 /opt/devkitpro/devkitARM/bin/../lib/gcc/arm-none-eabi/13.2.0/../../../../arm-none-eabi/lib/thumb/libstdc++.a(eh_personality.o)
                0x02005de0                __gxx_personality_v0
 .text._ZN10__cxxabiv111__terminateEPFvvE
                0x02006270       0x14 /opt/devkitpro/devkitARM/bin/../lib/gcc/arm-none-eabi/13.2.0/../../../../arm-none-eabi/lib/thumb/libstdc++.a(eh_terminate.o)
                0x02006270                __cxxabiv1::__terminate(void (*)())
 .text._ZSt13get_terminatev
                0x02006284       0x40 /opt/devkitpro/devkitARM/bin/../lib/gcc/arm-none-eabi/13.2.0/../../../../arm-none-eabi/lib/thumb/libstdc++.a(eh_terminate.o)
                0x02006284                std::get_terminate()
 .text._ZSt9terminatev
                0x020062c4        0xc /opt/devkitpro/devkitARM/bin/../lib/gcc/arm-none-eabi/13.2.0/../../../../arm-none-eabi/lib/thumb/libstdc++.a(eh_terminate.o)
                0x020062c4                std::terminate()
 .text._ZN10__cxxabiv112__unexpectedEPFvvE
                0x020062d0        0xc /opt/devkitpro/devkitARM/bin/../lib/gcc/arm-none-eabi/13.2.0/../../../../arm-none-eabi/lib/thumb/libstdc++.a(eh_terminate.o)
                0x020062d0                __cxxabiv1::__unexpected(void (*)())
 .text._ZSt14get_unexpectedv
                0x020062dc       0x40 /opt/devkitpro/devkitARM/bin/../lib/gcc/arm-none-eabi/13.2.0/../../../../arm-none-eabi/lib/thumb/libstdc++.a(eh_terminate.o)
                0x020062dc                std::get_unexpected()
 .text._ZSt10unexpectedv
                0x0200631c        0xc /opt/devkitpro/devkitARM/bin/../lib/gcc/arm-none-eabi/13.2.0/../../../../arm-none-eabi/lib/thumb/libstdc++.a(eh_terminate.o)
                0x0200631c                std::unexpected()
 .text.startup._GLOBAL__sub_I__ZN10__cxxabiv111__terminateEPFvvE
                0x02006328       0x18 /opt/devkitpro/devkitARM/bin/../lib/gcc/arm-none-eabi/13.2.0/../../../../arm-none-eabi/lib/thumb/libstdc++.a(eh_terminate.o)
 .text._ZL23__gxx_exception_cleanup19_Unwind_Reason_CodeP21_Unwind_Control_Block
                0x02006340       0x58 /opt/devkitpro/devkitARM/bin/../lib/gcc/arm-none-eabi/13.2.0/../../../../arm-none-eabi/lib/thumb/libstdc++.a(eh_throw.o)
 .text.__cxa_init_primary_exception
                0x02006398       0x50 /opt/devkitpro/devkitARM/bin/../lib/gcc/arm-none-eabi/13.2.0/../../../../arm-none-eabi/lib/thumb/libstdc++.a(eh_throw.o)
                0x02006398                __cxa_init_primary_exception
 .text.__cxa_throw
                0x020063e8       0x34 /opt/devkitpro/devkitARM/bin/../lib/gcc/arm-none-eabi/13.2.0/../../../../arm-none-eabi/lib/thumb/libstdc++.a(eh_throw.o)
                0x020063e8                __cxa_throw
 .text.__cxa_rethrow
                0x0200641c       0x70 /opt/devkitpro/devkitARM/bin/../lib/gcc/arm-none-eabi/13.2.0/../../../../arm-none-eabi/lib/thumb/libstdc++.a(eh_throw.o)
                0x0200641c                __cxa_rethrow
 .text._ZSt15get_new_handlerv
                0x0200648c       0x40 /opt/devkitpro/devkitARM/bin/../lib/gcc/arm-none-eabi/13.2.0/../../../../arm-none-eabi/lib/thumb/libstdc++.a(new_handler.o)
                0x0200648c                std::get_new_handler()
 .text.startup._GLOBAL__sub_I__ZSt7nothrow
                0x020064cc       0x18 /opt/devkitpro/devkitARM/bin/../lib/gcc/arm-none-eabi/13.2.0/../../../../arm-none-eabi/lib/thumb/libstdc++.a(new_handler.o)
 .text._ZN10__cxxabiv120__si_class_type_infoD2Ev
                0x020064e4       0x18 /opt/devkitpro/devkitARM/bin/../lib/gcc/arm-none-eabi/13.2.0/../../../../arm-none-eabi/lib/thumb/libstdc++.a(si_class_type_info.o)
                0x020064e4                __cxxabiv1::__si_class_type_info::~__si_class_type_info()
                0x020064e4                __cxxabiv1::__si_class_type_info::~__si_class_type_info()
 .text._ZN10__cxxabiv120__si_class_type_infoD0Ev
                0x020064fc       0x20 /opt/devkitpro/devkitARM/bin/../lib/gcc/arm-none-eabi/13.2.0/../../../../arm-none-eabi/lib/thumb/libstdc++.a(si_class_type_info.o)
                0x020064fc                __cxxabiv1::__si_class_type_info::~__si_class_type_info()
 .text._ZNK10__cxxabiv120__si_class_type_info12__do_dyncastEiNS_17__class_type_info10__sub_kindEPKS1_PKvS4_S6_RNS1_16__dyncast_resultE
                0x0200651c       0xd8 /opt/devkitpro/devkitARM/bin/../lib/gcc/arm-none-eabi/13.2.0/../../../../arm-none-eabi/lib/thumb/libstdc++.a(si_class_type_info.o)
                0x0200651c                __cxxabiv1::__si_class_type_info::__do_dyncast(int, __cxxabiv1::__class_type_info::__sub_kind, __cxxabiv1::__class_type_info const*, void const*, __cxxabiv1::__class_type_info const*, void const*, __cxxabiv1::__class_type_info::__dyncast_result&) const
 .text._ZNK10__cxxabiv120__si_class_type_info20__do_find_public_srcEiPKvPKNS_17__class_type_infoES2_
                0x020065f4       0x5c /opt/devkitpro/devkitARM/bin/../lib/gcc/arm-none-eabi/13.2.0/../../../../arm-none-eabi/lib/thumb/libstdc++.a(si_class_type_info.o)
                0x020065f4                __cxxabiv1::__si_class_type_info::__do_find_public_src(int, void const*, __cxxabiv1::__class_type_info const*, void const*) const
 .text._ZNK10__cxxabiv120__si_class_type_info11__do_upcastEPKNS_17__class_type_infoEPKvRNS1_15__upcast_resultE
                0x02006650       0x2c /opt/devkitpro/devkitARM/bin/../lib/gcc/arm-none-eabi/13.2.0/../../../../arm-none-eabi/lib/thumb/libstdc++.a(si_class_type_info.o)
                0x02006650                __cxxabiv1::__si_class_type_info::__do_upcast(__cxxabiv1::__class_type_info const*, void const*, __cxxabiv1::__class_type_info::__upcast_result&) const
 .text._ZNSt9type_infoD2Ev
                0x0200667c        0x4 /opt/devkitpro/devkitARM/bin/../lib/gcc/arm-none-eabi/13.2.0/../../../../arm-none-eabi/lib/thumb/libstdc++.a(tinfo.o)
                0x0200667c                std::type_info::~type_info()
                0x0200667c                std::type_info::~type_info()
 .text._ZNKSt9type_info14__is_pointer_pEv
                0x02006680        0x4 /opt/devkitpro/devkitARM/bin/../lib/gcc/arm-none-eabi/13.2.0/../../../../arm-none-eabi/lib/thumb/libstdc++.a(tinfo.o)
                0x02006680                std::type_info::__is_function_p() const
                0x02006680                std::type_info::__is_pointer_p() const
 .text._ZN9__gnu_cxx18__exchange_and_addEPVii
                0x02006684       0x9c /opt/devkitpro/devkitARM/bin/../lib/gcc/arm-none-eabi/13.2.0/../../../../arm-none-eabi/lib/thumb/libstdc++.a(atomicity.o)
                0x02006684                __gnu_cxx::__exchange_and_add(int volatile*, int)
 .text._ZNK10__cxxabiv117__class_type_info11__do_upcastEPKS0_PPv
                0x02006720       0x3c /opt/devkitpro/devkitARM/bin/../lib/gcc/arm-none-eabi/13.2.0/../../../../arm-none-eabi/lib/thumb/libstdc++.a(class_type_info.o)
                0x02006720                __cxxabiv1::__class_type_info::__do_upcast(__cxxabiv1::__class_type_info const*, void**) const
 .text._ZNK10__cxxabiv117__class_type_info20__do_find_public_srcEiPKvPKS0_S2_
                0x0200675c       0x14 /opt/devkitpro/devkitARM/bin/../lib/gcc/arm-none-eabi/13.2.0/../../../../arm-none-eabi/lib/thumb/libstdc++.a(class_type_info.o)
                0x0200675c                __cxxabiv1::__class_type_info::__do_find_public_src(int, void const*, __cxxabiv1::__class_type_info const*, void const*) const
 .text._ZN10__cxxabiv117__class_type_infoD2Ev
                0x02006770       0x18 /opt/devkitpro/devkitARM/bin/../lib/gcc/arm-none-eabi/13.2.0/../../../../arm-none-eabi/lib/thumb/libstdc++.a(class_type_info.o)
                0x02006770                __cxxabiv1::__class_type_info::~__class_type_info()
                0x02006770                __cxxabiv1::__class_type_info::~__class_type_info()
 .text._ZN10__cxxabiv117__class_type_infoD0Ev
                0x02006788       0x20 /opt/devkitpro/devkitARM/bin/../lib/gcc/arm-none-eabi/13.2.0/../../../../arm-none-eabi/lib/thumb/libstdc++.a(class_type_info.o)
                0x02006788                __cxxabiv1::__class_type_info::~__class_type_info()
 .text._ZNK10__cxxabiv117__class_type_info11__do_upcastEPKS0_PKvRNS0_15__upcast_resultE
                0x020067a8       0x3c /opt/devkitpro/devkitARM/bin/../lib/gcc/arm-none-eabi/13.2.0/../../../../arm-none-eabi/lib/thumb/libstdc++.a(class_type_info.o)
                0x020067a8                __cxxabiv1::__class_type_info::__do_upcast(__cxxabiv1::__class_type_info const*, void const*, __cxxabiv1::__class_type_info::__upcast_result&) const
 .text._ZNK10__cxxabiv117__class_type_info10__do_catchEPKSt9type_infoPPvj
                0x020067e4       0x54 /opt/devkitpro/devkitARM/bin/../lib/gcc/arm-none-eabi/13.2.0/../../../../arm-none-eabi/lib/thumb/libstdc++.a(class_type_info.o)
                0x020067e4                __cxxabiv1::__class_type_info::__do_catch(std::type_info const*, void**, unsigned int) const
 .text._ZNK10__cxxabiv117__class_type_info12__do_dyncastEiNS0_10__sub_kindEPKS0_PKvS3_S5_RNS0_16__dyncast_resultE
                0x02006838       0x80 /opt/devkitpro/devkitARM/bin/../lib/gcc/arm-none-eabi/13.2.0/../../../../arm-none-eabi/lib/thumb/libstdc++.a(class_type_info.o)
                0x02006838                __cxxabiv1::__class_type_info::__do_dyncast(int, __cxxabiv1::__class_type_info::__sub_kind, __cxxabiv1::__class_type_info const*, void const*, __cxxabiv1::__class_type_info const*, void const*, __cxxabiv1::__class_type_info::__dyncast_result&) const
 .text._ZN10__cxxabiv1L24__is_gxx_exception_classEPc
                0x020068b8       0x3c /opt/devkitpro/devkitARM/bin/../lib/gcc/arm-none-eabi/13.2.0/../../../../arm-none-eabi/lib/thumb/libstdc++.a(eh_call.o)
 .text.__cxa_call_terminate
                0x020068f4       0x20 /opt/devkitpro/devkitARM/bin/../lib/gcc/arm-none-eabi/13.2.0/../../../../arm-none-eabi/lib/thumb/libstdc++.a(eh_call.o)
                0x020068f4                __cxa_call_terminate
 .text.unlikely.__cxa_call_unexpected
                0x02006914      0x104 /opt/devkitpro/devkitARM/bin/../lib/gcc/arm-none-eabi/13.2.0/../../../../arm-none-eabi/lib/thumb/libstdc++.a(eh_call.o)
                0x02006914                __cxa_call_unexpected
 .text.__cxa_begin_catch
                0x02006a18       0x78 /opt/devkitpro/devkitARM/bin/../lib/gcc/arm-none-eabi/13.2.0/../../../../arm-none-eabi/lib/thumb/libstdc++.a(eh_catch.o)
                0x02006a18                __cxa_begin_catch
 .text.__cxa_end_catch
                0x02006a90       0x94 /opt/devkitpro/devkitARM/bin/../lib/gcc/arm-none-eabi/13.2.0/../../../../arm-none-eabi/lib/thumb/libstdc++.a(eh_catch.o)
                0x02006a90                __cxa_end_catch
 .text._ZNK9__gnu_cxx29__concurrence_broadcast_error4whatEv
                0x02006b24        0x8 /opt/devkitpro/devkitARM/bin/../lib/gcc/arm-none-eabi/13.2.0/../../../../arm-none-eabi/lib/thumb/libstdc++.a(guard.o)
                0x02006b24                __gnu_cxx::__concurrence_broadcast_error::what() const
 .text._ZNK9__gnu_cxx24__concurrence_wait_error4whatEv
                0x02006b2c        0x8 /opt/devkitpro/devkitARM/bin/../lib/gcc/arm-none-eabi/13.2.0/../../../../arm-none-eabi/lib/thumb/libstdc++.a(guard.o)
                0x02006b2c                __gnu_cxx::__concurrence_wait_error::what() const
 .text._ZN12_GLOBAL__N_1L4initEv
                0x02006b34       0x20 /opt/devkitpro/devkitARM/bin/../lib/gcc/arm-none-eabi/13.2.0/../../../../arm-none-eabi/lib/thumb/libstdc++.a(guard.o)
 .text._ZN12_GLOBAL__N_1L16init_static_condEv
                0x02006b54       0x18 /opt/devkitpro/devkitARM/bin/../lib/gcc/arm-none-eabi/13.2.0/../../../../arm-none-eabi/lib/thumb/libstdc++.a(guard.o)
 .text._ZN9__gnu_cxx24__concurrence_wait_errorD2Ev
                0x02006b6c       0x18 /opt/devkitpro/devkitARM/bin/../lib/gcc/arm-none-eabi/13.2.0/../../../../arm-none-eabi/lib/thumb/libstdc++.a(guard.o)
                0x02006b6c                __gnu_cxx::__concurrence_wait_error::~__concurrence_wait_error()
                0x02006b6c                __gnu_cxx::__concurrence_wait_error::~__concurrence_wait_error()
 .text._ZN9__gnu_cxx24__concurrence_wait_errorD0Ev
                0x02006b84       0x20 /opt/devkitpro/devkitARM/bin/../lib/gcc/arm-none-eabi/13.2.0/../../../../arm-none-eabi/lib/thumb/libstdc++.a(guard.o)
                0x02006b84                __gnu_cxx::__concurrence_wait_error::~__concurrence_wait_error()
 .text._ZN9__gnu_cxx29__concurrence_broadcast_errorD2Ev
                0x02006ba4       0x18 /opt/devkitpro/devkitARM/bin/../lib/gcc/arm-none-eabi/13.2.0/../../../../arm-none-eabi/lib/thumb/libstdc++.a(guard.o)
                0x02006ba4                __gnu_cxx::__concurrence_broadcast_error::~__concurrence_broadcast_error()
                0x02006ba4                __gnu_cxx::__concurrence_broadcast_error::~__concurrence_broadcast_error()
 .text._ZN9__gnu_cxx29__concurrence_broadcast_errorD0Ev
                0x02006bbc       0x20 /opt/devkitpro/devkitARM/bin/../lib/gcc/arm-none-eabi/13.2.0/../../../../arm-none-eabi/lib/thumb/libstdc++.a(guard.o)
                0x02006bbc                __gnu_cxx::__concurrence_broadcast_error::~__concurrence_broadcast_error()
 .text.unlikely._ZN9__gnu_cxx35__throw_concurrence_broadcast_errorEv
                0x02006bdc       0x20 /opt/devkitpro/devkitARM/bin/../lib/gcc/arm-none-eabi/13.2.0/../../../../arm-none-eabi/lib/thumb/libstdc++.a(guard.o)
                0x02006bdc                __gnu_cxx::__throw_concurrence_broadcast_error()
 .text.__cxa_guard_acquire
                0x02006bfc      0x12c /opt/devkitpro/devkitARM/bin/../lib/gcc/arm-none-eabi/13.2.0/../../../../arm-none-eabi/lib/thumb/libstdc++.a(guard.o)
                0x02006bfc                __cxa_guard_acquire
 .text.__cxa_guard_release
                0x02006d28       0x80 /opt/devkitpro/devkitARM/bin/../lib/gcc/arm-none-eabi/13.2.0/../../../../arm-none-eabi/lib/thumb/libstdc++.a(guard.o)
                0x02006d28                __cxa_guard_release
 .text._ZN9__gnu_cxx20recursive_init_errorD2Ev
                0x02006da8       0x18 /opt/devkitpro/devkitARM/bin/../lib/gcc/arm-none-eabi/13.2.0/../../../../arm-none-eabi/lib/thumb/libstdc++.a(guard_error.o)
                0x02006da8                __gnu_cxx::recursive_init_error::~recursive_init_error()
                0x02006da8                __gnu_cxx::recursive_init_error::~recursive_init_error()
 .text._ZN9__gnu_cxx20recursive_init_errorD0Ev
                0x02006dc0       0x20 /opt/devkitpro/devkitARM/bin/../lib/gcc/arm-none-eabi/13.2.0/../../../../arm-none-eabi/lib/thumb/libstdc++.a(guard_error.o)
                0x02006dc0                __gnu_cxx::recursive_init_error::~recursive_init_error()
 .text._ZN9__gnu_cxx20recursive_init_errorC2Ev
                0x02006de0        0xc /opt/devkitpro/devkitARM/bin/../lib/gcc/arm-none-eabi/13.2.0/../../../../arm-none-eabi/lib/thumb/libstdc++.a(guard_error.o)
                0x02006de0                __gnu_cxx::recursive_init_error::recursive_init_error()
                0x02006de0                __gnu_cxx::recursive_init_error::recursive_init_error()
 .text.__muldi3
                0x02006dec       0x64 /opt/devkitpro/devkitARM/bin/../lib/gcc/arm-none-eabi/13.2.0/thumb/libgcc.a(_muldi3.o)
                0x02006dec                __aeabi_lmul
                0x02006dec                __muldi3
 .text.selfrel_offset31
                0x02006e50       0x18 /opt/devkitpro/devkitARM/bin/../lib/gcc/arm-none-eabi/13.2.0/thumb/libgcc.a(unwind-arm.o)
 .text.search_EIT_table
                0x02006e68       0x74 /opt/devkitpro/devkitARM/bin/../lib/gcc/arm-none-eabi/13.2.0/thumb/libgcc.a(unwind-arm.o)
 .text.__gnu_unwind_get_pr_addr
                0x02006edc       0x28 /opt/devkitpro/devkitARM/bin/../lib/gcc/arm-none-eabi/13.2.0/thumb/libgcc.a(unwind-arm.o)
 .text.get_eit_entry
                0x02006f04       0x98 /opt/devkitpro/devkitARM/bin/../lib/gcc/arm-none-eabi/13.2.0/thumb/libgcc.a(unwind-arm.o)
 .text.restore_non_core_regs
                0x02006f9c       0x60 /opt/devkitpro/devkitARM/bin/../lib/gcc/arm-none-eabi/13.2.0/thumb/libgcc.a(unwind-arm.o)
 .text._Unwind_decode_typeinfo_ptr.constprop.0
                0x02006ffc        0xc /opt/devkitpro/devkitARM/bin/../lib/gcc/arm-none-eabi/13.2.0/thumb/libgcc.a(unwind-arm.o)
 .text._Unwind_DebugHook
                0x02007008        0x4 /opt/devkitpro/devkitARM/bin/../lib/gcc/arm-none-eabi/13.2.0/thumb/libgcc.a(unwind-arm.o)
 .text.unwind_phase2
                0x0200700c       0x40 /opt/devkitpro/devkitARM/bin/../lib/gcc/arm-none-eabi/13.2.0/thumb/libgcc.a(unwind-arm.o)
 .text.unwind_phase2_forced
                0x0200704c       0xd8 /opt/devkitpro/devkitARM/bin/../lib/gcc/arm-none-eabi/13.2.0/thumb/libgcc.a(unwind-arm.o)
 .text.__gnu_Unwind_RaiseException
                0x02007124       0x58 /opt/devkitpro/devkitARM/bin/../lib/gcc/arm-none-eabi/13.2.0/thumb/libgcc.a(unwind-arm.o)
                0x02007124                __gnu_Unwind_RaiseException
 .text.__gnu_Unwind_ForcedUnwind
                0x0200717c       0x18 /opt/devkitpro/devkitARM/bin/../lib/gcc/arm-none-eabi/13.2.0/thumb/libgcc.a(unwind-arm.o)
                0x0200717c                __gnu_Unwind_ForcedUnwind
 .text.__gnu_Unwind_Resume
                0x02007194       0x4c /opt/devkitpro/devkitARM/bin/../lib/gcc/arm-none-eabi/13.2.0/thumb/libgcc.a(unwind-arm.o)
                0x02007194                __gnu_Unwind_Resume
 .text.__gnu_Unwind_Resume_or_Rethrow
                0x020071e0       0x20 /opt/devkitpro/devkitARM/bin/../lib/gcc/arm-none-eabi/13.2.0/thumb/libgcc.a(unwind-arm.o)
                0x020071e0                __gnu_Unwind_Resume_or_Rethrow
 .text._Unwind_Complete
                0x02007200        0x4 /opt/devkitpro/devkitARM/bin/../lib/gcc/arm-none-eabi/13.2.0/thumb/libgcc.a(unwind-arm.o)
                0x02007200                _Unwind_Complete
 .text._Unwind_DeleteException
                0x02007204       0x18 /opt/devkitpro/devkitARM/bin/../lib/gcc/arm-none-eabi/13.2.0/thumb/libgcc.a(unwind-arm.o)
                0x02007204                _Unwind_DeleteException
 .text._Unwind_VRS_Get
                0x0200721c       0x44 /opt/devkitpro/devkitARM/bin/../lib/gcc/arm-none-eabi/13.2.0/thumb/libgcc.a(unwind-arm.o)
                0x0200721c                _Unwind_VRS_Get
 .text._Unwind_GetGR
                0x02007260       0x1c /opt/devkitpro/devkitARM/bin/../lib/gcc/arm-none-eabi/13.2.0/thumb/libgcc.a(unwind-arm.o)
 .text._Unwind_VRS_Set
                0x0200727c       0x44 /opt/devkitpro/devkitARM/bin/../lib/gcc/arm-none-eabi/13.2.0/thumb/libgcc.a(unwind-arm.o)
                0x0200727c                _Unwind_VRS_Set
 .text._Unwind_SetGR
                0x020072c0       0x1c /opt/devkitpro/devkitARM/bin/../lib/gcc/arm-none-eabi/13.2.0/thumb/libgcc.a(unwind-arm.o)
 .text.__gnu_Unwind_Backtrace
                0x020072dc       0x78 /opt/devkitpro/devkitARM/bin/../lib/gcc/arm-none-eabi/13.2.0/thumb/libgcc.a(unwind-arm.o)
                0x020072dc                __gnu_Unwind_Backtrace
 .text.__gnu_unwind_pr_common
                0x02007354      0x2e8 /opt/devkitpro/devkitARM/bin/../lib/gcc/arm-none-eabi/13.2.0/thumb/libgcc.a(unwind-arm.o)
 .text.__aeabi_unwind_cpp_pr0
                0x0200763c       0x10 /opt/devkitpro/devkitARM/bin/../lib/gcc/arm-none-eabi/13.2.0/thumb/libgcc.a(unwind-arm.o)
                0x0200763c                __aeabi_unwind_cpp_pr0
 .text.__aeabi_unwind_cpp_pr1
                0x0200764c       0x10 /opt/devkitpro/devkitARM/bin/../lib/gcc/arm-none-eabi/13.2.0/thumb/libgcc.a(unwind-arm.o)
                0x0200764c                __aeabi_unwind_cpp_pr1
 .text.__aeabi_unwind_cpp_pr2
                0x0200765c       0x10 /opt/devkitpro/devkitARM/bin/../lib/gcc/arm-none-eabi/13.2.0/thumb/libgcc.a(unwind-arm.o)
                0x0200765c                __aeabi_unwind_cpp_pr2
 .text._Unwind_VRS_Pop
                0x0200766c      0x2b4 /opt/devkitpro/devkitARM/bin/../lib/gcc/arm-none-eabi/13.2.0/thumb/libgcc.a(unwind-arm.o)
                0x0200766c                _Unwind_VRS_Pop
 .text.next_unwind_byte
                0x02007920       0x34 /opt/devkitpro/devkitARM/bin/../lib/gcc/arm-none-eabi/13.2.0/thumb/libgcc.a(pr-support.o)
 .text._Unwind_GetGR.constprop.0
                0x02007954       0x1c /opt/devkitpro/devkitARM/bin/../lib/gcc/arm-none-eabi/13.2.0/thumb/libgcc.a(pr-support.o)
 .text.unwind_UCB_from_context
                0x02007970        0xc /opt/devkitpro/devkitARM/bin/../lib/gcc/arm-none-eabi/13.2.0/thumb/libgcc.a(pr-support.o)
 .text.__gnu_unwind_execute
                0x0200797c      0x310 /opt/devkitpro/devkitARM/bin/../lib/gcc/arm-none-eabi/13.2.0/thumb/libgcc.a(pr-support.o)
                0x0200797c                __gnu_unwind_execute
 .text.__gnu_unwind_frame
                0x02007c8c       0x2c /opt/devkitpro/devkitARM/bin/../lib/gcc/arm-none-eabi/13.2.0/thumb/libgcc.a(pr-support.o)
                0x02007c8c                __gnu_unwind_frame
 .text._Unwind_GetRegionStart
                0x02007cb8       0x10 /opt/devkitpro/devkitARM/bin/../lib/gcc/arm-none-eabi/13.2.0/thumb/libgcc.a(pr-support.o)
                0x02007cb8                _Unwind_GetRegionStart
 .text._Unwind_GetLanguageSpecificData
                0x02007cc8       0x18 /opt/devkitpro/devkitARM/bin/../lib/gcc/arm-none-eabi/13.2.0/thumb/libgcc.a(pr-support.o)
                0x02007cc8                _Unwind_GetLanguageSpecificData
 .text.unlikely._Unwind_GetDataRelBase
                0x02007ce0        0x6 /opt/devkitpro/devkitARM/bin/../lib/gcc/arm-none-eabi/13.2.0/thumb/libgcc.a(pr-support.o)
                0x02007ce0                _Unwind_GetDataRelBase
 .text.unlikely._Unwind_GetTextRelBase
                0x02007ce6        0x6 /opt/devkitpro/devkitARM/bin/../lib/gcc/arm-none-eabi/13.2.0/thumb/libgcc.a(pr-support.o)
                0x02007ce6                _Unwind_GetTextRelBase
 .text.printf   0x02007cec       0x24 /opt/devkitpro/devkitARM/bin/../lib/gcc/arm-none-eabi/13.2.0/../../../../arm-none-eabi/lib/thumb/libg.a(libc_a-printf.o)
                0x02007cec                printf
 .text._puts_r  0x02007d10       0x88 /opt/devkitpro/devkitARM/bin/../lib/gcc/arm-none-eabi/13.2.0/../../../../arm-none-eabi/lib/thumb/libg.a(libc_a-puts.o)
                0x02007d10                _puts_r
 .text.puts     0x02007d98       0x14 /opt/devkitpro/devkitARM/bin/../lib/gcc/arm-none-eabi/13.2.0/../../../../arm-none-eabi/lib/thumb/libg.a(libc_a-puts.o)
                0x02007d98                puts
 .text.abort    0x02007dac       0x10 /opt/devkitpro/devkitARM/bin/../lib/gcc/arm-none-eabi/13.2.0/../../../../arm-none-eabi/lib/thumb/libg.a(libc_a-abort.o)
                0x02007dac                abort
 .text.siscanf  0x02007dbc       0x4c /opt/devkitpro/devkitARM/bin/../lib/gcc/arm-none-eabi/13.2.0/../../../../arm-none-eabi/lib/thumb/libg.a(libc_a-siscanf.o)
                0x02007dbc                siscanf
 .text._calloc_r
                0x02007e08       0xb8 /opt/devkitpro/devkitARM/bin/../lib/gcc/arm-none-eabi/13.2.0/../../../../arm-none-eabi/lib/thumb/libg.a(libc_a-callocr.o)
                0x02007e08                _calloc_r
 .text.setvbuf  0x02007ec0      0x1a4 /opt/devkitpro/devkitARM/bin/../lib/gcc/arm-none-eabi/13.2.0/../../../../arm-none-eabi/lib/thumb/libg.a(libc_a-setvbuf.o)
                0x02007ec0                setvbuf
 .text.get_arg  0x02008064       0x3e /opt/devkitpro/devkitARM/bin/../lib/gcc/arm-none-eabi/13.2.0/../../../../arm-none-eabi/lib/thumb/libg.a(libc_a-svfiscanf.o)
 .text._sungetc_r
                0x020080a2       0x7e /opt/devkitpro/devkitARM/bin/../lib/gcc/arm-none-eabi/13.2.0/../../../../arm-none-eabi/lib/thumb/libg.a(libc_a-svfiscanf.o)
                0x020080a2                _sungetc_r
 .text.__ssrefill_r
                0x02008120       0x42 /opt/devkitpro/devkitARM/bin/../lib/gcc/arm-none-eabi/13.2.0/../../../../arm-none-eabi/lib/thumb/libg.a(libc_a-svfiscanf.o)
                0x02008120                __ssrefill_r
 .text._sfread_r
                0x02008162       0x88 /opt/devkitpro/devkitARM/bin/../lib/gcc/arm-none-eabi/13.2.0/../../../../arm-none-eabi/lib/thumb/libg.a(libc_a-svfiscanf.o)
                0x02008162                _sfread_r
 *fill*         0x020081ea        0x2 ff
 .text.__ssvfiscanf_r
                0x020081ec     0x1ac4 /opt/devkitpro/devkitARM/bin/../lib/gcc/arm-none-eabi/13.2.0/../../../../arm-none-eabi/lib/thumb/libg.a(libc_a-svfiscanf.o)
                0x020081ec                __ssvfiscanf_r
 .text._malloc_trim_r
                0x02009cb0       0xac /opt/devkitpro/devkitARM/bin/../lib/gcc/arm-none-eabi/13.2.0/../../../../arm-none-eabi/lib/thumb/libg.a(libc_a-freer.o)
                0x02009cb0                _malloc_trim_r
 .text._free_r  0x02009d5c      0x1d8 /opt/devkitpro/devkitARM/bin/../lib/gcc/arm-none-eabi/13.2.0/../../../../arm-none-eabi/lib/thumb/libg.a(libc_a-freer.o)
                0x02009d5c                _free_r
 .text.strchr   0x02009f34       0xc8 /opt/devkitpro/devkitARM/bin/../lib/gcc/arm-none-eabi/13.2.0/../../../../arm-none-eabi/lib/thumb/libg.a(libc_a-strchr.o)
                0x02009f34                strchr
 .text.memcmp   0x02009ffc       0x4c /opt/devkitpro/devkitARM/bin/../lib/gcc/arm-none-eabi/13.2.0/../../../../arm-none-eabi/lib/thumb/libg.a(libc_a-memcmp.o)
                0x02009ffc                memcmp
 .text._fclose_r
                0x0200a048       0xd8 /opt/devkitpro/devkitARM/bin/../lib/gcc/arm-none-eabi/13.2.0/../../../../arm-none-eabi/lib/thumb/libg.a(libc_a-fclose.o)
                0x0200a048                _fclose_r
 .text.fclose   0x0200a120       0x14 /opt/devkitpro/devkitARM/bin/../lib/gcc/arm-none-eabi/13.2.0/../../../../arm-none-eabi/lib/thumb/libg.a(libc_a-fclose.o)
                0x0200a120                fclose
 .text.malloc   0x0200a134       0x14 /opt/devkitpro/devkitARM/bin/../lib/gcc/arm-none-eabi/13.2.0/../../../../arm-none-eabi/lib/thumb/libg.a(libc_a-malloc.o)
                0x0200a134                malloc
 .text.free     0x0200a148       0x14 /opt/devkitpro/devkitARM/bin/../lib/gcc/arm-none-eabi/13.2.0/../../../../arm-none-eabi/lib/thumb/libg.a(libc_a-malloc.o)
                0x0200a148                free
 .text._malloc_r
                0x0200a15c      0x558 /opt/devkitpro/devkitARM/bin/../lib/gcc/arm-none-eabi/13.2.0/../../../../arm-none-eabi/lib/thumb/libg.a(libc_a-mallocr.o)
                0x0200a15c                _malloc_r
 .text.getenv   0x0200a6b4       0x1c /opt/devkitpro/devkitARM/bin/../lib/gcc/arm-none-eabi/13.2.0/../../../../arm-none-eabi/lib/thumb/libg.a(libc_a-getenv.o)
                0x0200a6b4                getenv
 .text.memmove  0x0200a6d0       0xbc /opt/devkitpro/devkitARM/bin/../lib/gcc/arm-none-eabi/13.2.0/../../../../arm-none-eabi/lib/thumb/libg.a(libc_a-memmove.o)
                0x0200a6d0                memmove
 .text._findenv_r
                0x0200a78c       0x94 /opt/devkitpro/devkitARM/bin/../lib/gcc/arm-none-eabi/13.2.0/../../../../arm-none-eabi/lib/thumb/libg.a(libc_a-getenv_r.o)
                0x0200a78c                _findenv_r
 .text.memset   0x0200a820       0xb0 /opt/devkitpro/devkitARM/bin/../lib/gcc/arm-none-eabi/13.2.0/../../../../arm-none-eabi/lib/thumb/libg.a(libc_a-memset.o)
                0x0200a820                memset
 .text.__malloc_lock
                0x0200a8d0       0x14 /opt/devkitpro/devkitARM/bin/../lib/gcc/arm-none-eabi/13.2.0/../../../../arm-none-eabi/lib/thumb/libg.a(libc_a-mlock.o)
                0x0200a8d0                __malloc_lock
 .text.__malloc_unlock
                0x0200a8e4       0x14 /opt/devkitpro/devkitARM/bin/../lib/gcc/arm-none-eabi/13.2.0/../../../../arm-none-eabi/lib/thumb/libg.a(libc_a-mlock.o)
                0x0200a8e4                __malloc_unlock
 .text.get_arg  0x0200a8f8      0x434 /opt/devkitpro/devkitARM/bin/../lib/gcc/arm-none-eabi/13.2.0/../../../../arm-none-eabi/lib/thumb/libg.a(libc_a-vfprintf.o)
 .text._vfprintf_r
                0x0200ad2c     0x2388 /opt/devkitpro/devkitARM/bin/../lib/gcc/arm-none-eabi/13.2.0/../../../../arm-none-eabi/lib/thumb/libg.a(libc_a-vfprintf.o)
                0x0200ad2c                _vfprintf_r
 .text.__sbprintf
                0x0200d0b4       0x7c /opt/devkitpro/devkitARM/bin/../lib/gcc/arm-none-eabi/13.2.0/../../../../arm-none-eabi/lib/thumb/libg.a(libc_a-vfprintf.o)
 .text._raise_r
                0x0200d130       0x60 /opt/devkitpro/devkitARM/bin/../lib/gcc/arm-none-eabi/13.2.0/../../../../arm-none-eabi/lib/thumb/libg.a(libc_a-signal.o)
                0x0200d130                _raise_r
 .text.raise    0x0200d190       0x14 /opt/devkitpro/devkitARM/bin/../lib/gcc/arm-none-eabi/13.2.0/../../../../arm-none-eabi/lib/thumb/libg.a(libc_a-signal.o)
                0x0200d190                raise
 .text.strlen   0x0200d1a4       0x60 /opt/devkitpro/devkitARM/bin/../lib/gcc/arm-none-eabi/13.2.0/../../../../arm-none-eabi/lib/thumb/libg.a(libc_a-strlen.o)
                0x0200d1a4                strlen
 .text._fopen_r
                0x0200d204       0xb8 /opt/devkitpro/devkitARM/bin/../lib/gcc/arm-none-eabi/13.2.0/../../../../arm-none-eabi/lib/thumb/libg.a(libc_a-fopen.o)
                0x0200d204                _fopen_r
 .text.fopen    0x0200d2bc       0x18 /opt/devkitpro/devkitARM/bin/../lib/gcc/arm-none-eabi/13.2.0/../../../../arm-none-eabi/lib/thumb/libg.a(libc_a-fopen.o)
                0x0200d2bc                fopen
 .text.__sflush_r
                0x0200d2d4      0x188 /opt/devkitpro/devkitARM/bin/../lib/gcc/arm-none-eabi/13.2.0/../../../../arm-none-eabi/lib/thumb/libg.a(libc_a-fflush.o)
                0x0200d2d4                __sflush_r
 .text._fflush_r
                0x0200d45c       0x70 /opt/devkitpro/devkitARM/bin/../lib/gcc/arm-none-eabi/13.2.0/../../../../arm-none-eabi/lib/thumb/libg.a(libc_a-fflush.o)
                0x0200d45c                _fflush_r
 .text.__sfvwrite_r
                0x0200d4cc      0x330 /opt/devkitpro/devkitARM/bin/../lib/gcc/arm-none-eabi/13.2.0/../../../../arm-none-eabi/lib/thumb/libg.a(libc_a-fvwrite.o)
                0x0200d4cc                __sfvwrite_r
 .text.strncmp  0x0200d7fc       0x78 /opt/devkitpro/devkitARM/bin/../lib/gcc/arm-none-eabi/13.2.0/../../../../arm-none-eabi/lib/thumb/libg.a(libc_a-strncmp.o)
                0x0200d7fc                strncmp
 .text._fwalk_sglue
                0x0200d874       0x4c /opt/devkitpro/devkitARM/bin/../lib/gcc/arm-none-eabi/13.2.0/../../../../arm-none-eabi/lib/thumb/libg.a(libc_a-fwalk.o)
                0x0200d874                _fwalk_sglue
 .text._fread_r
                0x0200d8c0      0x224 /opt/devkitpro/devkitARM/bin/../lib/gcc/arm-none-eabi/13.2.0/../../../../arm-none-eabi/lib/thumb/libg.a(libc_a-fread.o)
                0x0200d8c0                _fread_r
 .text.fread    0x0200dae4       0x24 /opt/devkitpro/devkitARM/bin/../lib/gcc/arm-none-eabi/13.2.0/../../../../arm-none-eabi/lib/thumb/libg.a(libc_a-fread.o)
                0x0200dae4                fread
 .text._realloc_r
                0x0200db08      0x384 /opt/devkitpro/devkitARM/bin/../lib/gcc/arm-none-eabi/13.2.0/../../../../arm-none-eabi/lib/thumb/libg.a(libc_a-reallocr.o)
                0x0200db08                _realloc_r
 .text.strncpy  0x0200de8c       0x68 /opt/devkitpro/devkitARM/bin/../lib/gcc/arm-none-eabi/13.2.0/../../../../arm-none-eabi/lib/thumb/libg.a(libc_a-strncpy.o)
                0x0200de8c                strncpy
 .text.stdio_exit_handler
                0x0200def4       0x20 /opt/devkitpro/devkitARM/bin/../lib/gcc/arm-none-eabi/13.2.0/../../../../arm-none-eabi/lib/thumb/libg.a(libc_a-findfp.o)
 .text.cleanup_stdio
                0x0200df14       0x40 /opt/devkitpro/devkitARM/bin/../lib/gcc/arm-none-eabi/13.2.0/../../../../arm-none-eabi/lib/thumb/libg.a(libc_a-findfp.o)
 .text.global_stdio_init.part.0
                0x0200df54      0x128 /opt/devkitpro/devkitARM/bin/../lib/gcc/arm-none-eabi/13.2.0/../../../../arm-none-eabi/lib/thumb/libg.a(libc_a-findfp.o)
 .text.__sfp    0x0200e07c       0xcc /opt/devkitpro/devkitARM/bin/../lib/gcc/arm-none-eabi/13.2.0/../../../../arm-none-eabi/lib/thumb/libg.a(libc_a-findfp.o)
                0x0200e07c                __sfp
 .text.__sinit  0x0200e148       0x3c /opt/devkitpro/devkitARM/bin/../lib/gcc/arm-none-eabi/13.2.0/../../../../arm-none-eabi/lib/thumb/libg.a(libc_a-findfp.o)
                0x0200e148                __sinit
 .text.__sfp_lock_acquire
                0x0200e184       0x14 /opt/devkitpro/devkitARM/bin/../lib/gcc/arm-none-eabi/13.2.0/../../../../arm-none-eabi/lib/thumb/libg.a(libc_a-findfp.o)
                0x0200e184                __sfp_lock_acquire
 .text.__sfp_lock_release
                0x0200e198       0x14 /opt/devkitpro/devkitARM/bin/../lib/gcc/arm-none-eabi/13.2.0/../../../../arm-none-eabi/lib/thumb/libg.a(libc_a-findfp.o)
                0x0200e198                __sfp_lock_release
 .text._fseek_r
                0x0200e1ac       0x18 /opt/devkitpro/devkitARM/bin/../lib/gcc/arm-none-eabi/13.2.0/../../../../arm-none-eabi/lib/thumb/libg.a(libc_a-fseek.o)
                0x0200e1ac                _fseek_r
 .text.fseek    0x0200e1c4       0x24 /opt/devkitpro/devkitARM/bin/../lib/gcc/arm-none-eabi/13.2.0/../../../../arm-none-eabi/lib/thumb/libg.a(libc_a-fseek.o)
                0x0200e1c4                fseek
 .text._strtol_l.part.0
                0x0200e1e8      0x13c /opt/devkitpro/devkitARM/bin/../lib/gcc/arm-none-eabi/13.2.0/../../../../arm-none-eabi/lib/thumb/libg.a(libc_a-strtol.o)
 .text._strtol_r
                0x0200e324       0x34 /opt/devkitpro/devkitARM/bin/../lib/gcc/arm-none-eabi/13.2.0/../../../../arm-none-eabi/lib/thumb/libg.a(libc_a-strtol.o)
                0x0200e324                _strtol_r
 .text.realloc  0x0200e358       0x18 /opt/devkitpro/devkitARM/bin/../lib/gcc/arm-none-eabi/13.2.0/../../../../arm-none-eabi/lib/thumb/libg.a(libc_a-realloc.o)
                0x0200e358                realloc
 .text._strtoul_l.isra.0
                0x0200e370      0x144 /opt/devkitpro/devkitARM/bin/../lib/gcc/arm-none-eabi/13.2.0/../../../../arm-none-eabi/lib/thumb/libg.a(libc_a-strtoul.o)
 .text._strtoul_r
                0x0200e4b4       0x20 /opt/devkitpro/devkitARM/bin/../lib/gcc/arm-none-eabi/13.2.0/../../../../arm-none-eabi/lib/thumb/libg.a(libc_a-strtoul.o)
                0x0200e4b4                _strtoul_r
 .text.strtoul  0x0200e4d4       0x24 /opt/devkitpro/devkitARM/bin/../lib/gcc/arm-none-eabi/13.2.0/../../../../arm-none-eabi/lib/thumb/libg.a(libc_a-strtoul.o)
                0x0200e4d4                strtoul
 .text.__locale_mb_cur_max
                0x0200e4f8       0x20 /opt/devkitpro/devkitARM/bin/../lib/gcc/arm-none-eabi/13.2.0/../../../../arm-none-eabi/lib/thumb/libg.a(libc_a-locale.o)
                0x0200e4f8                __locale_mb_cur_max
 .text._localeconv_r
                0x0200e518       0x1c /opt/devkitpro/devkitARM/bin/../lib/gcc/arm-none-eabi/13.2.0/../../../../arm-none-eabi/lib/thumb/libg.a(libc_a-localeconv.o)
                0x0200e518                _localeconv_r
 .text.memchr   0x0200e534       0x78 /opt/devkitpro/devkitARM/bin/../lib/gcc/arm-none-eabi/13.2.0/../../../../arm-none-eabi/lib/thumb/libg.a(libc_a-memchr-stub.o)
                0x0200e534                memchr
 .text.__utf8_wctomb
                0x0200e5ac       0xb4 /opt/devkitpro/devkitARM/bin/../lib/gcc/arm-none-eabi/13.2.0/../../../../arm-none-eabi/lib/thumb/libg.a(libc_a-wctomb_r.o)
                0x0200e5ac                __utf8_wctomb
 .text.memcpy   0x0200e660       0x90 /opt/devkitpro/devkitARM/bin/../lib/gcc/arm-none-eabi/13.2.0/../../../../arm-none-eabi/lib/thumb/libg.a(libc_a-memcpy-stub.o)
                0x0200e660                memcpy
 .text.__sync_synchronize
                0x0200e6f0        0x4 /opt/devkitpro/devkitARM/bin/../lib/gcc/arm-none-eabi/13.2.0/../../../../arm-none-eabi/lib/thumb/libg.a(libc_a-sync_synchronize.o)
                0x0200e6f0                __sync_synchronize
 .text.__libc_init_array
                0x0200e6f4       0x54 /opt/devkitpro/devkitARM/bin/../lib/gcc/arm-none-eabi/13.2.0/../../../../arm-none-eabi/lib/thumb/libg.a(libc_a-init.o)
                0x0200e6f4                __libc_init_array
 .text.__errno  0x0200e748        0xc /opt/devkitpro/devkitARM/bin/../lib/gcc/arm-none-eabi/13.2.0/../../../../arm-none-eabi/lib/thumb/libg.a(libc_a-errno.o)
                0x0200e748                __errno
 .text.frexp    0x0200e754       0x6c /opt/devkitpro/devkitARM/bin/../lib/gcc/arm-none-eabi/13.2.0/../../../../arm-none-eabi/lib/thumb/libg.a(libm_a-s_frexp.o)
                0x0200e754                frexp
 .text._strtoll_l.isra.0
                0x0200e7c0      0x19c /opt/devkitpro/devkitARM/bin/../lib/gcc/arm-none-eabi/13.2.0/../../../../arm-none-eabi/lib/thumb/libg.a(libc_a-strtoll.o)
 .text._strtoll_r
                0x0200e95c       0x20 /opt/devkitpro/devkitARM/bin/../lib/gcc/arm-none-eabi/13.2.0/../../../../arm-none-eabi/lib/thumb/libg.a(libc_a-strtoll.o)
                0x0200e95c                _strtoll_r
 .text._strtoull_l.isra.0
                0x0200e97c      0x1c4 /opt/devkitpro/devkitARM/bin/../lib/gcc/arm-none-eabi/13.2.0/../../../../arm-none-eabi/lib/thumb/libg.a(libc_a-strtoull.o)
 .text._strtoull_r
                0x0200eb40       0x20 /opt/devkitpro/devkitARM/bin/../lib/gcc/arm-none-eabi/13.2.0/../../../../arm-none-eabi/lib/thumb/libg.a(libc_a-strtoull.o)
                0x0200eb40                _strtoull_r
 .text.iswspace
                0x0200eb60       0x10 /opt/devkitpro/devkitARM/bin/../lib/gcc/arm-none-eabi/13.2.0/../../../../arm-none-eabi/lib/thumb/libg.a(libc_a-iswspace.o)
                0x0200eb60                iswspace
 .text._mbrtowc_r
                0x0200eb70       0x90 /opt/devkitpro/devkitARM/bin/../lib/gcc/arm-none-eabi/13.2.0/../../../../arm-none-eabi/lib/thumb/libg.a(libc_a-mbrtowc.o)
                0x0200eb70                _mbrtowc_r
 .text.__smakebuf_r
                0x0200ec00       0xe8 /opt/devkitpro/devkitARM/bin/../lib/gcc/arm-none-eabi/13.2.0/../../../../arm-none-eabi/lib/thumb/libg.a(libc_a-makebuf.o)
                0x0200ec00                __smakebuf_r
 .text.__swhatbuf_r
                0x0200ece8       0x5c /opt/devkitpro/devkitARM/bin/../lib/gcc/arm-none-eabi/13.2.0/../../../../arm-none-eabi/lib/thumb/libg.a(libc_a-makebuf.o)
                0x0200ece8                __swhatbuf_r
 .text._wcrtomb_r
                0x0200ed44       0x84 /opt/devkitpro/devkitARM/bin/../lib/gcc/arm-none-eabi/13.2.0/../../../../arm-none-eabi/lib/thumb/libg.a(libc_a-wcrtomb.o)
                0x0200ed44                _wcrtomb_r
 .text.iswspace_l
                0x0200edc8       0x28 /opt/devkitpro/devkitARM/bin/../lib/gcc/arm-none-eabi/13.2.0/../../../../arm-none-eabi/lib/thumb/libg.a(libc_a-iswspace_l.o)
                0x0200edc8                iswspace_l
 .text._wcsrtombs_r
                0x0200edf0       0x1c /opt/devkitpro/devkitARM/bin/../lib/gcc/arm-none-eabi/13.2.0/../../../../arm-none-eabi/lib/thumb/libg.a(libc_a-wcsrtombs.o)
                0x0200edf0                _wcsrtombs_r
 .text.__sccl   0x0200ee0c       0xa0 /opt/devkitpro/devkitARM/bin/../lib/gcc/arm-none-eabi/13.2.0/../../../../arm-none-eabi/lib/thumb/libg.a(libc_a-sccl.o)
                0x0200ee0c                __sccl
 .text.lflush   0x0200eeac       0x24 /opt/devkitpro/devkitARM/bin/../lib/gcc/arm-none-eabi/13.2.0/../../../../arm-none-eabi/lib/thumb/libg.a(libc_a-refill.o)
 .text.__srefill_r
                0x0200eed0      0x10c /opt/devkitpro/devkitARM/bin/../lib/gcc/arm-none-eabi/13.2.0/../../../../arm-none-eabi/lib/thumb/libg.a(libc_a-refill.o)
                0x0200eed0                __srefill_r
 .text.__submore
                0x0200efdc       0x88 /opt/devkitpro/devkitARM/bin/../lib/gcc/arm-none-eabi/13.2.0/../../../../arm-none-eabi/lib/thumb/libg.a(libc_a-ungetc.o)
                0x0200efdc                __submore
 .text.__sread  0x0200f064       0x34 /opt/devkitpro/devkitARM/bin/../lib/gcc/arm-none-eabi/13.2.0/../../../../arm-none-eabi/lib/thumb/libg.a(libc_a-stdio.o)
                0x0200f064                __sread
 .text.__seofread
                0x0200f098        0x4 /opt/devkitpro/devkitARM/bin/../lib/gcc/arm-none-eabi/13.2.0/../../../../arm-none-eabi/lib/thumb/libg.a(libc_a-stdio.o)
                0x0200f098                __seofread
 .text.__swrite
                0x0200f09c       0x4c /opt/devkitpro/devkitARM/bin/../lib/gcc/arm-none-eabi/13.2.0/../../../../arm-none-eabi/lib/thumb/libg.a(libc_a-stdio.o)
                0x0200f09c                __swrite
 .text.__sseek  0x0200f0e8       0x44 /opt/devkitpro/devkitARM/bin/../lib/gcc/arm-none-eabi/13.2.0/../../../../arm-none-eabi/lib/thumb/libg.a(libc_a-stdio.o)
                0x0200f0e8                __sseek
 .text.__sclose
                0x0200f12c       0x10 /opt/devkitpro/devkitARM/bin/../lib/gcc/arm-none-eabi/13.2.0/../../../../arm-none-eabi/lib/thumb/libg.a(libc_a-stdio.o)
                0x0200f12c                __sclose
 .text.category
                0x0200f13c       0x58 /opt/devkitpro/devkitARM/bin/../lib/gcc/arm-none-eabi/13.2.0/../../../../arm-none-eabi/lib/thumb/libg.a(libc_a-categories.o)
                0x0200f13c                category
 .text.__env_lock
                0x0200f194       0x14 /opt/devkitpro/devkitARM/bin/../lib/gcc/arm-none-eabi/13.2.0/../../../../arm-none-eabi/lib/thumb/libg.a(libc_a-envlock.o)
                0x0200f194                __env_lock
 .text.__env_unlock
                0x0200f1a8       0x14 /opt/devkitpro/devkitARM/bin/../lib/gcc/arm-none-eabi/13.2.0/../../../../arm-none-eabi/lib/thumb/libg.a(libc_a-envlock.o)
                0x0200f1a8                __env_unlock
 .text.get_arg  0x0200f1bc      0x434 /opt/devkitpro/devkitARM/bin/../lib/gcc/arm-none-eabi/13.2.0/../../../../arm-none-eabi/lib/thumb/libg.a(libc_a-vfiprintf.o)
 .text.__sprint_r
                0x0200f5f0       0x24 /opt/devkitpro/devkitARM/bin/../lib/gcc/arm-none-eabi/13.2.0/../../../../arm-none-eabi/lib/thumb/libg.a(libc_a-vfiprintf.o)
                0x0200f5f0                __sprint_r
 .text._vfiprintf_r
                0x0200f614     0x17cc /opt/devkitpro/devkitARM/bin/../lib/gcc/arm-none-eabi/13.2.0/../../../../arm-none-eabi/lib/thumb/libg.a(libc_a-vfiprintf.o)
                0x0200f614                _vfiprintf_r
 .text.__sbprintf
                0x02010de0       0x7c /opt/devkitpro/devkitARM/bin/../lib/gcc/arm-none-eabi/13.2.0/../../../../arm-none-eabi/lib/thumb/libg.a(libc_a-vfiprintf.o)
 .text.__swsetup_r
                0x02010e5c       0xcc /opt/devkitpro/devkitARM/bin/../lib/gcc/arm-none-eabi/13.2.0/../../../../arm-none-eabi/lib/thumb/libg.a(libc_a-wsetup.o)
                0x02010e5c                __swsetup_r
 .text.quorem   0x02010f28      0x158 /opt/devkitpro/devkitARM/bin/../lib/gcc/arm-none-eabi/13.2.0/../../../../arm-none-eabi/lib/thumb/libg.a(libc_a-dtoa.o)
 .text._dtoa_r  0x02011080     0x1024 /opt/devkitpro/devkitARM/bin/../lib/gcc/arm-none-eabi/13.2.0/../../../../arm-none-eabi/lib/thumb/libg.a(libc_a-dtoa.o)
                0x02011080                _dtoa_r
 .text._fseeko_r
                0x020120a4      0x414 /opt/devkitpro/devkitARM/bin/../lib/gcc/arm-none-eabi/13.2.0/../../../../arm-none-eabi/lib/thumb/libg.a(libc_a-fseeko.o)
                0x020120a4                _fseeko_r
 .text.__sflags
                0x020124b8       0xa4 /opt/devkitpro/devkitARM/bin/../lib/gcc/arm-none-eabi/13.2.0/../../../../arm-none-eabi/lib/thumb/libg.a(libc_a-flags.o)
                0x020124b8                __sflags
 .text._Balloc  0x0201255c       0x54 /opt/devkitpro/devkitARM/bin/../lib/gcc/arm-none-eabi/13.2.0/../../../../arm-none-eabi/lib/thumb/libg.a(libc_a-mprec.o)
                0x0201255c                _Balloc
 .text._Bfree   0x020125b0       0x14 /opt/devkitpro/devkitARM/bin/../lib/gcc/arm-none-eabi/13.2.0/../../../../arm-none-eabi/lib/thumb/libg.a(libc_a-mprec.o)
                0x020125b0                _Bfree
 .text.__multadd
                0x020125c4       0xac /opt/devkitpro/devkitARM/bin/../lib/gcc/arm-none-eabi/13.2.0/../../../../arm-none-eabi/lib/thumb/libg.a(libc_a-mprec.o)
                0x020125c4                __multadd
 .text.__hi0bits
                0x02012670       0x4c /opt/devkitpro/devkitARM/bin/../lib/gcc/arm-none-eabi/13.2.0/../../../../arm-none-eabi/lib/thumb/libg.a(libc_a-mprec.o)
                0x02012670                __hi0bits
 .text.__lo0bits
                0x020126bc       0x5c /opt/devkitpro/devkitARM/bin/../lib/gcc/arm-none-eabi/13.2.0/../../../../arm-none-eabi/lib/thumb/libg.a(libc_a-mprec.o)
                0x020126bc                __lo0bits
 .text.__i2b    0x02012718       0x64 /opt/devkitpro/devkitARM/bin/../lib/gcc/arm-none-eabi/13.2.0/../../../../arm-none-eabi/lib/thumb/libg.a(libc_a-mprec.o)
                0x02012718                __i2b
 .text.__multiply
                0x0201277c      0x1b0 /opt/devkitpro/devkitARM/bin/../lib/gcc/arm-none-eabi/13.2.0/../../../../arm-none-eabi/lib/thumb/libg.a(libc_a-mprec.o)
                0x0201277c                __multiply
 .text.__pow5mult
                0x0201292c       0xd4 /opt/devkitpro/devkitARM/bin/../lib/gcc/arm-none-eabi/13.2.0/../../../../arm-none-eabi/lib/thumb/libg.a(libc_a-mprec.o)
                0x0201292c                __pow5mult
 .text.__lshift
                0x02012a00      0x100 /opt/devkitpro/devkitARM/bin/../lib/gcc/arm-none-eabi/13.2.0/../../../../arm-none-eabi/lib/thumb/libg.a(libc_a-mprec.o)
                0x02012a00                __lshift
 .text.__mcmp   0x02012b00       0x40 /opt/devkitpro/devkitARM/bin/../lib/gcc/arm-none-eabi/13.2.0/../../../../arm-none-eabi/lib/thumb/libg.a(libc_a-mprec.o)
                0x02012b00                __mcmp
 .text.__mdiff  0x02012b40      0x1b4 /opt/devkitpro/devkitARM/bin/../lib/gcc/arm-none-eabi/13.2.0/../../../../arm-none-eabi/lib/thumb/libg.a(libc_a-mprec.o)
                0x02012b40                __mdiff
 .text.__d2b    0x02012cf4       0xd0 /opt/devkitpro/devkitARM/bin/../lib/gcc/arm-none-eabi/13.2.0/../../../../arm-none-eabi/lib/thumb/libg.a(libc_a-mprec.o)
                0x02012cf4                __d2b
 .text.__utf8_mbtowc
                0x02012dc4      0x27c /opt/devkitpro/devkitARM/bin/../lib/gcc/arm-none-eabi/13.2.0/../../../../arm-none-eabi/lib/thumb/libg.a(libc_a-mbtowc_r.o)
                0x02012dc4                __utf8_mbtowc
 .text._wcsnrtombs_l
                0x02013040      0x11c /opt/devkitpro/devkitARM/bin/../lib/gcc/arm-none-eabi/13.2.0/../../../../arm-none-eabi/lib/thumb/libg.a(libc_a-wcsnrtombs.o)
                0x02013040                _wcsnrtombs_l
 .text._wcsnrtombs_r
                0x0201315c       0x40 /opt/devkitpro/devkitARM/bin/../lib/gcc/arm-none-eabi/13.2.0/../../../../arm-none-eabi/lib/thumb/libg.a(libc_a-wcsnrtombs.o)
                0x0201315c                _wcsnrtombs_r
 .text.__assert_func
                0x0201319c       0x40 /opt/devkitpro/devkitARM/bin/../lib/gcc/arm-none-eabi/13.2.0/../../../../arm-none-eabi/lib/thumb/libg.a(libc_a-assert.o)
                0x0201319c                __assert_func
 .text.fiprintf
                0x020131dc       0x28 /opt/devkitpro/devkitARM/bin/../lib/gcc/arm-none-eabi/13.2.0/../../../../arm-none-eabi/lib/thumb/libg.a(libc_a-fiprintf.o)
                0x020131dc                fiprintf
 .text._exit    0x02013204       0x14 /opt/devkitpro/devkitARM/bin/../lib/gcc/arm-none-eabi/13.2.0/../../../../arm-none-eabi/lib/thumb/libsysbase.a(libsysbase_libsysbase_a-_exit.o)
                0x02013204                _exit
 .text.build_argv
                0x02013218       0x54 /opt/devkitpro/devkitARM/bin/../lib/gcc/arm-none-eabi/13.2.0/../../../../arm-none-eabi/lib/thumb/libsysbase.a(libsysbase_libsysbase_a-build_argv.o)
                0x02013218                build_argv
 .text._fstat_r
                0x0201326c       0x4c /opt/devkitpro/devkitARM/bin/../lib/gcc/arm-none-eabi/13.2.0/../../../../arm-none-eabi/lib/thumb/libsysbase.a(libsysbase_libsysbase_a-fstat.o)
                0x0201326c                _fstat_r
 .text._getpid_r
                0x020132b8        0xc /opt/devkitpro/devkitARM/bin/../lib/gcc/arm-none-eabi/13.2.0/../../../../arm-none-eabi/lib/thumb/libsysbase.a(libsysbase_libsysbase_a-getpid.o)
                0x020132b8                _getpid_r
 .text.__getreent
                0x020132c4       0x20 /opt/devkitpro/devkitARM/bin/../lib/gcc/arm-none-eabi/13.2.0/../../../../arm-none-eabi/lib/thumb/libsysbase.a(libsysbase_libsysbase_a-getreent.o)
                0x020132c4                __getreent
 .text.__release_handle
                0x020132e4       0x68 /opt/devkitpro/devkitARM/bin/../lib/gcc/arm-none-eabi/13.2.0/../../../../arm-none-eabi/lib/thumb/libsysbase.a(libsysbase_libsysbase_a-handle_manager.o)
                0x020132e4                __release_handle
 .text.__alloc_handle
                0x0201334c       0x7c /opt/devkitpro/devkitARM/bin/../lib/gcc/arm-none-eabi/13.2.0/../../../../arm-none-eabi/lib/thumb/libsysbase.a(libsysbase_libsysbase_a-handle_manager.o)
                0x0201334c                __alloc_handle
 .text.__get_handle
                0x020133c8       0x34 /opt/devkitpro/devkitARM/bin/../lib/gcc/arm-none-eabi/13.2.0/../../../../arm-none-eabi/lib/thumb/libsysbase.a(libsysbase_libsysbase_a-handle_manager.o)
                0x020133c8                __get_handle
 .text._close_r
                0x020133fc       0xb8 /opt/devkitpro/devkitARM/bin/../lib/gcc/arm-none-eabi/13.2.0/../../../../arm-none-eabi/lib/thumb/libsysbase.a(libsysbase_libsysbase_a-handle_manager.o)
                0x020133fc                _close_r
 .text.null_write
                0x020134b4        0x4 /opt/devkitpro/devkitARM/bin/../lib/gcc/arm-none-eabi/13.2.0/../../../../arm-none-eabi/lib/thumb/libsysbase.a(libsysbase_libsysbase_a-iosupport.o)
 .text.FindDevice
                0x020134b8       0x98 /opt/devkitpro/devkitARM/bin/../lib/gcc/arm-none-eabi/13.2.0/../../../../arm-none-eabi/lib/thumb/libsysbase.a(libsysbase_libsysbase_a-iosupport.o)
                0x020134b8                FindDevice
 .text._isatty_r
                0x02013550        0x4 /opt/devkitpro/devkitARM/bin/../lib/gcc/arm-none-eabi/13.2.0/../../../../arm-none-eabi/lib/thumb/libsysbase.a(libsysbase_libsysbase_a-isatty.o)
                0x02013550                _isatty_r
 .text._kill_r  0x02013554        0xc /opt/devkitpro/devkitARM/bin/../lib/gcc/arm-none-eabi/13.2.0/../../../../arm-none-eabi/lib/thumb/libsysbase.a(libsysbase_libsysbase_a-kill.o)
                0x02013554                _kill_r
 .text._lseek_r
                0x02013560       0x5c /opt/devkitpro/devkitARM/bin/../lib/gcc/arm-none-eabi/13.2.0/../../../../arm-none-eabi/lib/thumb/libsysbase.a(libsysbase_libsysbase_a-lseek.o)
                0x02013560                _lseek_r
 .text._open_r  0x020135bc       0x98 /opt/devkitpro/devkitARM/bin/../lib/gcc/arm-none-eabi/13.2.0/../../../../arm-none-eabi/lib/thumb/libsysbase.a(libsysbase_libsysbase_a-open.o)
                0x020135bc                _open_r
 .text._read_r  0x02013654       0x50 /opt/devkitpro/devkitARM/bin/../lib/gcc/arm-none-eabi/13.2.0/../../../../arm-none-eabi/lib/thumb/libsysbase.a(libsysbase_libsysbase_a-read.o)
                0x02013654                _read_r
 .text._sbrk_r  0x020136a4       0x54 /opt/devkitpro/devkitARM/bin/../lib/gcc/arm-none-eabi/13.2.0/../../../../arm-none-eabi/lib/thumb/libsysbase.a(libsysbase_libsysbase_a-sbrk.o)
                0x020136a4                _sbrk_r
 .text.__libc_lock_acquire
                0x020136f8       0x18 /opt/devkitpro/devkitARM/bin/../lib/gcc/arm-none-eabi/13.2.0/../../../../arm-none-eabi/lib/thumb/libsysbase.a(libsysbase_libsysbase_a-syscall_support.o)
                0x020136f8                __libc_lock_acquire
 .text.__libc_lock_release
                0x02013710       0x18 /opt/devkitpro/devkitARM/bin/../lib/gcc/arm-none-eabi/13.2.0/../../../../arm-none-eabi/lib/thumb/libsysbase.a(libsysbase_libsysbase_a-syscall_support.o)
                0x02013710                __libc_lock_release
 .text.__libc_lock_acquire_recursive
                0x02013728       0x18 /opt/devkitpro/devkitARM/bin/../lib/gcc/arm-none-eabi/13.2.0/../../../../arm-none-eabi/lib/thumb/libsysbase.a(libsysbase_libsysbase_a-syscall_support.o)
                0x02013728                __libc_lock_acquire_recursive
 .text.__libc_lock_release_recursive