Archive member included to satisfy reference by file (symbol)

/opt/devkitpro/libnds/lib/libnds9.a(console.o)
                              main.o (consoleDemoInit)
/opt/devkitpro/libnds/lib/libnds9.a(videoGL.o)
                              main.o (glGlobalData)
/opt/devkitpro/libnds/lib/libnds9.a(initSystem.o)
                              /opt/devkitpro/devkitARM/bin/../lib/gcc/arm-none-eabi/13.2.0/../../../../arm-none-eabi/lib/thumb/ds_arm9_crt0.o (initSystem)
/opt/devkitpro/libnds/lib/libnds9.a(securearea.o)
                              /opt/devkitpro/devkitARM/bin/../lib/gcc/arm-none-eabi/13.2.0/../../../../arm-none-eabi/lib/thumb/ds_arm9_crt0.o (__secure_area__)
/opt/devkitpro/libnds/lib/libnds9.a(interrupts.o)
                              /opt/devkitpro/libnds/lib/libnds9.a(initSystem.o) (irqInit)
/opt/devkitpro/libnds/lib/libnds9.a(libnds_exit.arm.o)
                              /opt/devkitpro/devkitARM/bin/../lib/gcc/arm-none-eabi/13.2.0/../../../../arm-none-eabi/lib/thumb/ds_arm9_crt0.o (__libnds_exit)
/opt/devkitpro/libnds/lib/libnds9.a(fifosystem.o)
                              /opt/devkitpro/libnds/lib/libnds9.a(initSystem.o) (fifoSetValue32Handler)
/opt/devkitpro/libnds/lib/libnds9.a(mpu_setup.o)
                              /opt/devkitpro/devkitARM/bin/../lib/gcc/arm-none-eabi/13.2.0/../../../../arm-none-eabi/lib/thumb/ds_arm9_crt0.o (__libnds_mpu_setup)
/opt/devkitpro/libnds/lib/libnds9.a(IntrWait.o)
                              main.o (swiWaitForVBlank)
/opt/devkitpro/libnds/lib/libnds9.a(cpu_clock.o)
                              /opt/devkitpro/libnds/lib/libnds9.a(initSystem.o) (setCpuClock)
/opt/devkitpro/libnds/lib/libnds9.a(interruptDispatcher.o)
                              /opt/devkitpro/libnds/lib/libnds9.a(interrupts.o) (IntrMain)
/opt/devkitpro/libnds/lib/libnds9.a(biosCalls.o)
                              /opt/devkitpro/libnds/lib/libnds9.a(videoGL.o) (swiCopy)
/opt/devkitpro/libnds/lib/libnds9.a(debugprint.o)
                              /opt/devkitpro/libnds/lib/libnds9.a(console.o) (nocashWrite)
/opt/devkitpro/libnds/lib/libnds9.a(swiSoftReset.o)
                              /opt/devkitpro/libnds/lib/libnds9.a(fifosystem.o) (swiSoftReset)
/opt/devkitpro/libnds/lib/libnds9.a(default_font.bin.o)
                              /opt/devkitpro/libnds/lib/libnds9.a(console.o) (default_font_bin)
/opt/devkitpro/libnds/lib/libnds9.a(background.o)
                              /opt/devkitpro/libnds/lib/libnds9.a(console.o) (bgState)
/opt/devkitpro/libnds/lib/libnds9.a(dynamicArray.o)
                              /opt/devkitpro/libnds/lib/libnds9.a(videoGL.o) (DynamicArrayInit)
/opt/devkitpro/libnds/lib/libnds9.a(trig.o)
                              /opt/devkitpro/libnds/lib/libnds9.a(videoGL.o) (sinLerp)
/opt/devkitpro/libnds/lib/libnds9.a(video.o)
                              /opt/devkitpro/libnds/lib/libnds9.a(videoGL.o) (vramSetBanks_EFG)
/opt/devkitpro/libnds/lib/libnds9.a(system.o)
                              /opt/devkitpro/libnds/lib/libnds9.a(initSystem.o) (systemValueHandler)
/opt/devkitpro/devkitARM/bin/../lib/gcc/arm-none-eabi/13.2.0/thumb/libgcc.a(_divsi3.o)
                              /opt/devkitpro/libnds/lib/libnds9.a(console.o) (__aeabi_idivmod)
/opt/devkitpro/devkitARM/bin/../lib/gcc/arm-none-eabi/13.2.0/thumb/libgcc.a(_dvmd_tls.o)
                              /opt/devkitpro/devkitARM/bin/../lib/gcc/arm-none-eabi/13.2.0/thumb/libgcc.a(_divsi3.o) (__aeabi_idiv0)
/opt/devkitpro/devkitARM/bin/../lib/gcc/arm-none-eabi/13.2.0/thumb/libgcc.a(_muldi3.o)
                              /opt/devkitpro/libnds/lib/libnds9.a(videoGL.o) (__aeabi_lmul)
/opt/devkitpro/devkitARM/bin/../lib/gcc/arm-none-eabi/13.2.0/../../../../arm-none-eabi/lib/thumb/libg.a(libc_a-puts.o)
                              main.o (puts)
/opt/devkitpro/devkitARM/bin/../lib/gcc/arm-none-eabi/13.2.0/../../../../arm-none-eabi/lib/thumb/libg.a(libc_a-bsearch.o)
                              /opt/devkitpro/libnds/lib/libnds9.a(trig.o) (bsearch)
/opt/devkitpro/devkitARM/bin/../lib/gcc/arm-none-eabi/13.2.0/../../../../arm-none-eabi/lib/thumb/libg.a(libc_a-siscanf.o)
                              /opt/devkitpro/libnds/lib/libnds9.a(console.o) (siscanf)
/opt/devkitpro/devkitARM/bin/../lib/gcc/arm-none-eabi/13.2.0/../../../../arm-none-eabi/lib/thumb/libg.a(libc_a-calloc.o)
                              /opt/devkitpro/libnds/lib/libnds9.a(videoGL.o) (calloc)
/opt/devkitpro/devkitARM/bin/../lib/gcc/arm-none-eabi/13.2.0/../../../../arm-none-eabi/lib/thumb/libg.a(libc_a-callocr.o)
                              /opt/devkitpro/devkitARM/bin/../lib/gcc/arm-none-eabi/13.2.0/../../../../arm-none-eabi/lib/thumb/libg.a(libc_a-calloc.o) (_calloc_r)
/opt/devkitpro/devkitARM/bin/../lib/gcc/arm-none-eabi/13.2.0/../../../../arm-none-eabi/lib/thumb/libg.a(libc_a-setvbuf.o)
                              /opt/devkitpro/libnds/lib/libnds9.a(console.o) (setvbuf)
[...]
Memory Configuration

Name             Origin             Length             Attributes
ewram            0x02000000         0x00380000
dtcm             0x02ff0000         0x00004000
vectors          0x01000000         0x00000100
itcm             0x01000100         0x00007f00
*default*        0x00000000         0xffffffff

Linker script and memory map

                0x02380000                        __ewram_end = (ORIGIN (ewram) + LENGTH (ewram))
                0x02380000                        __eheap_end = (ORIGIN (ewram) + LENGTH (ewram))
                0x02ff4000                        __dtcm_top = (ORIGIN (dtcm) + LENGTH (dtcm))
                0x02ff3ff8                        __irq_flags = (__dtcm_top - 0x8)
                0x02ff3ffc                        __irq_vector = (__dtcm_top - 0x4)
                0x02ff3f00                        __sp_svc = (__dtcm_top - 0x100)
                0x02ff3e00                        __sp_irq = (__sp_svc - 0x100)
                0x02ff3d00                        __sp_usr = (__sp_irq - 0x100)

.secure         0x02000000      0x800
 *(.secure)
 .secure        0x02000000      0x800 /opt/devkitpro/libnds/lib/libnds9.a(securearea.o)
                0x02000000                __secure_area__

.crt0           0x02000800      0x300
                0x02000800                        __text_start = .
 *(.crt0)
 .crt0          0x02000800      0x300 /opt/devkitpro/devkitARM/bin/../lib/gcc/arm-none-eabi/13.2.0/../../../../arm-none-eabi/lib/thumb/ds_arm9_crt0.o
                0x02000800                _start
                0x02000b00                        . = ALIGN (0x4)

.plt
 *(.plt)

.init           0x02000b00        0xc
 *(SORT_NONE(.init))
 .init          0x02000b00        0x4 /opt/devkitpro/devkitARM/bin/../lib/gcc/arm-none-eabi/13.2.0/thumb/crti.o
                0x02000b00                _init
 .init          0x02000b04        0x8 /opt/devkitpro/devkitARM/bin/../lib/gcc/arm-none-eabi/13.2.0/thumb/crtn.o

.text           0x02000b10     0x6c70
 *(EXCLUDE_FILE(*.twl* *.vectors* *.itcm*) .text)
 .text          0x02000b10       0x18 main.o
                0x02000b10                main
 .text          0x02000b28      0x150 /opt/devkitpro/devkitARM/bin/../lib/gcc/arm-none-eabi/13.2.0/thumb/libgcc.a(_divsi3.o)
                0x02000b28                __aeabi_idiv
                0x02000b28                __divsi3
                0x02000c58                __aeabi_idivmod
 .text          0x02000c78        0x4 /opt/devkitpro/devkitARM/bin/../lib/gcc/arm-none-eabi/13.2.0/thumb/libgcc.a(_dvmd_tls.o)
                0x02000c78                __aeabi_ldiv0
                0x02000c78                __aeabi_idiv0
 .text          0x02000c7c       0x14 /opt/devkitpro/devkitARM/bin/../lib/gcc/arm-none-eabi/13.2.0/thumb/libgcc.a(_thumb1_case_uqi.o)
                0x02000c7c                __gnu_thumb1_case_uqi
 .text          0x02000c90       0x14 /opt/devkitpro/devkitARM/bin/../lib/gcc/arm-none-eabi/13.2.0/thumb/libgcc.a(_thumb1_case_uhi.o)
                0x02000c90                __gnu_thumb1_case_uhi
 .text          0x02000ca4      0x11c /opt/devkitpro/devkitARM/bin/../lib/gcc/arm-none-eabi/13.2.0/thumb/libgcc.a(_udivsi3.o)
                0x02000ca4                __udivsi3
                0x02000ca4                __aeabi_uidiv
                0x02000da0                __aeabi_uidivmod
 .text          0x02000dc0       0x3c /opt/devkitpro/devkitARM/bin/../lib/gcc/arm-none-eabi/13.2.0/thumb/libgcc.a(_aeabi_uldivmod.o)
                0x02000dc0                __aeabi_uldivmod
 .text          0x02000dfc       0x28 /opt/devkitpro/devkitARM/bin/../lib/gcc/arm-none-eabi/13.2.0/thumb/libgcc.a(_clzdi2.o)
                0x02000dfc                __clzdi2
 .text          0x02000e24       0x48 /opt/devkitpro/devkitARM/bin/../lib/gcc/arm-none-eabi/13.2.0/thumb/libgcc.a(_clzsi2.o)
                0x02000e24                __clzsi2
 *(EXCLUDE_FILE(*.twl* *.vectors* *.itcm*) .stub)
 *(EXCLUDE_FILE(*.twl* *.vectors* *.itcm*) .text.*)
 .text.__do_global_dtors_aux
                0x02000e6c       0x2c /opt/devkitpro/devkitARM/bin/../lib/gcc/arm-none-eabi/13.2.0/thumb/crtbegin.o
 .text.frame_dummy
                0x02000e98       0x24 /opt/devkitpro/devkitARM/bin/../lib/gcc/arm-none-eabi/13.2.0/thumb/crtbegin.o
 .text.newRow   0x02000ebc       0xa8 /opt/devkitpro/libnds/lib/libnds9.a(console.o)
 .text.consolePrintChar
                0x02000f64       0xe0 /opt/devkitpro/libnds/lib/libnds9.a(console.o)
                0x02000f64                consolePrintChar
 .text.con_write
                0x02001044      0x36c /opt/devkitpro/libnds/lib/libnds9.a(console.o)
                0x02001044                con_write
 .text.consoleLoadFont
                0x020013b0      0x2a0 /opt/devkitpro/libnds/lib/libnds9.a(console.o)
                0x020013b0                consoleLoadFont
 .text.consoleInit
                0x02001650      0x18c /opt/devkitpro/libnds/lib/libnds9.a(console.o)
                0x02001650                consoleInit
 .text.consoleDemoInit
                0x020017dc       0x40 /opt/devkitpro/libnds/lib/libnds9.a(console.o)
                0x020017dc                consoleDemoInit
 .text.initSystem
                0x0200181c      0x180 /opt/devkitpro/libnds/lib/libnds9.a(initSystem.o)
                0x0200181c                initSystem
 .text.irqDummy
                0x0200199c        0x4 /opt/devkitpro/libnds/lib/libnds9.a(interrupts.o)
                0x0200199c                irqDummy
 .text.irqSet   0x020019a0       0x6c /opt/devkitpro/libnds/lib/libnds9.a(interrupts.o)
                0x020019a0                irqSet
 .text.irqInit  0x02001a0c       0x50 /opt/devkitpro/libnds/lib/libnds9.a(interrupts.o)
                0x02001a0c                irqInit
 .text.irqEnable
                0x02001a5c       0x64 /opt/devkitpro/libnds/lib/libnds9.a(interrupts.o)
                0x02001a5c                irqEnable
 .text.systemErrorExit
                0x02001ac0        0x4 /opt/devkitpro/libnds/lib/libnds9.a(libnds_exit.arm.o)
                0x02001ac0                systemErrorExit
 .text.__libnds_exit
                0x02001ac4       0x5c /opt/devkitpro/libnds/lib/libnds9.a(libnds_exit.arm.o)
                0x02001ac4                __libnds_exit
 .text.fifo_queueBlock
                0x02001b20       0x44 /opt/devkitpro/libnds/lib/libnds9.a(fifosystem.o)
 .text.fifo_waitBlock
                0x02001b64       0x80 /opt/devkitpro/libnds/lib/libnds9.a(fifosystem.o)
 .text.fifoInternalSend.part.0
                0x02001be4       0xd4 /opt/devkitpro/libnds/lib/libnds9.a(fifosystem.o)
 .text.fifoInternalSendInterrupt
                0x02001cb8       0xb0 /opt/devkitpro/libnds/lib/libnds9.a(fifosystem.o)
 .text.fifoSetValue32Handler
                0x02001d68       0xd4 /opt/devkitpro/libnds/lib/libnds9.a(fifosystem.o)
                0x02001d68                fifoSetValue32Handler
 .text.fifoSendValue32
                0x02001e3c       0x4c /opt/devkitpro/libnds/lib/libnds9.a(fifosystem.o)
                0x02001e3c                fifoSendValue32
 .text.fifoGetDatamsg
                0x02001e88       0xf4 /opt/devkitpro/libnds/lib/libnds9.a(fifosystem.o)
                0x02001e88                fifoGetDatamsg
 .text.fifoInternalRecvInterrupt
                0x02001f7c      0x37c /opt/devkitpro/libnds/lib/libnds9.a(fifosystem.o)
 .text.fifoSetDatamsgHandler
                0x020022f8       0x9c /opt/devkitpro/libnds/lib/libnds9.a(fifosystem.o)
                0x020022f8                fifoSetDatamsgHandler
 .text.fifoInit
                0x02002394      0x108 /opt/devkitpro/libnds/lib/libnds9.a(fifosystem.o)
                0x02002394                fifoInit
 .text.__libnds_mpu_setup
                0x0200249c      0x174 /opt/devkitpro/libnds/lib/libnds9.a(mpu_setup.o)
                0x0200249c                __libnds_mpu_setup
 .text.memUncached
                0x02002610       0x20 /opt/devkitpro/libnds/lib/libnds9.a(mpu_setup.o)
                0x02002610                memUncached
 .text.swiWaitForVBlank
                0x02002630        0x8 /opt/devkitpro/libnds/lib/libnds9.a(IntrWait.o)
                0x02002630                swiWaitForVBlank
 .text.swiIntrWait
                0x02002638       0x70 /opt/devkitpro/libnds/lib/libnds9.a(IntrWait.o)
                0x02002638                swiIntrWait
 .text.setCpuClock
                0x020026a8       0x50 /opt/devkitpro/libnds/lib/libnds9.a(cpu_clock.o)
                0x020026a8                setCpuClock
 .text.swiDelay
                0x020026f8        0x4 /opt/devkitpro/libnds/lib/libnds9.a(biosCalls.o)
                0x020026f8                swiDelay
 .text.swiSoftReset
                0x020026fc       0x2c /opt/devkitpro/libnds/lib/libnds9.a(swiSoftReset.o)
                0x020026fc                swiSoftReset
 .text.checkIfText
                0x02002728       0x5c /opt/devkitpro/libnds/lib/libnds9.a(background.o)
                0x02002728                checkIfText
 .text.bgUpdate
                0x02002784       0xf4 /opt/devkitpro/libnds/lib/libnds9.a(background.o)
                0x02002784                bgUpdate
 .text.bgInit_call
                0x02002878       0xc4 /opt/devkitpro/libnds/lib/libnds9.a(background.o)
                0x02002878                bgInit_call
 .text.bgInitSub_call
                0x0200293c       0xcc /opt/devkitpro/libnds/lib/libnds9.a(background.o)
                0x0200293c                bgInitSub_call
 .text.sinLutLookup
                0x02002a08       0x4c /opt/devkitpro/libnds/lib/libnds9.a(trig.o)
                0x02002a08                sinLutLookup
 .text.sinLerp  0x02002a54       0x40 /opt/devkitpro/libnds/lib/libnds9.a(trig.o)
                0x02002a54                sinLerp
 .text.cosLerp  0x02002a94       0x4c /opt/devkitpro/libnds/lib/libnds9.a(trig.o)
                0x02002a94                cosLerp
 .text.vramDefault
                0x02002ae0       0xd0 /opt/devkitpro/libnds/lib/libnds9.a(video.o)
                0x02002ae0                vramDefault
 .text.systemValueHandler
                0x02002bb0       0x48 /opt/devkitpro/libnds/lib/libnds9.a(system.o)
                0x02002bb0                systemValueHandler
 .text.systemMsgHandler
                0x02002bf8       0x60 /opt/devkitpro/libnds/lib/libnds9.a(system.o)
                0x02002bf8                systemMsgHandler
 .text.powerOn  0x02002c58       0x2c /opt/devkitpro/libnds/lib/libnds9.a(system.o)
                0x02002c58                powerOn
 .text.__muldi3
                0x02002c84       0x64 /opt/devkitpro/devkitARM/bin/../lib/gcc/arm-none-eabi/13.2.0/thumb/libgcc.a(_muldi3.o)
                0x02002c84                __aeabi_lmul
                0x02002c84                __muldi3
 .text._puts_r  0x02002ce8       0x88 /opt/devkitpro/devkitARM/bin/../lib/gcc/arm-none-eabi/13.2.0/../../../../arm-none-eabi/lib/thumb/libg.a(libc_a-puts.o)
                0x02002ce8                _puts_r
 .text.puts     0x02002d70       0x14 /opt/devkitpro/devkitARM/bin/../lib/gcc/arm-none-eabi/13.2.0/../../../../arm-none-eabi/lib/thumb/libg.a(libc_a-puts.o)
                0x02002d70                puts
 .text.siscanf  0x02002d84       0x4c /opt/devkitpro/devkitARM/bin/../lib/gcc/arm-none-eabi/13.2.0/../../../../arm-none-eabi/lib/thumb/libg.a(libc_a-siscanf.o)
                0x02002d84                siscanf
 .text.setvbuf  0x02002dd0      0x1a4 /opt/devkitpro/devkitARM/bin/../lib/gcc/arm-none-eabi/13.2.0/../../../../arm-none-eabi/lib/thumb/libg.a(libc_a-setvbuf.o)
                0x02002dd0                setvbuf
 .text.get_arg  0x02002f74       0x3e /opt/devkitpro/devkitARM/bin/../lib/gcc/arm-none-eabi/13.2.0/../../../../arm-none-eabi/lib/thumb/libg.a(libc_a-svfiscanf.o)
 .text._sungetc_r
                0x02002fb2       0x7e /opt/devkitpro/devkitARM/bin/../lib/gcc/arm-none-eabi/13.2.0/../../../../arm-none-eabi/lib/thumb/libg.a(libc_a-svfiscanf.o)
                0x02002fb2                _sungetc_r
 .text.__ssrefill_r
                0x02003030       0x42 /opt/devkitpro/devkitARM/bin/../lib/gcc/arm-none-eabi/13.2.0/../../../../arm-none-eabi/lib/thumb/libg.a(libc_a-svfiscanf.o)
                0x02003030                __ssrefill_r
 .text._sfread_r
                0x02003072       0x88 /opt/devkitpro/devkitARM/bin/../lib/gcc/arm-none-eabi/13.2.0/../../../../arm-none-eabi/lib/thumb/libg.a(libc_a-svfiscanf.o)
                0x02003072                _sfread_r
 *fill*         0x020030fa        0x2 ff
 .text.__ssvfiscanf_r
                0x020030fc     0x1ac4 /opt/devkitpro/devkitARM/bin/../lib/gcc/arm-none-eabi/13.2.0/../../../../arm-none-eabi/lib/thumb/libg.a(libc_a-svfiscanf.o)
                0x020030fc                __ssvfiscanf_r
 .text._malloc_trim_r
                0x02004bc0       0xac /opt/devkitpro/devkitARM/bin/../lib/gcc/arm-none-eabi/13.2.0/../../../../arm-none-eabi/lib/thumb/libg.a(libc_a-freer.o)
                0x02004bc0                _malloc_trim_r
 .text._free_r  0x02004c6c      0x1d8 /opt/devkitpro/devkitARM/bin/../lib/gcc/arm-none-eabi/13.2.0/../../../../arm-none-eabi/lib/thumb/libg.a(libc_a-freer.o)
                0x02004c6c                _free_r
 .text.malloc   0x02004e44       0x14 /opt/devkitpro/devkitARM/bin/../lib/gcc/arm-none-eabi/13.2.0/../../../../arm-none-eabi/lib/thumb/libg.a(libc_a-malloc.o)
                0x02004e44                malloc
 .text.free     0x02004e58       0x14 /opt/devkitpro/devkitARM/bin/../lib/gcc/arm-none-eabi/13.2.0/../../../../arm-none-eabi/lib/thumb/libg.a(libc_a-malloc.o)
                0x02004e58                free
 .text._malloc_r
                0x02004e6c      0x558 /opt/devkitpro/devkitARM/bin/../lib/gcc/arm-none-eabi/13.2.0/../../../../arm-none-eabi/lib/thumb/libg.a(libc_a-mallocr.o)
                0x02004e6c                _malloc_r
 .text.memset   0x020053c4       0xb0 /opt/devkitpro/devkitARM/bin/../lib/gcc/arm-none-eabi/13.2.0/../../../../arm-none-eabi/lib/thumb/libg.a(libc_a-memset.o)
                0x020053c4                memset
 .text.__malloc_lock
                0x02005474       0x14 /opt/devkitpro/devkitARM/bin/../lib/gcc/arm-none-eabi/13.2.0/../../../../arm-none-eabi/lib/thumb/libg.a(libc_a-mlock.o)
                0x02005474                __malloc_lock
 .text.__malloc_unlock
                0x02005488       0x14 /opt/devkitpro/devkitARM/bin/../lib/gcc/arm-none-eabi/13.2.0/../../../../arm-none-eabi/lib/thumb/libg.a(libc_a-mlock.o)
                0x02005488                __malloc_unlock
 .text.strlen   0x0200549c       0x60 /opt/devkitpro/devkitARM/bin/../lib/gcc/arm-none-eabi/13.2.0/../../../../arm-none-eabi/lib/thumb/libg.a(libc_a-strlen.o)
                0x0200549c                strlen
 .text.__sflush_r
                0x020054fc      0x188 /opt/devkitpro/devkitARM/bin/../lib/gcc/arm-none-eabi/13.2.0/../../../../arm-none-eabi/lib/thumb/libg.a(libc_a-fflush.o)
                0x020054fc                __sflush_r
 .text._fflush_r
                0x02005684       0x70 /opt/devkitpro/devkitARM/bin/../lib/gcc/arm-none-eabi/13.2.0/../../../../arm-none-eabi/lib/thumb/libg.a(libc_a-fflush.o)
                0x02005684                _fflush_r
 .text.__sfvwrite_r
                0x020056f4      0x330 /opt/devkitpro/devkitARM/bin/../lib/gcc/arm-none-eabi/13.2.0/../../../../arm-none-eabi/lib/thumb/libg.a(libc_a-fvwrite.o)
                0x020056f4                __sfvwrite_r
 .text._fwalk_sglue
                0x02005a24       0x4c /opt/devkitpro/devkitARM/bin/../lib/gcc/arm-none-eabi/13.2.0/../../../../arm-none-eabi/lib/thumb/libg.a(libc_a-fwalk.o)
                0x02005a24                _fwalk_sglue
 .text._realloc_r
                0x02005a70      0x384 /opt/devkitpro/devkitARM/bin/../lib/gcc/arm-none-eabi/13.2.0/../../../../arm-none-eabi/lib/thumb/libg.a(libc_a-reallocr.o)
                0x02005a70                _realloc_r
 .text.stdio_exit_handler
                0x02005df4       0x20 /opt/devkitpro/devkitARM/bin/../lib/gcc/arm-none-eabi/13.2.0/../../../../arm-none-eabi/lib/thumb/libg.a(libc_a-findfp.o)
 .text.cleanup_stdio
                0x02005e14       0x40 /opt/devkitpro/devkitARM/bin/../lib/gcc/arm-none-eabi/13.2.0/../../../../arm-none-eabi/lib/thumb/libg.a(libc_a-findfp.o)
 .text.global_stdio_init.part.0
                0x02005e54      0x128 /opt/devkitpro/devkitARM/bin/../lib/gcc/arm-none-eabi/13.2.0/../../../../arm-none-eabi/lib/thumb/libg.a(libc_a-findfp.o)
 .text.__sinit  0x02005f7c       0x3c /opt/devkitpro/devkitARM/bin/../lib/gcc/arm-none-eabi/13.2.0/../../../../arm-none-eabi/lib/thumb/libg.a(libc_a-findfp.o)
                0x02005f7c                __sinit
 .text.__sfp_lock_acquire
                0x02005fb8       0x14 /opt/devkitpro/devkitARM/bin/../lib/gcc/arm-none-eabi/13.2.0/../../../../arm-none-eabi/lib/thumb/libg.a(libc_a-findfp.o)
                0x02005fb8                __sfp_lock_acquire
 .text.__sfp_lock_release
                0x02005fcc       0x14 /opt/devkitpro/devkitARM/bin/../lib/gcc/arm-none-eabi/13.2.0/../../../../arm-none-eabi/lib/thumb/libg.a(libc_a-findfp.o)
                0x02005fcc                __sfp_lock_release
 .text._strtol_l.part.0
                0x02005fe0      0x13c /opt/devkitpro/devkitARM/bin/../lib/gcc/arm-none-eabi/13.2.0/../../../../arm-none-eabi/lib/thumb/libg.a(libc_a-strtol.o)
 .text._strtol_r
                0x0200611c       0x34 /opt/devkitpro/devkitARM/bin/../lib/gcc/arm-none-eabi/13.2.0/../../../../arm-none-eabi/lib/thumb/libg.a(libc_a-strtol.o)
                0x0200611c                _strtol_r
 .text.realloc  0x02006150       0x18 /opt/devkitpro/devkitARM/bin/../lib/gcc/arm-none-eabi/13.2.0/../../../../arm-none-eabi/lib/thumb/libg.a(libc_a-realloc.o)
                0x02006150                realloc
 .text._strtoul_l.isra.0
                0x02006168      0x144 /opt/devkitpro/devkitARM/bin/../lib/gcc/arm-none-eabi/13.2.0/../../../../arm-none-eabi/lib/thumb/libg.a(libc_a-strtoul.o)
 .text._strtoul_r
                0x020062ac       0x20 /opt/devkitpro/devkitARM/bin/../lib/gcc/arm-none-eabi/13.2.0/../../../../arm-none-eabi/lib/thumb/libg.a(libc_a-strtoul.o)
                0x020062ac                _strtoul_r
 .text.__locale_mb_cur_max
                0x020062cc       0x20 /opt/devkitpro/devkitARM/bin/../lib/gcc/arm-none-eabi/13.2.0/../../../../arm-none-eabi/lib/thumb/libg.a(libc_a-locale.o)
                0x020062cc                __locale_mb_cur_max
 .text.memchr   0x020062ec       0x78 /opt/devkitpro/devkitARM/bin/../lib/gcc/arm-none-eabi/13.2.0/../../../../arm-none-eabi/lib/thumb/libg.a(libc_a-memchr-stub.o)
                0x020062ec                memchr
 .text.__utf8_wctomb
                0x02006364       0xb4 /opt/devkitpro/devkitARM/bin/../lib/gcc/arm-none-eabi/13.2.0/../../../../arm-none-eabi/lib/thumb/libg.a(libc_a-wctomb_r.o)
                0x02006364                __utf8_wctomb
 .text.memcpy   0x02006418       0x90 /opt/devkitpro/devkitARM/bin/../lib/gcc/arm-none-eabi/13.2.0/../../../../arm-none-eabi/lib/thumb/libg.a(libc_a-memcpy-stub.o)
                0x02006418                memcpy
 .text.__libc_init_array
                0x020064a8       0x54 /opt/devkitpro/devkitARM/bin/../lib/gcc/arm-none-eabi/13.2.0/../../../../arm-none-eabi/lib/thumb/libg.a(libc_a-init.o)
                0x020064a8                __libc_init_array
 .text.__errno  0x020064fc        0xc /opt/devkitpro/devkitARM/bin/../lib/gcc/arm-none-eabi/13.2.0/../../../../arm-none-eabi/lib/thumb/libg.a(libc_a-errno.o)
                0x020064fc                __errno
 .text._strtoll_l.isra.0
                0x02006508      0x19c /opt/devkitpro/devkitARM/bin/../lib/gcc/arm-none-eabi/13.2.0/../../../../arm-none-eabi/lib/thumb/libg.a(libc_a-strtoll.o)
 .text._strtoll_r
                0x020066a4       0x20 /opt/devkitpro/devkitARM/bin/../lib/gcc/arm-none-eabi/13.2.0/../../../../arm-none-eabi/lib/thumb/libg.a(libc_a-strtoll.o)
                0x020066a4                _strtoll_r
 .text._strtoull_l.isra.0
                0x020066c4      0x1c4 /opt/devkitpro/devkitARM/bin/../lib/gcc/arm-none-eabi/13.2.0/../../../../arm-none-eabi/lib/thumb/libg.a(libc_a-strtoull.o)
 .text._strtoull_r
                0x02006888       0x20 /opt/devkitpro/devkitARM/bin/../lib/gcc/arm-none-eabi/13.2.0/../../../../arm-none-eabi/lib/thumb/libg.a(libc_a-strtoull.o)
                0x02006888                _strtoull_r
 .text.iswspace
                0x020068a8       0x10 /opt/devkitpro/devkitARM/bin/../lib/gcc/arm-none-eabi/13.2.0/../../../../arm-none-eabi/lib/thumb/libg.a(libc_a-iswspace.o)
                0x020068a8                iswspace
 .text._mbrtowc_r
                0x020068b8       0x90 /opt/devkitpro/devkitARM/bin/../lib/gcc/arm-none-eabi/13.2.0/../../../../arm-none-eabi/lib/thumb/libg.a(libc_a-mbrtowc.o)
                0x020068b8                _mbrtowc_r
 .text.__smakebuf_r
                0x02006948       0xe8 /opt/devkitpro/devkitARM/bin/../lib/gcc/arm-none-eabi/13.2.0/../../../../arm-none-eabi/lib/thumb/libg.a(libc_a-makebuf.o)
                0x02006948                __smakebuf_r
 .text.__swhatbuf_r
                0x02006a30       0x5c /opt/devkitpro/devkitARM/bin/../lib/gcc/arm-none-eabi/13.2.0/../../../../arm-none-eabi/lib/thumb/libg.a(libc_a-makebuf.o)
                0x02006a30                __swhatbuf_r
 .text.iswspace_l
                0x02006a8c       0x28 /opt/devkitpro/devkitARM/bin/../lib/gcc/arm-none-eabi/13.2.0/../../../../arm-none-eabi/lib/thumb/libg.a(libc_a-iswspace_l.o)
                0x02006a8c                iswspace_l
 .text.__sccl   0x02006ab4       0xa0 /opt/devkitpro/devkitARM/bin/../lib/gcc/arm-none-eabi/13.2.0/../../../../arm-none-eabi/lib/thumb/libg.a(libc_a-sccl.o)
                0x02006ab4                __sccl
 .text.__submore
                0x02006b54       0x88 /opt/devkitpro/devkitARM/bin/../lib/gcc/arm-none-eabi/13.2.0/../../../../arm-none-eabi/lib/thumb/libg.a(libc_a-ungetc.o)
                0x02006b54                __submore
 .text.__sread  0x02006bdc       0x34 /opt/devkitpro/devkitARM/bin/../lib/gcc/arm-none-eabi/13.2.0/../../../../arm-none-eabi/lib/thumb/libg.a(libc_a-stdio.o)
                0x02006bdc                __sread
 .text.__seofread
                0x02006c10        0x4 /opt/devkitpro/devkitARM/bin/../lib/gcc/arm-none-eabi/13.2.0/../../../../arm-none-eabi/lib/thumb/libg.a(libc_a-stdio.o)
                0x02006c10                __seofread
 .text.__swrite
                0x02006c14       0x4c /opt/devkitpro/devkitARM/bin/../lib/gcc/arm-none-eabi/13.2.0/../../../../arm-none-eabi/lib/thumb/libg.a(libc_a-stdio.o)
                0x02006c14                __swrite
 .text.__sseek  0x02006c60       0x44 /opt/devkitpro/devkitARM/bin/../lib/gcc/arm-none-eabi/13.2.0/../../../../arm-none-eabi/lib/thumb/libg.a(libc_a-stdio.o)
                0x02006c60                __sseek
 .text.__sclose
                0x02006ca4       0x10 /opt/devkitpro/devkitARM/bin/../lib/gcc/arm-none-eabi/13.2.0/../../../../arm-none-eabi/lib/thumb/libg.a(libc_a-stdio.o)
                0x02006ca4                __sclose
 .text.category
                0x02006cb4       0x58 /opt/devkitpro/devkitARM/bin/../lib/gcc/arm-none-eabi/13.2.0/../../../../arm-none-eabi/lib/thumb/libg.a(libc_a-categories.o)
                0x02006cb4                category
 .text.__swsetup_r
                0x02006d0c       0xcc /opt/devkitpro/devkitARM/bin/../lib/gcc/arm-none-eabi/13.2.0/../../../../arm-none-eabi/lib/thumb/libg.a(libc_a-wsetup.o)
                0x02006d0c                __swsetup_r
 .text._fclose_r
                0x02006dd8       0xd8 /opt/devkitpro/devkitARM/bin/../lib/gcc/arm-none-eabi/13.2.0/../../../../arm-none-eabi/lib/thumb/libg.a(libc_a-fclose.o)
                0x02006dd8                _fclose_r
 .text.memmove  0x02006eb0       0xbc /opt/devkitpro/devkitARM/bin/../lib/gcc/arm-none-eabi/13.2.0/../../../../arm-none-eabi/lib/thumb/libg.a(libc_a-memmove.o)
                0x02006eb0                memmove
 .text.__utf8_mbtowc
                0x02006f6c      0x27c /opt/devkitpro/devkitARM/bin/../lib/gcc/arm-none-eabi/13.2.0/../../../../arm-none-eabi/lib/thumb/libg.a(libc_a-mbtowc_r.o)
                0x02006f6c                __utf8_mbtowc
 .text.build_argv
                0x020071e8       0x54 /opt/devkitpro/devkitARM/bin/../lib/gcc/arm-none-eabi/13.2.0/../../../../arm-none-eabi/lib/thumb/libsysbase.a(libsysbase_libsysbase_a-build_argv.o)
                0x020071e8                build_argv
 .text._fstat_r
                0x0200723c       0x4c /opt/devkitpro/devkitARM/bin/../lib/gcc/arm-none-eabi/13.2.0/../../../../arm-none-eabi/lib/thumb/libsysbase.a(libsysbase_libsysbase_a-fstat.o)
                0x0200723c                _fstat_r
 .text.__getreent
                0x02007288       0x20 /opt/devkitpro/devkitARM/bin/../lib/gcc/arm-none-eabi/13.2.0/../../../../arm-none-eabi/lib/thumb/libsysbase.a(libsysbase_libsysbase_a-getreent.o)
                0x02007288                __getreent
 .text.__get_handle
                0x020072a8       0x34 /opt/devkitpro/devkitARM/bin/../lib/gcc/arm-none-eabi/13.2.0/../../../../arm-none-eabi/lib/thumb/libsysbase.a(libsysbase_libsysbase_a-handle_manager.o)
                0x020072a8                __get_handle
 .text._close_r
                0x020072dc       0xb8 /opt/devkitpro/devkitARM/bin/../lib/gcc/arm-none-eabi/13.2.0/../../../../arm-none-eabi/lib/thumb/libsysbase.a(libsysbase_libsysbase_a-handle_manager.o)
                0x020072dc                _close_r
 .text.null_write
                0x02007394        0x4 /opt/devkitpro/devkitARM/bin/../lib/gcc/arm-none-eabi/13.2.0/../../../../arm-none-eabi/lib/thumb/libsysbase.a(libsysbase_libsysbase_a-iosupport.o)
 .text._isatty_r
                0x02007398        0x4 /opt/devkitpro/devkitARM/bin/../lib/gcc/arm-none-eabi/13.2.0/../../../../arm-none-eabi/lib/thumb/libsysbase.a(libsysbase_libsysbase_a-isatty.o)
                0x02007398                _isatty_r
 .text._lseek_r
                0x0200739c       0x5c /opt/devkitpro/devkitARM/bin/../lib/gcc/arm-none-eabi/13.2.0/../../../../arm-none-eabi/lib/thumb/libsysbase.a(libsysbase_libsysbase_a-lseek.o)
                0x0200739c                _lseek_r
 .text._read_r  0x020073f8       0x50 /opt/devkitpro/devkitARM/bin/../lib/gcc/arm-none-eabi/13.2.0/../../../../arm-none-eabi/lib/thumb/libsysbase.a(libsysbase_libsysbase_a-read.o)
                0x020073f8                _read_r
 .text._sbrk_r  0x02007448       0x54 /opt/devkitpro/devkitARM/bin/../lib/gcc/arm-none-eabi/13.2.0/../../../../arm-none-eabi/lib/thumb/libsysbase.a(libsysbase_libsysbase_a-sbrk.o)
                0x02007448                _sbrk_r
 .text.__libc_lock_acquire
                0x0200749c       0x18 /opt/devkitpro/devkitARM/bin/../lib/gcc/arm-none-eabi/13.2.0/../../../../arm-none-eabi/lib/thumb/libsysbase.a(libsysbase_libsysbase_a-syscall_support.o)
                0x0200749c                __libc_lock_acquire
 .text.__libc_lock_release
                0x020074b4       0x18 /opt/devkitpro/devkitARM/bin/../lib/gcc/arm-none-eabi/13.2.0/../../../../arm-none-eabi/lib/thumb/libsysbase.a(libsysbase_libsysbase_a-syscall_support.o)
                0x020074b4                __libc_lock_release
 .text.__libc_lock_acquire_recursive
                0x020074cc       0x18 /opt/devkitpro/devkitARM/bin/../lib/gcc/arm-none-eabi/13.2.0/../../../../arm-none-eabi/lib/thumb/libsysbase.a(libsysbase_libsysbase_a-syscall_support.o)
                0x020074cc                __libc_lock_acquire_recursive
 .text.__libc_lock_release_recursive
                0x020074e4       0x18 /opt/devkitpro/devkitARM/bin/../lib/gcc/arm-none-eabi/13.2.0/../../../../arm-none-eabi/lib/thumb/libsysbase.a(libsysbase_libsysbase_a-syscall_support.o)
                0x020074e4                __libc_lock_release_recursive
 .text._write_r
                0x020074fc       0x50 /opt/devkitpro/devkitARM/bin/../lib/gcc/arm-none-eabi/13.2.0/../../../../arm-none-eabi/lib/thumb/libsysbase.a(libsysbase_libsysbase_a-write.o)
                0x020074fc                _write_r
 .text.__udivmoddi4
                0x0200754c      0x19c /opt/devkitpro/devkitARM/bin/../lib/gcc/arm-none-eabi/13.2.0/thumb/libgcc.a(_udivmoddi4.o)
                0x0200754c                __udivmoddi4
 .text.__udivmoddi4.__stub
                0x020076e8       0x88 linker stubs
 *(EXCLUDE_FILE(*.twl*) .gnu.warning)
 *(EXCLUDE_FILE(*.twl*) .gnu.linkonce.t*)
 *(.glue_7)
 .glue_7        0x02007780        0x0 linker stubs
 *(.glue_7t)
 .glue_7t       0x02007780        0x0 linker stubs
                0x02007780                        . = ALIGN (0x4)

.vfp11_veneer   0x02007780        0x0
 .vfp11_veneer  0x02007780        0x0 linker stubs

.v4_bx          0x02007780        0x0
 .v4_bx         0x02007780        0x0 linker stubs

.iplt           0x02007780        0x0
 .iplt          0x02007780        0x0 /opt/devkitpro/devkitARM/bin/../lib/gcc/arm-none-eabi/13.2.0/../../../../arm-none-eabi/lib/thumb/ds_arm9_crt0.o

.fini           0x02007780        0xc
 *(.fini)
 .fini          0x02007780        0x4 /opt/devkitpro/devkitARM/bin/../lib/gcc/arm-none-eabi/13.2.0/thumb/crti.o
                0x02007780                _fini
 .fini          0x02007784        0x8 /opt/devkitpro/devkitARM/bin/../lib/gcc/arm-none-eabi/13.2.0/thumb/crtn.o
                0x0200778c                        __text_end = .

.rodata         0x0200778c     0x59c0
 *(EXCLUDE_FILE(*.twl*) .rodata)
 .rodata        0x0200778c        0xe main.o
 *all.rodata*(*)
 *(EXCLUDE_FILE(*.twl*) .roda)
 *(EXCLUDE_FILE(*.twl*) .rodata.*)
 *fill*         0x0200779a        0x2 ff
 .rodata.con_write.str1.4
                0x0200779c       0x98 /opt/devkitpro/libnds/lib/libnds9.a(console.o)
                                 0x30 (size before relaxing)
 .rodata.con_write
                0x02007834       0xd4 /opt/devkitpro/libnds/lib/libnds9.a(console.o)
 .rodata.str1.4
                0x02007908       0x14 /opt/devkitpro/libnds/lib/libnds9.a(console.o)
 .rodata.dotab_stdout
                0x02007908       0x70 /opt/devkitpro/libnds/lib/libnds9.a(console.o)
 .rodata.default_font_bin
                0x02007978     0x2000 /opt/devkitpro/libnds/lib/libnds9.a(default_font.bin.o)
                0x02007978                default_font_bin
                0x02009978                default_font_bin_end
 .rodata.SIN_LUT
                0x02009978      0x102 /opt/devkitpro/libnds/lib/libnds9.a(trig.o)
                0x02009978                SIN_LUT
 .rodata._puts_r.str1.4
                0x02009a7a        0x2 /opt/devkitpro/devkitARM/bin/../lib/gcc/arm-none-eabi/13.2.0/../../../../arm-none-eabi/lib/thumb/libg.a(libc_a-puts.o)
 *fill*         0x02009a7a        0x2 ff
 .rodata.basefix.0
                0x02009a7c       0x22 /opt/devkitpro/devkitARM/bin/../lib/gcc/arm-none-eabi/13.2.0/../../../../arm-none-eabi/lib/thumb/libg.a(libc_a-svfiscanf.o)
 .rodata.str1.4
                0x02009a9e       0x4c /opt/devkitpro/devkitARM/bin/../lib/gcc/arm-none-eabi/13.2.0/../../../../arm-none-eabi/lib/thumb/libg.a(libc_a-locale.o)
 .rodata._mbrtowc_r.str1.4
                0x02009a9e        0x1 /opt/devkitpro/devkitARM/bin/../lib/gcc/arm-none-eabi/13.2.0/../../../../arm-none-eabi/lib/thumb/libg.a(libc_a-mbrtowc.o)
 *fill*         0x02009a9e        0x2 ff
 .rodata._ctype_
                0x02009aa0      0x101 /opt/devkitpro/devkitARM/bin/../lib/gcc/arm-none-eabi/13.2.0/../../../../arm-none-eabi/lib/thumb/libg.a(libc_a-ctype_.o)
                0x02009aa0                _ctype_
 *fill*         0x02009ba1        0x3 ff
 .rodata.categories
                0x02009ba4     0x3528 /opt/devkitpro/devkitARM/bin/../lib/gcc/arm-none-eabi/13.2.0/../../../../arm-none-eabi/lib/thumb/libg.a(libc_a-categories.o)
 .rodata.AddDevice.str1.4
                0x0200d0cc        0x8 /opt/devkitpro/devkitARM/bin/../lib/gcc/arm-none-eabi/13.2.0/../../../../arm-none-eabi/lib/thumb/libsysbase.a(libsysbase_libsysbase_a-iosupport.o)
 .rodata.dotab_stdnull
                0x0200d0cc       0x80 /opt/devkitpro/devkitARM/bin/../lib/gcc/arm-none-eabi/13.2.0/../../../../arm-none-eabi/lib/thumb/libsysbase.a(libsysbase_libsysbase_a-iosupport.o)
                0x0200d0cc                dotab_stdnull
 *(EXCLUDE_FILE(*.twl*) .gnu.linkonce.r*)
                0x0200d14c                        . = ALIGN (0x4)

.ARM.extab
 *(.ARM.extab* .gnu.linkonce.armextab.*)
                0x0200d14c                        __exidx_start = .

ARM.exidx
 *(.ARM.exidx* .gnu.linkonce.armexidx.*)
                0x0200d14c                        __exidx_end = .
                0x0200d14c                        . = ALIGN (0x4)
                0x0200d14c                        PROVIDE (__preinit_array_start = .)

.preinit_array
 *(.preinit_array)
                0x0200d14c                        PROVIDE (__preinit_array_end = .)
                0x0200d14c                        PROVIDE (__init_array_start = .)

.init_array     0x0200d14c        0x4
 *(SORT_BY_NAME(.init_array.*))
 *(.init_array)
 .init_array    0x0200d14c        0x4 /opt/devkitpro/devkitARM/bin/../lib/gcc/arm-none-eabi/13.2.0/thumb/crtbegin.o
                0x0200d150                        PROVIDE (__init_array_end = .)
                [!provide]                        PROVIDE (__fini_array_start = .)

.fini_array     0x0200d150        0x4
 *(.fini_array)
 .fini_array    0x0200d150        0x4 /opt/devkitpro/devkitARM/bin/../lib/gcc/arm-none-eabi/13.2.0/thumb/crtbegin.o
 *(SORT_BY_NAME(.fini_array.*))
                [!provide]                        PROVIDE (__fini_array_end = .)

.ctors          0x0200d154        0x0
 *crtbegin.o(.ctors)
 *(EXCLUDE_FILE(*crtend.o) .ctors)
 *(SORT_BY_NAME(.ctors.*))
 *(.ctors)
                0x0200d154                        . = ALIGN (0x4)

.dtors          0x0200d154        0x0
 *crtbegin.o(.dtors)
 *(EXCLUDE_FILE(*crtend.o) .dtors)
 *(SORT_BY_NAME(.dtors.*))
 *(.dtors)
                0x0200d154                        . = ALIGN (0x4)

.eh_frame       0x0200d154        0x4
 *(.eh_frame)
 .eh_frame      0x0200d154        0x0 /opt/devkitpro/devkitARM/bin/../lib/gcc/arm-none-eabi/13.2.0/thumb/crtbegin.o
 .eh_frame      0x0200d154        0x4 /opt/devkitpro/devkitARM/bin/../lib/gcc/arm-none-eabi/13.2.0/thumb/crtend.o
                0x0200d158                        . = ALIGN (0x4)

.rel.dyn        0x0200d158        0x0
 .rel.iplt      0x0200d158        0x0 /opt/devkitpro/devkitARM/bin/../lib/gcc/arm-none-eabi/13.2.0/../../../../arm-none-eabi/lib/thumb/ds_arm9_crt0.o

.gcc_except_table
                0x0200d158        0x0
 *(.gcc_except_table)
                0x0200d158                        . = ALIGN (0x4)

.jcr
 *(.jcr)

.got
 *(.got.plt)
 *(.got)
 *(.rel.got)

.ewram          0x0200d158        0x0
                0x0200d158                        __ewram_start = ABSOLUTE (.)
 *(.ewram)
 *ewram.*(.text)
                0x0200d158                        . = ALIGN (0x4)

.data           0x0200d158     0x1860
                0x0200d158                        __data_start = ABSOLUTE (.)
 *(EXCLUDE_FILE(*.twl*) .data)
 .data          0x0200d158       0x28 /opt/devkitpro/libnds/lib/libnds9.a(mpu_setup.o)
 *(EXCLUDE_FILE(*.twl*) .data.*)
 .data.currentConsole
                0x0200d180        0x4 /opt/devkitpro/libnds/lib/libnds9.a(console.o)
                0x0200d180                currentConsole
 .data.defaultConsole
                0x0200d184       0x5c /opt/devkitpro/libnds/lib/libnds9.a(console.o)
                0x0200d184                defaultConsole
 .data.firstConsoleInit.0
                0x0200d1e0        0x1 /opt/devkitpro/libnds/lib/libnds9.a(console.o)
 *fill*         0x0200d1e1        0x3 ff
 .data.fifo_buffer_free
                0x0200d1e4        0x4 /opt/devkitpro/libnds/lib/libnds9.a(fifosystem.o)
                0x0200d1e4                fifo_buffer_free
 .data.fifo_freewords
                0x0200d1e8        0x4 /opt/devkitpro/libnds/lib/libnds9.a(fifosystem.o)
                0x0200d1e8                fifo_freewords
 .data.fifo_receive_queue
                0x0200d1ec        0x4 /opt/devkitpro/libnds/lib/libnds9.a(fifosystem.o)
                0x0200d1ec                fifo_receive_queue
 .data.fifo_send_queue
                0x0200d1f0        0x4 /opt/devkitpro/libnds/lib/libnds9.a(fifosystem.o)
                0x0200d1f0                fifo_send_queue
 .data.bgControl
                0x0200d1f4       0x20 /opt/devkitpro/libnds/lib/libnds9.a(background.o)
                0x0200d1f4                bgControl
 .data.bgScrollTable
                0x0200d214       0x20 /opt/devkitpro/libnds/lib/libnds9.a(background.o)
                0x0200d214                bgScrollTable
 .data.bgTransform
                0x0200d234       0x20 /opt/devkitpro/libnds/lib/libnds9.a(background.o)
                0x0200d234                bgTransform
 .data.__malloc_sbrk_base
                0x0200d254        0x4 /opt/devkitpro/devkitARM/bin/../lib/gcc/arm-none-eabi/13.2.0/../../../../arm-none-eabi/lib/thumb/libg.a(libc_a-mallocr.o)
                0x0200d254                __malloc_sbrk_base
 .data.__malloc_trim_threshold
                0x0200d258        0x4 /opt/devkitpro/devkitARM/bin/../lib/gcc/arm-none-eabi/13.2.0/../../../../arm-none-eabi/lib/thumb/libg.a(libc_a-mallocr.o)
                0x0200d258                __malloc_trim_threshold
 *fill*         0x0200d25c        0x4 ff
 .data.__malloc_av_
                0x0200d260      0x408 /opt/devkitpro/devkitARM/bin/../lib/gcc/arm-none-eabi/13.2.0/../../../../arm-none-eabi/lib/thumb/libg.a(libc_a-mallocr.o)
                0x0200d260                __malloc_av_
 .data.__sglue  0x0200d668        0xc /opt/devkitpro/devkitARM/bin/../lib/gcc/arm-none-eabi/13.2.0/../../../../arm-none-eabi/lib/thumb/libg.a(libc_a-findfp.o)
                0x0200d668                __sglue
 .data.__global_locale
                0x0200d674      0x16c /opt/devkitpro/devkitARM/bin/../lib/gcc/arm-none-eabi/13.2.0/../../../../arm-none-eabi/lib/thumb/libg.a(libc_a-locale.o)
                0x0200d674                __global_locale
 .data._impure_ptr
                0x0200d7e0        0x4 /opt/devkitpro/devkitARM/bin/../lib/gcc/arm-none-eabi/13.2.0/../../../../arm-none-eabi/lib/thumb/libg.a(libc_a-impure.o)
                0x0200d7e0                _impure_ptr
 *fill*         0x0200d7e4        0x4 ff
 .data._impure_data
                0x0200d7e8      0x120 /opt/devkitpro/devkitARM/bin/../lib/gcc/arm-none-eabi/13.2.0/../../../../arm-none-eabi/lib/thumb/libg.a(libc_a-impure.o)
                0x0200d7e8                _impure_data
 .data.handles  0x0200d908     0x1000 /opt/devkitpro/devkitARM/bin/../lib/gcc/arm-none-eabi/13.2.0/../../../../arm-none-eabi/lib/thumb/libsysbase.a(libsysbase_libsysbase_a-handle_manager.o)
 .data.__stderr_handle
                0x0200e908        0xc /opt/devkitpro/devkitARM/bin/../lib/gcc/arm-none-eabi/13.2.0/../../../../arm-none-eabi/lib/thumb/libsysbase.a(libsysbase_libsysbase_a-handle_manager.o)
 .data.__stdout_handle
                0x0200e914        0xc /opt/devkitpro/devkitARM/bin/../lib/gcc/arm-none-eabi/13.2.0/../../../../arm-none-eabi/lib/thumb/libsysbase.a(libsysbase_libsysbase_a-handle_manager.o)
 .data.__stdin_handle
                0x0200e920        0xc /opt/devkitpro/devkitARM/bin/../lib/gcc/arm-none-eabi/13.2.0/../../../../arm-none-eabi/lib/thumb/libsysbase.a(libsysbase_libsysbase_a-handle_manager.o)
 .data.devoptab_list
                0x0200e92c       0x8c /opt/devkitpro/devkitARM/bin/../lib/gcc/arm-none-eabi/13.2.0/../../../../arm-none-eabi/lib/thumb/libsysbase.a(libsysbase_libsysbase_a-iosupport.o)
                0x0200e92c                devoptab_list
 *(EXCLUDE_FILE(*.twl*) .gnu.linkonce.d*)
                0x0200e9b8                        . = ALIGN (0x4)
                0x0200e9b8                        __data_end = ABSOLUTE (.)
                0x0200e9b8                        __bss_vma = .

.igot.plt       0x0200e9b8        0x0
 .igot.plt      0x0200e9b8        0x0 /opt/devkitpro/devkitARM/bin/../lib/gcc/arm-none-eabi/13.2.0/../../../../arm-none-eabi/lib/thumb/ds_arm9_crt0.o

.dtcm           0x02ff0000        0x0 load address 0x0200e9b8
                0x0200e9b8                        __dtcm_lma = LOADADDR (.dtcm)
                0x02ff0000                        __dtcm_start = ABSOLUTE (.)
 *(.dtcm)
 *(.dtcm.*)
                0x02ff0000                        . = ALIGN (0x4)
                0x02ff0000                        __dtcm_end = ABSOLUTE (.)

.itcm           0x01000100      0x194 load address 0x0200e9b8
                0x0200e9b8                        __itcm_lma = LOADADDR (.itcm)
                0x01000100                        __itcm_start = ABSOLUTE (.)
 *(.itcm)
 .itcm          0x01000100       0xc8 /opt/devkitpro/libnds/lib/libnds9.a(interrupts.o)
                0x01000100                irqTable
 .itcm          0x010001c8       0xcc /opt/devkitpro/libnds/lib/libnds9.a(interruptDispatcher.o)
                0x010001c8                IntrMain
 *.itcm*(.text .stub .text.*)
                0x01000294                        . = ALIGN (0x4)
                0x01000294                        __itcm_end = ABSOLUTE (.)

.vectors        0x01000000        0x0 load address 0x0200eb4c
                0x0200eb4c                        __vectors_lma = LOADADDR (.vectors)
                0x01000000                        __vectors_start = ABSOLUTE (.)
 *(.vectors .vectors.*)
                0x01000000                        . = ALIGN (0x4)
                0x01000000                        __vectors_end = ABSOLUTE (.)

.sbss           0x02ff0000        0x0
                0x02ff0000                        __sbss_start = ABSOLUTE (.)
                0x02ff0000                        __sbss_start__ = ABSOLUTE (.)
 *(.sbss)
                0x02ff0000                        . = ALIGN (0x4)
                0x02ff0000                        __sbss_end = ABSOLUTE (.)

.bss            0x0200e9b8      0xddc
                0x0200e9b8                        __bss_start = ABSOLUTE (.)
                0x0200e9b8                        __bss_start__ = ABSOLUTE (.)
 *(EXCLUDE_FILE(*.twl*) .dynbss)
 *(EXCLUDE_FILE(*.twl*) .gnu.linkonce.b*)
 *(EXCLUDE_FILE(*.twl*) .bss*)
 .bss.completed.1
                0x0200e9b8        0x1 /opt/devkitpro/devkitARM/bin/../lib/gcc/arm-none-eabi/13.2.0/thumb/crtbegin.o
 *fill*         0x0200e9b9        0x3 
 .bss.object.0  0x0200e9bc       0x18 /opt/devkitpro/devkitARM/bin/../lib/gcc/arm-none-eabi/13.2.0/thumb/crtbegin.o
 .bss.currentCopy
                0x0200e9d4       0x5c /opt/devkitpro/libnds/lib/libnds9.a(console.o)
                0x0200e9d4                currentCopy
 .bss.__dsimode
                0x0200ea30        0x1 /opt/devkitpro/libnds/lib/libnds9.a(initSystem.o)
                0x0200ea30                __dsimode
 *fill*         0x0200ea31        0x3 
 .bss.punixTime
                0x0200ea34        0x4 /opt/devkitpro/libnds/lib/libnds9.a(initSystem.o)
                0x0200ea34                punixTime
 .bss.fifo_address_data
                0x0200ea38       0x40 /opt/devkitpro/libnds/lib/libnds9.a(fifosystem.o)
                0x0200ea38                fifo_address_data
 .bss.fifo_address_func
                0x0200ea78       0x40 /opt/devkitpro/libnds/lib/libnds9.a(fifosystem.o)
                0x0200ea78                fifo_address_func
 .bss.fifo_address_queue
                0x0200eab8       0x40 /opt/devkitpro/libnds/lib/libnds9.a(fifosystem.o)
                0x0200eab8                fifo_address_queue
 .bss.fifo_buffer
                0x0200eaf8      0x800 /opt/devkitpro/libnds/lib/libnds9.a(fifosystem.o)
                0x0200eaf8                fifo_buffer
 .bss.fifo_data_queue
                0x0200f2f8       0x40 /opt/devkitpro/libnds/lib/libnds9.a(fifosystem.o)
                0x0200f2f8                fifo_data_queue
 .bss.fifo_datamsg_data
                0x0200f338       0x40 /opt/devkitpro/libnds/lib/libnds9.a(fifosystem.o)
                0x0200f338                fifo_datamsg_data
 .bss.fifo_datamsg_func
                0x0200f378       0x40 /opt/devkitpro/libnds/lib/libnds9.a(fifosystem.o)
                0x0200f378                fifo_datamsg_func
 .bss.fifo_value32_data
                0x0200f3b8       0x40 /opt/devkitpro/libnds/lib/libnds9.a(fifosystem.o)
                0x0200f3b8                fifo_value32_data
 .bss.fifo_value32_func
                0x0200f3f8       0x40 /opt/devkitpro/libnds/lib/libnds9.a(fifosystem.o)
                0x0200f3f8                fifo_value32_func
 .bss.fifo_value32_queue
                0x0200f438       0x40 /opt/devkitpro/libnds/lib/libnds9.a(fifosystem.o)
                0x0200f438                fifo_value32_queue
 .bss.processing
                0x0200f478        0x4 /opt/devkitpro/libnds/lib/libnds9.a(fifosystem.o)
                0x0200f478                processing
 .bss.bgIsTextLut
                0x0200f47c        0x8 /opt/devkitpro/libnds/lib/libnds9.a(background.o)
                0x0200f47c                bgIsTextLut
 .bss.bgState   0x0200f484      0x140 /opt/devkitpro/libnds/lib/libnds9.a(background.o)
                0x0200f484                bgState
 .bss.SDcallback
                0x0200f5c4        0x4 /opt/devkitpro/libnds/lib/libnds9.a(system.o)
 .bss.__malloc_current_mallinfo
                0x0200f5c8       0x28 /opt/devkitpro/devkitARM/bin/../lib/gcc/arm-none-eabi/13.2.0/../../../../arm-none-eabi/lib/thumb/libg.a(libc_a-mallocr.o)
                0x0200f5c8                __malloc_current_mallinfo
 .bss.__malloc_max_total_mem
                0x0200f5f0        0x4 /opt/devkitpro/devkitARM/bin/../lib/gcc/arm-none-eabi/13.2.0/../../../../arm-none-eabi/lib/thumb/libg.a(libc_a-mallocr.o)
                0x0200f5f0                __malloc_max_total_mem
 .bss.__malloc_max_sbrked_mem
                0x0200f5f4        0x4 /opt/devkitpro/devkitARM/bin/../lib/gcc/arm-none-eabi/13.2.0/../../../../arm-none-eabi/lib/thumb/libg.a(libc_a-mallocr.o)
                0x0200f5f4                __malloc_max_sbrked_mem
 .bss.__malloc_top_pad
                0x0200f5f8        0x4 /opt/devkitpro/devkitARM/bin/../lib/gcc/arm-none-eabi/13.2.0/../../../../arm-none-eabi/lib/thumb/libg.a(libc_a-mallocr.o)
                0x0200f5f8                __malloc_top_pad
 .bss.__malloc_recursive_mutex
                0x0200f5fc        0xc /opt/devkitpro/devkitARM/bin/../lib/gcc/arm-none-eabi/13.2.0/../../../../arm-none-eabi/lib/thumb/libg.a(libc_a-mlock.o)
 .bss.__sfp_recursive_mutex
                0x0200f608        0xc /opt/devkitpro/devkitARM/bin/../lib/gcc/arm-none-eabi/13.2.0/../../../../arm-none-eabi/lib/thumb/libg.a(libc_a-findfp.o)
 *fill*         0x0200f614        0x4 
 .bss.__sf      0x0200f618      0x168 /opt/devkitpro/devkitARM/bin/../lib/gcc/arm-none-eabi/13.2.0/../../../../arm-none-eabi/lib/thumb/libg.a(libc_a-findfp.o)
                0x0200f618                __sf
 .bss.__stdio_exit_handler
                0x0200f780        0x4 /opt/devkitpro/devkitARM/bin/../lib/gcc/arm-none-eabi/13.2.0/../../../../arm-none-eabi/lib/thumb/libg.a(libc_a-findfp.o)
                0x0200f780                __stdio_exit_handler
 .bss.__hndl_lock
                0x0200f784        0x4 /opt/devkitpro/devkitARM/bin/../lib/gcc/arm-none-eabi/13.2.0/../../../../arm-none-eabi/lib/thumb/libsysbase.a(libsysbase_libsysbase_a-handle_manager.o)
 .bss.fake_heap_start
                0x0200f788        0x4 /opt/devkitpro/devkitARM/bin/../lib/gcc/arm-none-eabi/13.2.0/../../../../arm-none-eabi/lib/thumb/libsysbase.a(libsysbase_libsysbase_a-malloc_vars.o)
                0x0200f788                fake_heap_start
 .bss.fake_heap_end
                0x0200f78c        0x4 /opt/devkitpro/devkitARM/bin/../lib/gcc/arm-none-eabi/13.2.0/../../../../arm-none-eabi/lib/thumb/libsysbase.a(libsysbase_libsysbase_a-malloc_vars.o)
                0x0200f78c                fake_heap_end
 .bss.heap_start.0
                0x0200f790        0x4 /opt/devkitpro/devkitARM/bin/../lib/gcc/arm-none-eabi/13.2.0/../../../../arm-none-eabi/lib/thumb/libsysbase.a(libsysbase_libsysbase_a-sbrk.o)
 *(EXCLUDE_FILE(*.twl*) COMMON)
                0x0200f794                        . = ALIGN (0x4)
                0x0200f794                        __bss_end__ = ABSOLUTE (.)
                0x0200f794                        __end__ = ABSOLUTE (.)

.twl            0x0200f794        0x0 load address 0x02400000
                0x02400000                        __arm9i_lma__ = LOADADDR (.twl)
                0x0200f794                        __arm9i_start__ = ABSOLUTE (.)
 *(.twl)
 *.twl*(.text .stub .text.* .gnu.linkonce.t.*)
 *.twl*(.rodata)
 *.twl*(.roda)
 *.twl*(.rodata.*)
 *.twl*(.data)
 *.twl*(.data.*)
 *.twl*(.gnu.linkonce.d*)
                0x0200f794                        __arm9i_end__ = ABSOLUTE (.)

.twl_bss        0x0200f794        0x0
                0x0200f794                        __twl_bss_start__ = ABSOLUTE (.)
 *(.twl_bss)
 *.twl*(.dynbss)
 *.twl*(.gnu.linkonce.b*)
 *.twl*(.bss*)
 *.twl*(COMMON)
                0x0200f794                        . = ALIGN (0x4)
                0x0200f794                        __twl_bss_end__ = ABSOLUTE (.)
                0x0200f794                        __twl_end__ = ABSOLUTE (.)

.stab
 *(.stab)

.stabstr
 *(.stabstr)

.stab.excl
 *(.stab.excl)

.stab.exclstr
 *(.stab.exclstr)

.stab.index
 *(.stab.index)

.stab.indexstr
 *(.stab.indexstr)

.comment        0x00000000       0x46
 *(.comment)
 .comment       0x00000000       0x46 /opt/devkitpro/devkitARM/bin/../lib/gcc/arm-none-eabi/13.2.0/thumb/crtbegin.o
                                 0x24 (size before relaxing)
 .comment       0x00000046       0x24 main.o
 .comment       0x00000046       0x24 /opt/devkitpro/libnds/lib/libnds9.a(console.o)
 .comment       0x00000046       0x24 /opt/devkitpro/libnds/lib/libnds9.a(initSystem.o)
 .comment       0x00000046       0x24 /opt/devkitpro/libnds/lib/libnds9.a(securearea.o)
 .comment       0x00000046       0x24 /opt/devkitpro/libnds/lib/libnds9.a(interrupts.o)
 .comment       0x00000046       0x24 /opt/devkitpro/libnds/lib/libnds9.a(libnds_exit.arm.o)
 .comment       0x00000046       0x24 /opt/devkitpro/libnds/lib/libnds9.a(fifosystem.o)
 .comment       0x00000046       0x24 /opt/devkitpro/libnds/lib/libnds9.a(background.o)
 .comment       0x00000046       0x24 /opt/devkitpro/libnds/lib/libnds9.a(trig.o)
 .comment       0x00000046       0x24 /opt/devkitpro/libnds/lib/libnds9.a(video.o)
 .comment       0x00000046       0x24 /opt/devkitpro/libnds/lib/libnds9.a(system.o)
 .comment       0x00000046       0x24 /opt/devkitpro/devkitARM/bin/../lib/gcc/arm-none-eabi/13.2.0/thumb/libgcc.a(_muldi3.o)
 .comment       0x00000046       0x24 /opt/devkitpro/devkitARM/bin/../lib/gcc/arm-none-eabi/13.2.0/../../../../arm-none-eabi/lib/thumb/libg.a(libc_a-puts.o)
 .comment       0x00000046       0x24 /opt/devkitpro/devkitARM/bin/../lib/gcc/arm-none-eabi/13.2.0/../../../../arm-none-eabi/lib/thumb/libg.a(libc_a-siscanf.o)
 .comment       0x00000046       0x24 /opt/devkitpro/devkitARM/bin/../lib/gcc/arm-none-eabi/13.2.0/../../../../arm-none-eabi/lib/thumb/libg.a(libc_a-setvbuf.o)
 .comment       0x00000046       0x24 /opt/devkitpro/devkitARM/bin/../lib/gcc/arm-none-eabi/13.2.0/../../../../arm-none-eabi/lib/thumb/libg.a(libc_a-svfiscanf.o)
 .comment       0x00000046       0x24 /opt/devkitpro/devkitARM/bin/../lib/gcc/arm-none-eabi/13.2.0/../../../../arm-none-eabi/lib/thumb/libg.a(libc_a-freer.o)
 .comment       0x00000046       0x24 /opt/devkitpro/devkitARM/bin/../lib/gcc/arm-none-eabi/13.2.0/../../../../arm-none-eabi/lib/thumb/libg.a(libc_a-malloc.o)
 .comment       0x00000046       0x24 /opt/devkitpro/devkitARM/bin/../lib/gcc/arm-none-eabi/13.2.0/../../../../arm-none-eabi/lib/thumb/libg.a(libc_a-mallocr.o)
 .comment       0x00000046       0x24 /opt/devkitpro/devkitARM/bin/../lib/gcc/arm-none-eabi/13.2.0/../../../../arm-none-eabi/lib/thumb/libg.a(libc_a-memset.o)
 .comment       0x00000046       0x24 /opt/devkitpro/devkitARM/bin/../lib/gcc/arm-none-eabi/13.2.0/../../../../arm-none-eabi/lib/thumb/libg.a(libc_a-mlock.o)
 .comment       0x00000046       0x24 /opt/devkitpro/devkitARM/bin/../lib/gcc/arm-none-eabi/13.2.0/../../../../arm-none-eabi/lib/thumb/libg.a(libc_a-strlen.o)
 .comment       0x00000046       0x24 /opt/devkitpro/devkitARM/bin/../lib/gcc/arm-none-eabi/13.2.0/../../../../arm-none-eabi/lib/thumb/libg.a(libc_a-fflush.o)
 .comment       0x00000046       0x24 /opt/devkitpro/devkitARM/bin/../lib/gcc/arm-none-eabi/13.2.0/../../../../arm-none-eabi/lib/thumb/libg.a(libc_a-fvwrite.o)
 .comment       0x00000046       0x24 /opt/devkitpro/devkitARM/bin/../lib/gcc/arm-none-eabi/13.2.0/../../../../arm-none-eabi/lib/thumb/libg.a(libc_a-fwalk.o)
 .comment       0x00000046       0x24 /opt/devkitpro/devkitARM/bin/../lib/gcc/arm-none-eabi/13.2.0/../../../../arm-none-eabi/lib/thumb/libg.a(libc_a-reallocr.o)
 .comment       0x00000046       0x24 /opt/devkitpro/devkitARM/bin/../lib/gcc/arm-none-eabi/13.2.0/../../../../arm-none-eabi/lib/thumb/libg.a(libc_a-findfp.o)
 .comment       0x00000046       0x24 /opt/devkitpro/devkitARM/bin/../lib/gcc/arm-none-eabi/13.2.0/../../../../arm-none-eabi/lib/thumb/libg.a(libc_a-strtol.o)
 .comment       0x00000046       0x24 /opt/devkitpro/devkitARM/bin/../lib/gcc/arm-none-eabi/13.2.0/../../../../arm-none-eabi/lib/thumb/libg.a(libc_a-realloc.o)
 .comment       0x00000046       0x24 /opt/devkitpro/devkitARM/bin/../lib/gcc/arm-none-eabi/13.2.0/../../../../arm-none-eabi/lib/thumb/libg.a(libc_a-strtoul.o)
 .comment       0x00000046       0x24 /opt/devkitpro/devkitARM/bin/../lib/gcc/arm-none-eabi/13.2.0/../../../../arm-none-eabi/lib/thumb/libg.a(libc_a-locale.o)
 .comment       0x00000046       0x24 /opt/devkitpro/devkitARM/bin/../lib/gcc/arm-none-eabi/13.2.0/../../../../arm-none-eabi/lib/thumb/libg.a(libc_a-memchr-stub.o)
 .comment       0x00000046       0x24 /opt/devkitpro/devkitARM/bin/../lib/gcc/arm-none-eabi/13.2.0/../../../../arm-none-eabi/lib/thumb/libg.a(libc_a-wctomb_r.o)
 .comment       0x00000046       0x24 /opt/devkitpro/devkitARM/bin/../lib/gcc/arm-none-eabi/13.2.0/../../../../arm-none-eabi/lib/thumb/libg.a(libc_a-memcpy-stub.o)
 .comment       0x00000046       0x24 /opt/devkitpro/devkitARM/bin/../lib/gcc/arm-none-eabi/13.2.0/../../../../arm-none-eabi/lib/thumb/libg.a(libc_a-impure.o)
 .comment       0x00000046       0x24 /opt/devkitpro/devkitARM/bin/../lib/gcc/arm-none-eabi/13.2.0/../../../../arm-none-eabi/lib/thumb/libg.a(libc_a-init.o)
 .comment       0x00000046       0x24 /opt/devkitpro/devkitARM/bin/../lib/gcc/arm-none-eabi/13.2.0/../../../../arm-none-eabi/lib/thumb/libg.a(libc_a-errno.o)
 .comment       0x00000046       0x24 /opt/devkitpro/devkitARM/bin/../lib/gcc/arm-none-eabi/13.2.0/../../../../arm-none-eabi/lib/thumb/libg.a(libc_a-strtoll.o)
 .comment       0x00000046       0x24 /opt/devkitpro/devkitARM/bin/../lib/gcc/arm-none-eabi/13.2.0/../../../../arm-none-eabi/lib/thumb/libg.a(libc_a-strtoull.o)
 .comment       0x00000046       0x24 /opt/devkitpro/devkitARM/bin/../lib/gcc/arm-none-eabi/13.2.0/../../../../arm-none-eabi/lib/thumb/libg.a(libc_a-iswspace.o)
 .comment       0x00000046       0x24 /opt/devkitpro/devkitARM/bin/../lib/gcc/arm-none-eabi/13.2.0/../../../../arm-none-eabi/lib/thumb/libg.a(libc_a-mbrtowc.o)
 .comment       0x00000046       0x24 /opt/devkitpro/devkitARM/bin/../lib/gcc/arm-none-eabi/13.2.0/../../../../arm-none-eabi/lib/thumb/libg.a(libc_a-makebuf.o)
 .comment       0x00000046       0x24 /opt/devkitpro/devkitARM/bin/../lib/gcc/arm-none-eabi/13.2.0/../../../../arm-none-eabi/lib/thumb/libg.a(libc_a-iswspace_l.o)
 .comment       0x00000046       0x24 /opt/devkitpro/devkitARM/bin/../lib/gcc/arm-none-eabi/13.2.0/../../../../arm-none-eabi/lib/thumb/libg.a(libc_a-ctype_.o)
 .comment       0x00000046       0x24 /opt/devkitpro/devkitARM/bin/../lib/gcc/arm-none-eabi/13.2.0/../../../../arm-none-eabi/lib/thumb/libg.a(libc_a-sccl.o)
 .comment       0x00000046       0x24 /opt/devkitpro/devkitARM/bin/../lib/gcc/arm-none-eabi/13.2.0/../../../../arm-none-eabi/lib/thumb/libg.a(libc_a-ungetc.o)
 .comment       0x00000046       0x24 /opt/devkitpro/devkitARM/bin/../lib/gcc/arm-none-eabi/13.2.0/../../../../arm-none-eabi/lib/thumb/libg.a(libc_a-stdio.o)
 .comment       0x00000046       0x24 /opt/devkitpro/devkitARM/bin/../lib/gcc/arm-none-eabi/13.2.0/../../../../arm-none-eabi/lib/thumb/libg.a(libc_a-categories.o)
 .comment       0x00000046       0x24 /opt/devkitpro/devkitARM/bin/../lib/gcc/arm-none-eabi/13.2.0/../../../../arm-none-eabi/lib/thumb/libg.a(libc_a-wsetup.o)
 .comment       0x00000046       0x24 /opt/devkitpro/devkitARM/bin/../lib/gcc/arm-none-eabi/13.2.0/../../../../arm-none-eabi/lib/thumb/libg.a(libc_a-fclose.o)
 .comment       0x00000046       0x24 /opt/devkitpro/devkitARM/bin/../lib/gcc/arm-none-eabi/13.2.0/../../../../arm-none-eabi/lib/thumb/libg.a(libc_a-memmove.o)
 .comment       0x00000046       0x24 /opt/devkitpro/devkitARM/bin/../lib/gcc/arm-none-eabi/13.2.0/../../../../arm-none-eabi/lib/thumb/libg.a(libc_a-mbtowc_r.o)
 .comment       0x00000046       0x24 /opt/devkitpro/devkitARM/bin/../lib/gcc/arm-none-eabi/13.2.0/../../../../arm-none-eabi/lib/thumb/libsysbase.a(libsysbase_libsysbase_a-build_argv.o)
 .comment       0x00000046       0x24 /opt/devkitpro/devkitARM/bin/../lib/gcc/arm-none-eabi/13.2.0/../../../../arm-none-eabi/lib/thumb/libsysbase.a(libsysbase_libsysbase_a-fstat.o)
 .comment       0x00000046       0x24 /opt/devkitpro/devkitARM/bin/../lib/gcc/arm-none-eabi/13.2.0/../../../../arm-none-eabi/lib/thumb/libsysbase.a(libsysbase_libsysbase_a-getreent.o)
 .comment       0x00000046       0x24 /opt/devkitpro/devkitARM/bin/../lib/gcc/arm-none-eabi/13.2.0/../../../../arm-none-eabi/lib/thumb/libsysbase.a(libsysbase_libsysbase_a-handle_manager.o)
 .comment       0x00000046       0x24 /opt/devkitpro/devkitARM/bin/../lib/gcc/arm-none-eabi/13.2.0/../../../../arm-none-eabi/lib/thumb/libsysbase.a(libsysbase_libsysbase_a-iosupport.o)
 .comment       0x00000046       0x24 /opt/devkitpro/devkitARM/bin/../lib/gcc/arm-none-eabi/13.2.0/../../../../arm-none-eabi/lib/thumb/libsysbase.a(libsysbase_libsysbase_a-isatty.o)
 .comment       0x00000046       0x24 /opt/devkitpro/devkitARM/bin/../lib/gcc/arm-none-eabi/13.2.0/../../../../arm-none-eabi/lib/thumb/libsysbase.a(libsysbase_libsysbase_a-lseek.o)
 .comment       0x00000046       0x24 /opt/devkitpro/devkitARM/bin/../lib/gcc/arm-none-eabi/13.2.0/../../../../arm-none-eabi/lib/thumb/libsysbase.a(libsysbase_libsysbase_a-malloc_vars.o)
 .comment       0x00000046       0x24 /opt/devkitpro/devkitARM/bin/../lib/gcc/arm-none-eabi/13.2.0/../../../../arm-none-eabi/lib/thumb/libsysbase.a(libsysbase_libsysbase_a-read.o)
 .comment       0x00000046       0x24 /opt/devkitpro/devkitARM/bin/../lib/gcc/arm-none-eabi/13.2.0/../../../../arm-none-eabi/lib/thumb/libsysbase.a(libsysbase_libsysbase_a-sbrk.o)
 .comment       0x00000046       0x24 /opt/devkitpro/devkitARM/bin/../lib/gcc/arm-none-eabi/13.2.0/../../../../arm-none-eabi/lib/thumb/libsysbase.a(libsysbase_libsysbase_a-syscall_support.o)
 .comment       0x00000046       0x24 /opt/devkitpro/devkitARM/bin/../lib/gcc/arm-none-eabi/13.2.0/../../../../arm-none-eabi/lib/thumb/libsysbase.a(libsysbase_libsysbase_a-write.o)
 .comment       0x00000046       0x24 /opt/devkitpro/devkitARM/bin/../lib/gcc/arm-none-eabi/13.2.0/thumb/libgcc.a(_udivmoddi4.o)
 .comment       0x00000046       0x24 /opt/devkitpro/devkitARM/bin/../lib/gcc/arm-none-eabi/13.2.0/thumb/crtend.o

.ARM.attributes
                0x00000000       0x2d
 .ARM.attributes
                0x00000000       0x21 /opt/devkitpro/devkitARM/bin/../lib/gcc/arm-none-eabi/13.2.0/../../../../arm-none-eabi/lib/thumb/ds_arm9_crt0.o
 .ARM.attributes
                0x00000021       0x1c /opt/devkitpro/devkitARM/bin/../lib/gcc/arm-none-eabi/13.2.0/thumb/crti.o
 .ARM.attributes
                0x0000003d       0x2a /opt/devkitpro/devkitARM/bin/../lib/gcc/arm-none-eabi/13.2.0/thumb/crtbegin.o
 .ARM.attributes
                0x00000067       0x27 main.o
 .ARM.attributes
                0x0000008e       0x2b /opt/devkitpro/libnds/lib/libnds9.a(console.o)
 .ARM.attributes
                0x000000b9       0x2b /opt/devkitpro/libnds/lib/libnds9.a(initSystem.o)
 .ARM.attributes
                0x000000e4       0x2b /opt/devkitpro/libnds/lib/libnds9.a(securearea.o)
 .ARM.attributes
                0x0000010f       0x2b /opt/devkitpro/libnds/lib/libnds9.a(interrupts.o)
 .ARM.attributes
                0x0000013a       0x2b /opt/devkitpro/libnds/lib/libnds9.a(libnds_exit.arm.o)
 .ARM.attributes
                0x00000165       0x2b /opt/devkitpro/libnds/lib/libnds9.a(fifosystem.o)
 .ARM.attributes
                0x00000190       0x21 /opt/devkitpro/libnds/lib/libnds9.a(mpu_setup.o)
 .ARM.attributes
                0x000001b1       0x21 /opt/devkitpro/libnds/lib/libnds9.a(IntrWait.o)
 .ARM.attributes
                0x000001d2       0x21 /opt/devkitpro/libnds/lib/libnds9.a(cpu_clock.o)
 .ARM.attributes
                0x000001f3       0x1b /opt/devkitpro/libnds/lib/libnds9.a(interruptDispatcher.o)
 .ARM.attributes
                0x0000020e       0x1b /opt/devkitpro/libnds/lib/libnds9.a(biosCalls.o)
 .ARM.attributes
                0x00000229       0x21 /opt/devkitpro/libnds/lib/libnds9.a(swiSoftReset.o)
 .ARM.attributes
                0x0000024a       0x14 /opt/devkitpro/libnds/lib/libnds9.a(default_font.bin.o)
 .ARM.attributes
                0x0000025e       0x2b /opt/devkitpro/libnds/lib/libnds9.a(background.o)
 .ARM.attributes
                0x00000289       0x2b /opt/devkitpro/libnds/lib/libnds9.a(trig.o)
 .ARM.attributes
                0x000002b4       0x2b /opt/devkitpro/libnds/lib/libnds9.a(video.o)
 .ARM.attributes
                0x000002df       0x2b /opt/devkitpro/libnds/lib/libnds9.a(system.o)
 .ARM.attributes
                0x0000030a       0x1c /opt/devkitpro/devkitARM/bin/../lib/gcc/arm-none-eabi/13.2.0/thumb/libgcc.a(_divsi3.o)
 .ARM.attributes
                0x00000326       0x1c /opt/devkitpro/devkitARM/bin/../lib/gcc/arm-none-eabi/13.2.0/thumb/libgcc.a(_dvmd_tls.o)
 .ARM.attributes
                0x00000342       0x2a /opt/devkitpro/devkitARM/bin/../lib/gcc/arm-none-eabi/13.2.0/thumb/libgcc.a(_muldi3.o)
 .ARM.attributes
                0x0000036c       0x2a /opt/devkitpro/devkitARM/bin/../lib/gcc/arm-none-eabi/13.2.0/../../../../arm-none-eabi/lib/thumb/libg.a(libc_a-puts.o)
 .ARM.attributes
                0x00000396       0x2a /opt/devkitpro/devkitARM/bin/../lib/gcc/arm-none-eabi/13.2.0/../../../../arm-none-eabi/lib/thumb/libg.a(libc_a-siscanf.o)
 .ARM.attributes
                0x000003c0       0x2a /opt/devkitpro/devkitARM/bin/../lib/gcc/arm-none-eabi/13.2.0/../../../../arm-none-eabi/lib/thumb/libg.a(libc_a-setvbuf.o)
 .ARM.attributes
                0x000003ea       0x2a /opt/devkitpro/devkitARM/bin/../lib/gcc/arm-none-eabi/13.2.0/../../../../arm-none-eabi/lib/thumb/libg.a(libc_a-svfiscanf.o)
 .ARM.attributes
                0x00000414       0x2a /opt/devkitpro/devkitARM/bin/../lib/gcc/arm-none-eabi/13.2.0/../../../../arm-none-eabi/lib/thumb/libg.a(libc_a-freer.o)
 .ARM.attributes
                0x0000043e       0x2a /opt/devkitpro/devkitARM/bin/../lib/gcc/arm-none-eabi/13.2.0/../../../../arm-none-eabi/lib/thumb/libg.a(libc_a-malloc.o)
 .ARM.attributes
                0x00000468       0x2a /opt/devkitpro/devkitARM/bin/../lib/gcc/arm-none-eabi/13.2.0/../../../../arm-none-eabi/lib/thumb/libg.a(libc_a-mallocr.o)
 .ARM.attributes
                0x00000492       0x2a /opt/devkitpro/devkitARM/bin/../lib/gcc/arm-none-eabi/13.2.0/../../../../arm-none-eabi/lib/thumb/libg.a(libc_a-memset.o)
 .ARM.attributes
                0x000004bc       0x2a /opt/devkitpro/devkitARM/bin/../lib/gcc/arm-none-eabi/13.2.0/../../../../arm-none-eabi/lib/thumb/libg.a(libc_a-mlock.o)
 .ARM.attributes
                0x000004e6       0x2a /opt/devkitpro/devkitARM/bin/../lib/gcc/arm-none-eabi/13.2.0/../../../../arm-none-eabi/lib/thumb/libg.a(libc_a-strlen.o)
 .ARM.attributes
                0x00000510       0x2a /opt/devkitpro/devkitARM/bin/../lib/gcc/arm-none-eabi/13.2.0/../../../../arm-none-eabi/lib/thumb/libg.a(libc_a-fflush.o)
 .ARM.attributes
                0x0000053a       0x2a /opt/devkitpro/devkitARM/bin/../lib/gcc/arm-none-eabi/13.2.0/../../../../arm-none-eabi/lib/thumb/libg.a(libc_a-fvwrite.o)
 .ARM.attributes
                0x00000564       0x2a /opt/devkitpro/devkitARM/bin/../lib/gcc/arm-none-eabi/13.2.0/../../../../arm-none-eabi/lib/thumb/libg.a(libc_a-fwalk.o)
 .ARM.attributes
                0x0000058e       0x2a /opt/devkitpro/devkitARM/bin/../lib/gcc/arm-none-eabi/13.2.0/../../../../arm-none-eabi/lib/thumb/libg.a(libc_a-reallocr.o)
 .ARM.attributes
                0x000005b8       0x2a /opt/devkitpro/devkitARM/bin/../lib/gcc/arm-none-eabi/13.2.0/../../../../arm-none-eabi/lib/thumb/libg.a(libc_a-findfp.o)
 .ARM.attributes
                0x000005e2       0x2a /opt/devkitpro/devkitARM/bin/../lib/gcc/arm-none-eabi/13.2.0/../../../../arm-none-eabi/lib/thumb/libg.a(libc_a-strtol.o)
 .ARM.attributes
                0x0000060c       0x2a /opt/devkitpro/devkitARM/bin/../lib/gcc/arm-none-eabi/13.2.0/../../../../arm-none-eabi/lib/thumb/libg.a(libc_a-realloc.o)
 .ARM.attributes
                0x00000636       0x2a /opt/devkitpro/devkitARM/bin/../lib/gcc/arm-none-eabi/13.2.0/../../../../arm-none-eabi/lib/thumb/libg.a(libc_a-strtoul.o)
 .ARM.attributes
                0x00000660       0x2a /opt/devkitpro/devkitARM/bin/../lib/gcc/arm-none-eabi/13.2.0/../../../../arm-none-eabi/lib/thumb/libg.a(libc_a-locale.o)
 .ARM.attributes
                0x0000068a       0x2a /opt/devkitpro/devkitARM/bin/../lib/gcc/arm-none-eabi/13.2.0/../../../../arm-none-eabi/lib/thumb/libg.a(libc_a-memchr-stub.o)
 .ARM.attributes
                0x000006b4       0x2a /opt/devkitpro/devkitARM/bin/../lib/gcc/arm-none-eabi/13.2.0/../../../../arm-none-eabi/lib/thumb/libg.a(libc_a-wctomb_r.o)
 .ARM.attributes
                0x000006de       0x2a /opt/devkitpro/devkitARM/bin/../lib/gcc/arm-none-eabi/13.2.0/../../../../arm-none-eabi/lib/thumb/libg.a(libc_a-memcpy-stub.o)
 .ARM.attributes
                0x00000708       0x2a /opt/devkitpro/devkitARM/bin/../lib/gcc/arm-none-eabi/13.2.0/../../../../arm-none-eabi/lib/thumb/libg.a(libc_a-impure.o)
 .ARM.attributes
                0x00000732       0x2a /opt/devkitpro/devkitARM/bin/../lib/gcc/arm-none-eabi/13.2.0/../../../../arm-none-eabi/lib/thumb/libg.a(libc_a-init.o)
 .ARM.attributes
                0x0000075c       0x2a /opt/devkitpro/devkitARM/bin/../lib/gcc/arm-none-eabi/13.2.0/../../../../arm-none-eabi/lib/thumb/libg.a(libc_a-errno.o)
 .ARM.attributes
                0x00000786       0x2a /opt/devkitpro/devkitARM/bin/../lib/gcc/arm-none-eabi/13.2.0/../../../../arm-none-eabi/lib/thumb/libg.a(libc_a-strtoll.o)
 .ARM.attributes
                0x000007b0       0x2a /opt/devkitpro/devkitARM/bin/../lib/gcc/arm-none-eabi/13.2.0/../../../../arm-none-eabi/lib/thumb/libg.a(libc_a-strtoull.o)
 .ARM.attributes
                0x000007da       0x2a /opt/devkitpro/devkitARM/bin/../lib/gcc/arm-none-eabi/13.2.0/../../../../arm-none-eabi/lib/thumb/libg.a(libc_a-iswspace.o)
 .ARM.attributes
                0x00000804       0x2a /opt/devkitpro/devkitARM/bin/../lib/gcc/arm-none-eabi/13.2.0/../../../../arm-none-eabi/lib/thumb/libg.a(libc_a-mbrtowc.o)
 .ARM.attributes
                0x0000082e       0x2a /opt/devkitpro/devkitARM/bin/../lib/gcc/arm-none-eabi/13.2.0/../../../../arm-none-eabi/lib/thumb/libg.a(libc_a-makebuf.o)
 .ARM.attributes
                0x00000858       0x2a /opt/devkitpro/devkitARM/bin/../lib/gcc/arm-none-eabi/13.2.0/../../../../arm-none-eabi/lib/thumb/libg.a(libc_a-iswspace_l.o)
 .ARM.attributes
                0x00000882       0x2a /opt/devkitpro/devkitARM/bin/../lib/gcc/arm-none-eabi/13.2.0/../../../../arm-none-eabi/lib/thumb/libg.a(libc_a-ctype_.o)
 .ARM.attributes
                0x000008ac       0x2a /opt/devkitpro/devkitARM/bin/../lib/gcc/arm-none-eabi/13.2.0/../../../../arm-none-eabi/lib/thumb/libg.a(libc_a-sccl.o)
 .ARM.attributes
                0x000008d6       0x2a /opt/devkitpro/devkitARM/bin/../lib/gcc/arm-none-eabi/13.2.0/../../../../arm-none-eabi/lib/thumb/libg.a(libc_a-ungetc.o)
 .ARM.attributes
                0x00000900       0x2a /opt/devkitpro/devkitARM/bin/../lib/gcc/arm-none-eabi/13.2.0/../../../../arm-none-eabi/lib/thumb/libg.a(libc_a-stdio.o)
 .ARM.attributes
                0x0000092a       0x2a /opt/devkitpro/devkitARM/bin/../lib/gcc/arm-none-eabi/13.2.0/../../../../arm-none-eabi/lib/thumb/libg.a(libc_a-categories.o)
 .ARM.attributes
                0x00000954       0x2a /opt/devkitpro/devkitARM/bin/../lib/gcc/arm-none-eabi/13.2.0/../../../../arm-none-eabi/lib/thumb/libg.a(libc_a-wsetup.o)
 .ARM.attributes
                0x0000097e       0x2a /opt/devkitpro/devkitARM/bin/../lib/gcc/arm-none-eabi/13.2.0/../../../../arm-none-eabi/lib/thumb/libg.a(libc_a-fclose.o)
 .ARM.attributes
                0x000009a8       0x2a /opt/devkitpro/devkitARM/bin/../lib/gcc/arm-none-eabi/13.2.0/../../../../arm-none-eabi/lib/thumb/libg.a(libc_a-memmove.o)
 .ARM.attributes
                0x000009d2       0x2a /opt/devkitpro/devkitARM/bin/../lib/gcc/arm-none-eabi/13.2.0/../../../../arm-none-eabi/lib/thumb/libg.a(libc_a-mbtowc_r.o)
 .ARM.attributes
                0x000009fc       0x2a /opt/devkitpro/devkitARM/bin/../lib/gcc/arm-none-eabi/13.2.0/../../../../arm-none-eabi/lib/thumb/libsysbase.a(libsysbase_libsysbase_a-build_argv.o)
 .ARM.attributes
                0x00000a26       0x2a /opt/devkitpro/devkitARM/bin/../lib/gcc/arm-none-eabi/13.2.0/../../../../arm-none-eabi/lib/thumb/libsysbase.a(libsysbase_libsysbase_a-fstat.o)
 .ARM.attributes
                0x00000a50       0x2a /opt/devkitpro/devkitARM/bin/../lib/gcc/arm-none-eabi/13.2.0/../../../../arm-none-eabi/lib/thumb/libsysbase.a(libsysbase_libsysbase_a-getreent.o)
 .ARM.attributes
                0x00000a7a       0x2a /opt/devkitpro/devkitARM/bin/../lib/gcc/arm-none-eabi/13.2.0/../../../../arm-none-eabi/lib/thumb/libsysbase.a(libsysbase_libsysbase_a-handle_manager.o)
 .ARM.attributes
                0x00000aa4       0x2a /opt/devkitpro/devkitARM/bin/../lib/gcc/arm-none-eabi/13.2.0/../../../../arm-none-eabi/lib/thumb/libsysbase.a(libsysbase_libsysbase_a-iosupport.o)
 .ARM.attributes
                0x00000ace       0x2a /opt/devkitpro/devkitARM/bin/../lib/gcc/arm-none-eabi/13.2.0/../../../../arm-none-eabi/lib/thumb/libsysbase.a(libsysbase_libsysbase_a-isatty.o)
 .ARM.attributes
                0x00000af8       0x2a /opt/devkitpro/devkitARM/bin/../lib/gcc/arm-none-eabi/13.2.0/../../../../arm-none-eabi/lib/thumb/libsysbase.a(libsysbase_libsysbase_a-lseek.o)
 .ARM.attributes
                0x00000b22       0x2a /opt/devkitpro/devkitARM/bin/../lib/gcc/arm-none-eabi/13.2.0/../../../../arm-none-eabi/lib/thumb/libsysbase.a(libsysbase_libsysbase_a-malloc_vars.o)
 .ARM.attributes
                0x00000b4c       0x2a /opt/devkitpro/devkitARM/bin/../lib/gcc/arm-none-eabi/13.2.0/../../../../arm-none-eabi/lib/thumb/libsysbase.a(libsysbase_libsysbase_a-read.o)
 .ARM.attributes
                0x00000b76       0x2a /opt/devkitpro/devkitARM/bin/../lib/gcc/arm-none-eabi/13.2.0/../../../../arm-none-eabi/lib/thumb/libsysbase.a(libsysbase_libsysbase_a-sbrk.o)
 .ARM.attributes
                0x00000ba0       0x2a /opt/devkitpro/devkitARM/bin/../lib/gcc/arm-none-eabi/13.2.0/../../../../arm-none-eabi/lib/thumb/libsysbase.a(libsysbase_libsysbase_a-syscall_support.o)
 .ARM.attributes
                0x00000bca       0x2a /opt/devkitpro/devkitARM/bin/../lib/gcc/arm-none-eabi/13.2.0/../../../../arm-none-eabi/lib/thumb/libsysbase.a(libsysbase_libsysbase_a-write.o)
 .ARM.attributes
                0x00000bf4       0x1c /opt/devkitpro/devkitARM/bin/../lib/gcc/arm-none-eabi/13.2.0/thumb/libgcc.a(_thumb1_case_uqi.o)
 .ARM.attributes
                0x00000c10       0x1c /opt/devkitpro/devkitARM/bin/../lib/gcc/arm-none-eabi/13.2.0/thumb/libgcc.a(_thumb1_case_uhi.o)
 .ARM.attributes
                0x00000c2c       0x1c /opt/devkitpro/devkitARM/bin/../lib/gcc/arm-none-eabi/13.2.0/thumb/libgcc.a(_udivsi3.o)
 .ARM.attributes
                0x00000c48       0x1c /opt/devkitpro/devkitARM/bin/../lib/gcc/arm-none-eabi/13.2.0/thumb/libgcc.a(_aeabi_uldivmod.o)
 .ARM.attributes
                0x00000c64       0x2a /opt/devkitpro/devkitARM/bin/../lib/gcc/arm-none-eabi/13.2.0/thumb/libgcc.a(_udivmoddi4.o)
 .ARM.attributes
                0x00000c8e       0x1c /opt/devkitpro/devkitARM/bin/../lib/gcc/arm-none-eabi/13.2.0/thumb/libgcc.a(_clzdi2.o)
 .ARM.attributes
                0x00000caa       0x1c /opt/devkitpro/devkitARM/bin/../lib/gcc/arm-none-eabi/13.2.0/thumb/libgcc.a(_clzsi2.o)
 .ARM.attributes
                0x00000cc6       0x2a /opt/devkitpro/devkitARM/bin/../lib/gcc/arm-none-eabi/13.2.0/thumb/crtend.o
 .ARM.attributes
                0x00000cf0       0x1c /opt/devkitpro/devkitARM/bin/../lib/gcc/arm-none-eabi/13.2.0/thumb/crtn.o

.debug
 *(.debug)

.line
 *(.line)

.debug_srcinfo
 *(.debug_srcinfo)

.debug_sfnames
 *(.debug_sfnames)

.debug_aranges  0x00000000      0x4e0
 *(.debug_aranges)
 .debug_aranges
                0x00000000       0x20 main.o
 .debug_aranges
                0x00000020       0x80 /opt/devkitpro/libnds/lib/libnds9.a(console.o)
 .debug_aranges
                0x000000a0       0x30 /opt/devkitpro/libnds/lib/libnds9.a(initSystem.o)
 .debug_aranges
                0x000000d0       0x18 /opt/devkitpro/libnds/lib/libnds9.a(securearea.o)
 .debug_aranges
                0x000000e8       0x50 /opt/devkitpro/libnds/lib/libnds9.a(interrupts.o)
 .debug_aranges
                0x00000138       0x28 /opt/devkitpro/libnds/lib/libnds9.a(libnds_exit.arm.o)
 .debug_aranges
                0x00000160       0xb0 /opt/devkitpro/libnds/lib/libnds9.a(fifosystem.o)
 .debug_aranges
                0x00000210       0x30 /opt/devkitpro/libnds/lib/libnds9.a(mpu_setup.o)
 .debug_aranges
                0x00000240       0x28 /opt/devkitpro/libnds/lib/libnds9.a(IntrWait.o)
 .debug_aranges
                0x00000268       0x20 /opt/devkitpro/libnds/lib/libnds9.a(cpu_clock.o)
 .debug_aranges
                0x00000288       0x20 /opt/devkitpro/libnds/lib/libnds9.a(interruptDispatcher.o)
 .debug_aranges
                0x000002a8       0xc8 /opt/devkitpro/libnds/lib/libnds9.a(biosCalls.o)
 .debug_aranges
                0x00000370       0x20 /opt/devkitpro/libnds/lib/libnds9.a(swiSoftReset.o)
 .debug_aranges
                0x00000390       0x40 /opt/devkitpro/libnds/lib/libnds9.a(background.o)
 .debug_aranges
                0x000003d0       0x60 /opt/devkitpro/libnds/lib/libnds9.a(trig.o)
 .debug_aranges
                0x00000430       0x48 /opt/devkitpro/libnds/lib/libnds9.a(video.o)
 .debug_aranges
                0x00000478       0x68 /opt/devkitpro/libnds/lib/libnds9.a(system.o)

.debug_pubnames
 *(.debug_pubnames)

.debug_info     0x00000000     0x853e
 *(.debug_info)
 .debug_info    0x00000000      0x5bc main.o
 .debug_info    0x000005bc     0x26ac /opt/devkitpro/libnds/lib/libnds9.a(console.o)
 .debug_info    0x00002c68     0x113e /opt/devkitpro/libnds/lib/libnds9.a(initSystem.o)
 .debug_info    0x00003da6       0x5a /opt/devkitpro/libnds/lib/libnds9.a(securearea.o)
 .debug_info    0x00003e00      0x68d /opt/devkitpro/libnds/lib/libnds9.a(interrupts.o)
 .debug_info    0x0000448d      0x367 /opt/devkitpro/libnds/lib/libnds9.a(libnds_exit.arm.o)
 .debug_info    0x000047f4     0x183f /opt/devkitpro/libnds/lib/libnds9.a(fifosystem.o)
 .debug_info    0x00006033       0x23 /opt/devkitpro/libnds/lib/libnds9.a(mpu_setup.o)
 .debug_info    0x00006056       0x23 /opt/devkitpro/libnds/lib/libnds9.a(IntrWait.o)
 .debug_info    0x00006079       0x24 /opt/devkitpro/libnds/lib/libnds9.a(cpu_clock.o)
 .debug_info    0x0000609d       0x25 /opt/devkitpro/libnds/lib/libnds9.a(interruptDispatcher.o)
 .debug_info    0x000060c2       0x23 /opt/devkitpro/libnds/lib/libnds9.a(biosCalls.o)
 .debug_info    0x000060e5       0x24 /opt/devkitpro/libnds/lib/libnds9.a(swiSoftReset.o)
 .debug_info    0x00006109      0xa9c /opt/devkitpro/libnds/lib/libnds9.a(background.o)
 .debug_info    0x00006ba5      0x793 /opt/devkitpro/libnds/lib/libnds9.a(trig.o)
 .debug_info    0x00007338      0x790 /opt/devkitpro/libnds/lib/libnds9.a(video.o)
 .debug_info    0x00007ac8      0xa76 /opt/devkitpro/libnds/lib/libnds9.a(system.o)

.debug_abbrev   0x00000000     0x203b
 *(.debug_abbrev)
 .debug_abbrev  0x00000000      0x16d main.o
 .debug_abbrev  0x0000016d      0x5b3 /opt/devkitpro/libnds/lib/libnds9.a(console.o)
 .debug_abbrev  0x00000720      0x3e1 /opt/devkitpro/libnds/lib/libnds9.a(initSystem.o)
 .debug_abbrev  0x00000b01       0x47 /opt/devkitpro/libnds/lib/libnds9.a(securearea.o)
 .debug_abbrev  0x00000b48      0x2da /opt/devkitpro/libnds/lib/libnds9.a(interrupts.o)
 .debug_abbrev  0x00000e22      0x1ad /opt/devkitpro/libnds/lib/libnds9.a(libnds_exit.arm.o)
 .debug_abbrev  0x00000fcf      0x4bb /opt/devkitpro/libnds/lib/libnds9.a(fifosystem.o)
 .debug_abbrev  0x0000148a       0x12 /opt/devkitpro/libnds/lib/libnds9.a(mpu_setup.o)
 .debug_abbrev  0x0000149c       0x12 /opt/devkitpro/libnds/lib/libnds9.a(IntrWait.o)
 .debug_abbrev  0x000014ae       0x14 /opt/devkitpro/libnds/lib/libnds9.a(cpu_clock.o)
 .debug_abbrev  0x000014c2       0x14 /opt/devkitpro/libnds/lib/libnds9.a(interruptDispatcher.o)
 .debug_abbrev  0x000014d6       0x12 /opt/devkitpro/libnds/lib/libnds9.a(biosCalls.o)
 .debug_abbrev  0x000014e8       0x14 /opt/devkitpro/libnds/lib/libnds9.a(swiSoftReset.o)
 .debug_abbrev  0x000014fc      0x366 /opt/devkitpro/libnds/lib/libnds9.a(background.o)
 .debug_abbrev  0x00001862      0x26e /opt/devkitpro/libnds/lib/libnds9.a(trig.o)
 .debug_abbrev  0x00001ad0      0x24c /opt/devkitpro/libnds/lib/libnds9.a(video.o)
 .debug_abbrev  0x00001d1c      0x31f /opt/devkitpro/libnds/lib/libnds9.a(system.o)

.debug_line     0x00000000     0x5579
 *(.debug_line)
 .debug_line    0x00000000      0x197 main.o
 .debug_line    0x00000197     0x1414 /opt/devkitpro/libnds/lib/libnds9.a(console.o)
 .debug_line    0x000015ab      0x597 /opt/devkitpro/libnds/lib/libnds9.a(initSystem.o)
 .debug_line    0x00001b42       0x8f /opt/devkitpro/libnds/lib/libnds9.a(securearea.o)
 .debug_line    0x00001bd1      0x54c /opt/devkitpro/libnds/lib/libnds9.a(interrupts.o)
 .debug_line    0x0000211d      0x23b /opt/devkitpro/libnds/lib/libnds9.a(libnds_exit.arm.o)
 .debug_line    0x00002358     0x14f5 /opt/devkitpro/libnds/lib/libnds9.a(fifosystem.o)
 .debug_line    0x0000384d       0xe8 /opt/devkitpro/libnds/lib/libnds9.a(mpu_setup.o)
 .debug_line    0x00003935       0x74 /opt/devkitpro/libnds/lib/libnds9.a(IntrWait.o)
 .debug_line    0x000039a9       0x5c /opt/devkitpro/libnds/lib/libnds9.a(cpu_clock.o)
 .debug_line    0x00003a05       0x80 /opt/devkitpro/libnds/lib/libnds9.a(interruptDispatcher.o)
 .debug_line    0x00003a85      0x1b0 /opt/devkitpro/libnds/lib/libnds9.a(biosCalls.o)
 .debug_line    0x00003c35       0x57 /opt/devkitpro/libnds/lib/libnds9.a(swiSoftReset.o)
 .debug_line    0x00003c8c      0x725 /opt/devkitpro/libnds/lib/libnds9.a(background.o)
 .debug_line    0x000043b1      0x837 /opt/devkitpro/libnds/lib/libnds9.a(trig.o)
 .debug_line    0x00004be8      0x4b5 /opt/devkitpro/libnds/lib/libnds9.a(video.o)
 .debug_line    0x0000509d      0x4dc /opt/devkitpro/libnds/lib/libnds9.a(system.o)

.debug_frame    0x00000000      0x8b8
 *(.debug_frame)
 .debug_frame   0x00000000       0x28 main.o
 .debug_frame   0x00000028      0x180 /opt/devkitpro/libnds/lib/libnds9.a(console.o)
 .debug_frame   0x000001a8       0x5c /opt/devkitpro/libnds/lib/libnds9.a(initSystem.o)
 .debug_frame   0x00000204       0xa4 /opt/devkitpro/libnds/lib/libnds9.a(interrupts.o)
 .debug_frame   0x000002a8       0x38 /opt/devkitpro/libnds/lib/libnds9.a(libnds_exit.arm.o)
 .debug_frame   0x000002e0      0x294 /opt/devkitpro/libnds/lib/libnds9.a(fifosystem.o)
 .debug_frame   0x00000574       0xb8 /opt/devkitpro/libnds/lib/libnds9.a(background.o)
 .debug_frame   0x0000062c       0xd8 /opt/devkitpro/libnds/lib/libnds9.a(trig.o)
 .debug_frame   0x00000704       0xbc /opt/devkitpro/libnds/lib/libnds9.a(video.o)
 .debug_frame   0x000007c0       0xf8 /opt/devkitpro/libnds/lib/libnds9.a(system.o)

.debug_str      0x00000000     0x3275
 *(.debug_str)
 .debug_str     0x00000000     0x3275 main.o
                                0x542 (size before relaxing)
 .debug_str     0x00003275     0x1282 /opt/devkitpro/libnds/lib/libnds9.a(console.o)
 .debug_str     0x00003275      0xb81 /opt/devkitpro/libnds/lib/libnds9.a(initSystem.o)
 .debug_str     0x00003275      0x16e /opt/devkitpro/libnds/lib/libnds9.a(securearea.o)
 .debug_str     0x00003275      0x496 /opt/devkitpro/libnds/lib/libnds9.a(interrupts.o)
 .debug_str     0x00003275      0x3e5 /opt/devkitpro/libnds/lib/libnds9.a(libnds_exit.arm.o)
 .debug_str     0x00003275      0x8a9 /opt/devkitpro/libnds/lib/libnds9.a(fifosystem.o)
 .debug_str     0x00003275       0x6c /opt/devkitpro/libnds/lib/libnds9.a(mpu_setup.o)
 .debug_str     0x00003275       0x6b /opt/devkitpro/libnds/lib/libnds9.a(IntrWait.o)
 .debug_str     0x00003275       0x6c /opt/devkitpro/libnds/lib/libnds9.a(cpu_clock.o)
 .debug_str     0x00003275       0x76 /opt/devkitpro/libnds/lib/libnds9.a(interruptDispatcher.o)
 .debug_str     0x00003275       0x6c /opt/devkitpro/libnds/lib/libnds9.a(biosCalls.o)
 .debug_str     0x00003275       0x6f /opt/devkitpro/libnds/lib/libnds9.a(swiSoftReset.o)
 .debug_str     0x00003275      0x7a2 /opt/devkitpro/libnds/lib/libnds9.a(background.o)
 .debug_str     0x00003275      0x2fc /opt/devkitpro/libnds/lib/libnds9.a(trig.o)
 .debug_str     0x00003275      0xc53 /opt/devkitpro/libnds/lib/libnds9.a(video.o)
 .debug_str     0x00003275      0x798 /opt/devkitpro/libnds/lib/libnds9.a(system.o)

.debug_loc
 *(.debug_loc)

.debug_macinfo
 *(.debug_macinfo)

.debug_weaknames
 *(.debug_weaknames)

.debug_funcnames
 *(.debug_funcnames)

.debug_typenames
 *(.debug_typenames)

.debug_varnames
 *(.debug_varnames)

.stack          0x00080000        0x0
                0x00080000                        _stack = .
 *(.stack)
LOAD /opt/devkitpro/devkitARM/bin/../lib/gcc/arm-none-eabi/13.2.0/../../../../arm-none-eabi/lib/thumb/ds_arm9_crt0.o
LOAD /opt/devkitpro/devkitARM/bin/../lib/gcc/arm-none-eabi/13.2.0/thumb/crti.o
LOAD /opt/devkitpro/devkitARM/bin/../lib/gcc/arm-none-eabi/13.2.0/thumb/crtbegin.o
LOAD soundbank.bin.o
LOAD main.o
LOAD /opt/devkitpro/libnds/lib/libnds9.a
LOAD /opt/devkitpro/libnds/lib/libmm9.a
LOAD /opt/devkitpro/devkitARM/bin/../lib/gcc/arm-none-eabi/13.2.0/../../../../arm-none-eabi/lib/thumb/libm.a
START GROUP
LOAD /opt/devkitpro/devkitARM/bin/../lib/gcc/arm-none-eabi/13.2.0/thumb/libgcc.a
LOAD /opt/devkitpro/devkitARM/bin/../lib/gcc/arm-none-eabi/13.2.0/../../../../arm-none-eabi/lib/thumb/libg.a
LOAD /opt/devkitpro/devkitARM/bin/../lib/gcc/arm-none-eabi/13.2.0/../../../../arm-none-eabi/lib/thumb/libc.a
LOAD /opt/devkitpro/devkitARM/bin/../lib/gcc/arm-none-eabi/13.2.0/../../../../arm-none-eabi/lib/thumb/libsysbase.a
END GROUP
LOAD /opt/devkitpro/devkitARM/bin/../lib/gcc/arm-none-eabi/13.2.0/thumb/crtend.o
LOAD /opt/devkitpro/devkitARM/bin/../lib/gcc/arm-none-eabi/13.2.0/thumb/crtn.o
OUTPUT(/Users/thomasonzhou/repos/workspace-mac/Final_Project/Final_Project.elf elf32-littlearm)
LOAD linker stubs

.debug_loclists
                0x00000000     0x2d6e
 .debug_loclists
                0x00000000      0xf6c /opt/devkitpro/libnds/lib/libnds9.a(console.o)
 .debug_loclists
                0x00000f6c       0xc5 /opt/devkitpro/libnds/lib/libnds9.a(initSystem.o)
 .debug_loclists
                0x00001031      0x1a5 /opt/devkitpro/libnds/lib/libnds9.a(interrupts.o)
 .debug_loclists
                0x000011d6       0x48 /opt/devkitpro/libnds/lib/libnds9.a(libnds_exit.arm.o)
 .debug_loclists
                0x0000121e      0xe1a /opt/devkitpro/libnds/lib/libnds9.a(fifosystem.o)
 .debug_loclists
                0x00002038      0x2a3 /opt/devkitpro/libnds/lib/libnds9.a(background.o)
 .debug_loclists
                0x000022db      0x779 /opt/devkitpro/libnds/lib/libnds9.a(trig.o)
 .debug_loclists
                0x00002a54      0x1da /opt/devkitpro/libnds/lib/libnds9.a(video.o)
 .debug_loclists
                0x00002c2e      0x140 /opt/devkitpro/libnds/lib/libnds9.a(system.o)

.debug_rnglists
                0x00000000      0x7e0
 .debug_rnglists
                0x00000000      0x20e /opt/devkitpro/libnds/lib/libnds9.a(console.o)
 .debug_rnglists
                0x0000020e       0x20 /opt/devkitpro/libnds/lib/libnds9.a(initSystem.o)
 .debug_rnglists
                0x0000022e       0x8b /opt/devkitpro/libnds/lib/libnds9.a(interrupts.o)
 .debug_rnglists
                0x000002b9       0x19 /opt/devkitpro/libnds/lib/libnds9.a(libnds_exit.arm.o)
 .debug_rnglists
                0x000002d2      0x2a4 /opt/devkitpro/libnds/lib/libnds9.a(fifosystem.o)
 .debug_rnglists
                0x00000576       0x20 /opt/devkitpro/libnds/lib/libnds9.a(mpu_setup.o)
 .debug_rnglists
                0x00000596       0x19 /opt/devkitpro/libnds/lib/libnds9.a(IntrWait.o)
 .debug_rnglists
                0x000005af       0x91 /opt/devkitpro/libnds/lib/libnds9.a(biosCalls.o)
 .debug_rnglists
                0x00000640       0x7c /opt/devkitpro/libnds/lib/libnds9.a(background.o)
 .debug_rnglists
                0x000006bc       0x9d /opt/devkitpro/libnds/lib/libnds9.a(trig.o)
 .debug_rnglists
                0x00000759       0x3e /opt/devkitpro/libnds/lib/libnds9.a(video.o)
 .debug_rnglists
                0x00000797       0x49 /opt/devkitpro/libnds/lib/libnds9.a(system.o)

.debug_line_str
                0x00000000      0x113
 .debug_line_str
                0x00000000      0x113 /opt/devkitpro/libnds/lib/libnds9.a(mpu_setup.o)
                                 0xdc (size before relaxing)
 .debug_line_str
                0x00000113       0xda /opt/devkitpro/libnds/lib/libnds9.a(IntrWait.o)
 .debug_line_str
                0x00000113       0xdc /opt/devkitpro/libnds/lib/libnds9.a(cpu_clock.o)
 .debug_line_str
                0x00000113       0xe6 /opt/devkitpro/libnds/lib/libnds9.a(interruptDispatcher.o)
 .debug_line_str
                0x00000113       0xd2 /opt/devkitpro/libnds/lib/libnds9.a(biosCalls.o)
 .debug_line_str
                0x00000113       0xd8 /opt/devkitpro/libnds/lib/libnds9.a(swiSoftReset.o)
